Archive member included to satisfy reference by file (symbol)

c:/devkitPro/libctru/lib\libctru.a(console.o)
                              main.o (consoleInit)
c:/devkitPro/libctru/lib\libctru.a(gfx.o)
                              c:/devkitPro/libctru/lib\libctru.a(console.o) (gfxSetScreenFormat)
c:/devkitPro/libctru/lib\libctru.a(gx.o)
                              c:/devkitPro/libctru/lib\libctru.a(gfx.o) (gxCmdBuf)
c:/devkitPro/libctru/lib\libctru.a(apt.o)
                              main.o (aptMainLoop)
c:/devkitPro/libctru/lib\libctru.a(gspgpu.o)
                              c:/devkitPro/libctru/lib\libctru.a(gfx.o) (gspInit)
c:/devkitPro/libctru/lib\libctru.a(initArgv.o)
                              c:/devkitpro/devkitarm/bin/../lib/gcc/arm-none-eabi/6.3.0/../../../../arm-none-eabi/lib/armv6k/fpu/3dsx_crt0.o (__system_argc)
c:/devkitPro/libctru/lib\libctru.a(initSystem.o)
                              c:/devkitPro/libctru/lib\libctru.a(apt.o) (__system_retAddr)
c:/devkitPro/libctru/lib\libctru.a(syscalls.o)
                              c:/devkitPro/libctru/lib\libctru.a(initSystem.o) (__system_initSyscalls)
c:/devkitPro/libctru/lib\libctru.a(svc.o)
                              c:/devkitPro/libctru/lib\libctru.a(apt.o) (svcExitProcess)
c:/devkitPro/libctru/lib\libctru.a(stack_adjust.o)
                              c:/devkitpro/devkitarm/bin/../lib/gcc/arm-none-eabi/6.3.0/../../../../arm-none-eabi/lib/armv6k/fpu/3dsx_crt0.o (initSystem)
c:/devkitPro/libctru/lib\libctru.a(default_font.bin.o)
                              c:/devkitPro/libctru/lib\libctru.a(console.o) (default_font_bin)
c:/devkitPro/libctru/lib\libctru.a(linear.o)
                              c:/devkitPro/libctru/lib\libctru.a(gfx.o) (linearAlloc)
c:/devkitPro/libctru/lib\libctru.a(mappable.o)
                              c:/devkitPro/libctru/lib\libctru.a(gfx.o) (mappableAlloc)
c:/devkitPro/libctru/lib\libctru.a(mem_pool.o)
                              c:/devkitPro/libctru/lib\libctru.a(linear.o) (MemPool::Allocate(MemChunk&, unsigned long, int))
c:/devkitPro/libctru/lib\libctru.a(vram.o)
                              c:/devkitPro/libctru/lib\libctru.a(gfx.o) (vramAlloc)
c:/devkitPro/libctru/lib\libctru.a(os.o)
                              c:/devkitPro/libctru/lib\libctru.a(syscalls.o) (__libctru_gtod)
c:/devkitPro/libctru/lib\libctru.a(srv.o)
                              c:/devkitPro/libctru/lib\libctru.a(apt.o) (srvInit)
c:/devkitPro/libctru/lib\libctru.a(synchronization.o)
                              c:/devkitPro/libctru/lib\libctru.a(initSystem.o) (__sync_init)
c:/devkitPro/libctru/lib\libctru.a(thread.o)
                              c:/devkitPro/libctru/lib\libctru.a(apt.o) (threadCreate)
c:/devkitPro/libctru/lib\libctru.a(ptmsysm.o)
                              c:/devkitPro/libctru/lib\libctru.a(os.o) (ptmSysmInit)
c:/devkitPro/libctru/lib\libctru.a(rbtree_find.o)
                              c:/devkitPro/libctru/lib\libctru.a(linear.o) (rbtree_find)
c:/devkitPro/libctru/lib\libctru.a(rbtree_init.o)
                              c:/devkitPro/libctru/lib\libctru.a(linear.o) (rbtree_init)
c:/devkitPro/libctru/lib\libctru.a(rbtree_insert.o)
                              c:/devkitPro/libctru/lib\libctru.a(linear.o) (rbtree_insert)
c:/devkitPro/libctru/lib\libctru.a(rbtree_remove.o)
                              c:/devkitPro/libctru/lib\libctru.a(linear.o) (rbtree_remove)
c:/devkitPro/libctru/lib\libctru.a(rbtree_rotate.o)
                              c:/devkitPro/libctru/lib\libctru.a(rbtree_insert.o) (rbtree_rotate)
c:/devkitPro/libctru/lib\libctru.a(allocateHeaps.o)
                              c:/devkitPro/libctru/lib\libctru.a(initSystem.o) (__system_allocateHeaps)
c:/devkitPro/libctru/lib\libctru.a(appExit.o)
                              c:/devkitPro/libctru/lib\libctru.a(stack_adjust.o) (__appExit)
c:/devkitPro/libctru/lib\libctru.a(appInit.o)
                              c:/devkitPro/libctru/lib\libctru.a(stack_adjust.o) (__appInit)
c:/devkitPro/libctru/lib\libctru.a(ctru_exit.o)
                              c:/devkitPro/libctru/lib\libctru.a(stack_adjust.o) (__libctru_exit)
c:/devkitPro/libctru/lib\libctru.a(env.o)
                              c:/devkitPro/libctru/lib\libctru.a(srv.o) (envGetHandle)
c:/devkitPro/libctru/lib\libctru.a(sdmc_dev.o)
                              c:/devkitPro/libctru/lib\libctru.a(appInit.o) (sdmcInit)
c:/devkitPro/libctru/lib\libctru.a(fs.o)
                              c:/devkitPro/libctru/lib\libctru.a(appInit.o) (fsInit)
c:/devkitPro/libctru/lib\libctru.a(hid.o)
                              c:/devkitPro/libctru/lib\libctru.a(appExit.o) (hidExit)
c:/devkitPro/libctru/lib\libctru.a(irrst.o)
                              c:/devkitPro/libctru/lib\libctru.a(hid.o) (irrstScanInput)
c:/devkitPro/libctru/lib\libctru.a(rbtree_iterator.o)
[...]
Memory Configuration

Name             Origin             Length             Attributes
*default*        0x00000000         0xffffffff

Linker script and memory map

                0x00100000                PROVIDE (__start__, 0x100000)
                0x00100000                . = __start__

.text           0x00100000    0x1f414
 *(.crt0)
 .crt0          0x00100000       0x94 c:/devkitpro/devkitarm/bin/../lib/gcc/arm-none-eabi/6.3.0/../../../../arm-none-eabi/lib/armv6k/fpu/3dsx_crt0.o
                0x00100000                _start
                0x00100008                __service_ptr
                0x0010000c                __apt_appid
                0x00100010                __heap_size
                0x00100014                __linear_heap_size
                0x00100018                __system_arglist
                0x0010001c                __system_runflags
 *(.init)
 .init          0x00100094        0xc c:/devkitpro/devkitarm/bin/../lib/gcc/arm-none-eabi/6.3.0/armv6k/fpu/crti.o
                0x00100094                _init
 .init          0x001000a0        0xc c:/devkitpro/devkitarm/bin/../lib/gcc/arm-none-eabi/6.3.0/armv6k/fpu/crtn.o
                0x001000ac                . = ALIGN (0x4)
 *(.text)
 .text          0x001000ac       0x70 main.o
                0x001000ac                main
 .text          0x0010011c       0x64 c:/devkitPro/libctru/lib\libctru.a(stack_adjust.o)
                0x0010011c                initSystem
                0x00100160                __ctru_exit
 .text          0x00100180      0x240 c:/devkitpro/devkitarm/bin/../lib/gcc/arm-none-eabi/6.3.0/armv6k/fpu\libgcc.a(_divsi3.o)
                0x00100180                __divsi3
                0x00100180                __aeabi_idiv
                0x001003a0                __aeabi_idivmod
 .text          0x001003c0        0x4 c:/devkitpro/devkitarm/bin/../lib/gcc/arm-none-eabi/6.3.0/armv6k/fpu\libgcc.a(_dvmd_tls.o)
                0x001003c0                __aeabi_idiv0
                0x001003c0                __aeabi_ldiv0
 .text          0x001003c4       0x3c c:/devkitpro/devkitarm/bin/../lib/gcc/arm-none-eabi/6.3.0/armv6k/fpu\libgcc.a(_aeabi_uldivmod.o)
                0x001003c4                __aeabi_uldivmod
 .text          0x00100400      0x390 c:/devkitpro/devkitarm/bin/../lib/gcc/arm-none-eabi/6.3.0/../../../../arm-none-eabi/lib/armv6k/fpu\libg.a(lib_a-strcmp.o)
                0x00100408                strcmp
 .text          0x00100790      0x20c c:/devkitpro/devkitarm/bin/../lib/gcc/arm-none-eabi/6.3.0/armv6k/fpu\libgcc.a(_udivsi3.o)
                0x00100790                __aeabi_uidiv
                0x00100790                __udivsi3
                0x0010097c                __aeabi_uidivmod
 *(.text.*)
 .text.deregister_tm_clones
                0x0010099c       0x30 c:/devkitpro/devkitarm/bin/../lib/gcc/arm-none-eabi/6.3.0/armv6k/fpu/crtbegin.o
 .text.register_tm_clones
                0x001009cc       0x38 c:/devkitpro/devkitarm/bin/../lib/gcc/arm-none-eabi/6.3.0/armv6k/fpu/crtbegin.o
 .text.__do_global_dtors_aux
                0x00100a04       0x44 c:/devkitpro/devkitarm/bin/../lib/gcc/arm-none-eabi/6.3.0/armv6k/fpu/crtbegin.o
 .text.frame_dummy
                0x00100a48       0x5c c:/devkitpro/devkitarm/bin/../lib/gcc/arm-none-eabi/6.3.0/armv6k/fpu/crtbegin.o
 .text.consoleDrawChar
                0x00100aa4      0x1b0 c:/devkitPro/libctru/lib\libctru.a(console.o)
                0x00100aa4                consoleDrawChar
 .text.consolePrintChar
                0x00100c54      0x124 c:/devkitPro/libctru/lib\libctru.a(console.o)
                0x00100c54                consolePrintChar
 .text.consoleCls
                0x00100d78      0x190 c:/devkitPro/libctru/lib\libctru.a(console.o)
 .text.consoleInit
                0x00100f08      0x104 c:/devkitPro/libctru/lib\libctru.a(console.o)
                0x00100f08                consoleInit
 .text.consoleClearLine
                0x0010100c      0x144 c:/devkitPro/libctru/lib\libctru.a(console.o)
 .text.newRow   0x00101150       0xbc c:/devkitPro/libctru/lib\libctru.a(console.o)
 .text.con_write
                0x0010120c      0x774 c:/devkitPro/libctru/lib\libctru.a(console.o)
                0x0010120c                con_write
 .text.gfxSetFramebufferInfo.part.0
                0x00101980       0x8c c:/devkitPro/libctru/lib\libctru.a(gfx.o)
 .text.__get_bytes_per_pixel
                0x00101a0c       0x18 c:/devkitPro/libctru/lib\libctru.a(gfx.o)
                0x00101a0c                __get_bytes_per_pixel
 .text.gfxSetScreenFormat
                0x00101a24      0x180 c:/devkitPro/libctru/lib\libctru.a(gfx.o)
                0x00101a24                gfxSetScreenFormat
 .text.gfxSetDoubleBuffering
                0x00101ba4       0x10 c:/devkitPro/libctru/lib\libctru.a(gfx.o)
                0x00101ba4                gfxSetDoubleBuffering
 .text.gfxSetFramebufferInfo
                0x00101bb4       0x70 c:/devkitPro/libctru/lib\libctru.a(gfx.o)
                0x00101bb4                gfxSetFramebufferInfo
 .text.gfxWriteFramebufferInfo
                0x00101c24       0xb0 c:/devkitPro/libctru/lib\libctru.a(gfx.o)
                0x00101c24                gfxWriteFramebufferInfo
 .text.gfxInit  0x00101cd4      0x20c c:/devkitPro/libctru/lib\libctru.a(gfx.o)
                0x00101cd4                gfxInit
 .text.gfxInitDefault
                0x00101ee0       0x10 c:/devkitPro/libctru/lib\libctru.a(gfx.o)
                0x00101ee0                gfxInitDefault
 .text.gfxExit  0x00101ef0       0xe0 c:/devkitPro/libctru/lib\libctru.a(gfx.o)
                0x00101ef0                gfxExit
 .text.gfxGetFramebuffer
                0x00101fd0       0xbc c:/devkitPro/libctru/lib\libctru.a(gfx.o)
                0x00101fd0                gfxGetFramebuffer
 .text.gfxFlushBuffers
                0x0010208c       0xe0 c:/devkitPro/libctru/lib\libctru.a(gfx.o)
                0x0010208c                gfxFlushBuffers
 .text.gfxConfigScreen
                0x0010216c       0x60 c:/devkitPro/libctru/lib\libctru.a(gfx.o)
                0x0010216c                gfxConfigScreen
 .text.gfxSwapBuffersGpu
                0x001021cc       0x20 c:/devkitPro/libctru/lib\libctru.a(gfx.o)
                0x001021cc                gfxSwapBuffersGpu
 .text._aptDebug
                0x001021ec        0x4 c:/devkitPro/libctru/lib\libctru.a(apt.o)
                0x001021ec                _aptDebug
 .text.aptSendCommand
                0x001021f0      0x138 c:/devkitPro/libctru/lib\libctru.a(apt.o)
                0x001021f0                aptSendCommand
 .text.aptExitProcess
                0x00102328       0x3c c:/devkitPro/libctru/lib\libctru.a(apt.o)
 .text.APT_InquireNotification
                0x00102364       0x4c c:/devkitPro/libctru/lib\libctru.a(apt.o)
                0x00102364                APT_InquireNotification
 .text.aptEventHandler
                0x001023b0      0x19c c:/devkitPro/libctru/lib\libctru.a(apt.o)
 .text.APT_AppletUtility
                0x0010254c       0x74 c:/devkitPro/libctru/lib\libctru.a(apt.o)
                0x0010254c                APT_AppletUtility
 .text.aptSetSleepAllowed
                0x001025c0       0xb4 c:/devkitPro/libctru/lib\libctru.a(apt.o)
                0x001025c0                aptSetSleepAllowed
 .text.APT_GlanceParameter
                0x00102674       0xb4 c:/devkitPro/libctru/lib\libctru.a(apt.o)
                0x00102674                APT_GlanceParameter
 .text.APT_ReceiveParameter
                0x00102728       0xc0 c:/devkitPro/libctru/lib\libctru.a(apt.o)
                0x00102728                APT_ReceiveParameter
 .text.aptReceiveParameter.constprop.0
                0x001027e8       0xbc c:/devkitPro/libctru/lib\libctru.a(apt.o)
 *fill*         0x001028a4        0x4 
 .text.aptScreenTransfer
                0x001028a8      0x1ec c:/devkitPro/libctru/lib\libctru.a(apt.o)
 .text.aptWaitForWakeUp
                0x00102a94      0x228 c:/devkitPro/libctru/lib\libctru.a(apt.o)
 .text.APT_CancelParameter
                0x00102cbc       0x70 c:/devkitPro/libctru/lib\libctru.a(apt.o)
                0x00102cbc                APT_CancelParameter
 .text.aptInit  0x00102d2c      0x27c c:/devkitPro/libctru/lib\libctru.a(apt.o)
                0x00102d2c                aptInit
 .text.aptClearParamQueue
                0x00102fa8       0x90 c:/devkitPro/libctru/lib\libctru.a(apt.o)
 .text.aptMainLoop
                0x00103038      0x210 c:/devkitPro/libctru/lib\libctru.a(apt.o)
                0x00103038                aptMainLoop
 .text.aptExit  0x00103248      0x21c c:/devkitPro/libctru/lib\libctru.a(apt.o)
                0x00103248                aptExit
 .text.APT_CheckNew3DS
                0x00103464       0x7c c:/devkitPro/libctru/lib\libctru.a(apt.o)
                0x00103464                APT_CheckNew3DS
 .text.gspInit  0x001034e0       0x74 c:/devkitPro/libctru/lib\libctru.a(gspgpu.o)
                0x001034e0                gspInit
 .text.gspExit  0x00103554       0x3c c:/devkitPro/libctru/lib\libctru.a(gspgpu.o)
                0x00103554                gspExit
 .text.gspInitEventHandler
                0x00103590       0xa0 c:/devkitPro/libctru/lib\libctru.a(gspgpu.o)
                0x00103590                gspInitEventHandler
 .text.gspExitEventHandler
                0x00103630       0x40 c:/devkitPro/libctru/lib\libctru.a(gspgpu.o)
                0x00103630                gspExitEventHandler
 .text.gspWaitForEvent
                0x00103670       0x44 c:/devkitPro/libctru/lib\libctru.a(gspgpu.o)
                0x00103670                gspWaitForEvent
 .text.gxCmdQueueInterrupt
                0x001036b4        0x4 c:/devkitPro/libctru/lib\libctru.a(gspgpu.o)
                0x001036b4                gxCmdQueueInterrupt
 .text.gspEventThreadMain
                0x001036b8      0x17c c:/devkitPro/libctru/lib\libctru.a(gspgpu.o)
 .text.GSPGPU_SetBufferSwap
                0x00103834       0x6c c:/devkitPro/libctru/lib\libctru.a(gspgpu.o)
                0x00103834                GSPGPU_SetBufferSwap
 .text.GSPGPU_FlushDataCache
                0x001038a0       0x4c c:/devkitPro/libctru/lib\libctru.a(gspgpu.o)
                0x001038a0                GSPGPU_FlushDataCache
 .text.GSPGPU_SetLcdForceBlack
                0x001038ec       0x34 c:/devkitPro/libctru/lib\libctru.a(gspgpu.o)
                0x001038ec                GSPGPU_SetLcdForceBlack
 .text.GSPGPU_RegisterInterruptRelayQueue
                0x00103920       0x64 c:/devkitPro/libctru/lib\libctru.a(gspgpu.o)
                0x00103920                GSPGPU_RegisterInterruptRelayQueue
 .text.GSPGPU_UnregisterInterruptRelayQueue
                0x00103984       0x2c c:/devkitPro/libctru/lib\libctru.a(gspgpu.o)
                0x00103984                GSPGPU_UnregisterInterruptRelayQueue
 .text.GSPGPU_AcquireRight
                0x001039b0       0x48 c:/devkitPro/libctru/lib\libctru.a(gspgpu.o)
                0x001039b0                GSPGPU_AcquireRight
 .text.GSPGPU_ReleaseRight
                0x001039f8       0x2c c:/devkitPro/libctru/lib\libctru.a(gspgpu.o)
                0x001039f8                GSPGPU_ReleaseRight
 .text.GSPGPU_ImportDisplayCaptureInfo
                0x00103a24       0x80 c:/devkitPro/libctru/lib\libctru.a(gspgpu.o)
                0x00103a24                GSPGPU_ImportDisplayCaptureInfo
 .text.GSPGPU_SaveVramSysArea
                0x00103aa4       0x2c c:/devkitPro/libctru/lib\libctru.a(gspgpu.o)
                0x00103aa4                GSPGPU_SaveVramSysArea
 .text.GSPGPU_RestoreVramSysArea
                0x00103ad0       0x2c c:/devkitPro/libctru/lib\libctru.a(gspgpu.o)
                0x00103ad0                GSPGPU_RestoreVramSysArea
 .text.__system_initArgv
                0x00103afc       0xe8 c:/devkitPro/libctru/lib\libctru.a(initArgv.o)
                0x00103afc                __system_initArgv
 .text.__libctru_init
                0x00103be4       0x38 c:/devkitPro/libctru/lib\libctru.a(initSystem.o)
                0x00103be4                __libctru_init
 .text.__ctru_get_reent
                0x00103c1c       0x30 c:/devkitPro/libctru/lib\libctru.a(syscalls.o)
 .text.__system_initSyscalls
                0x00103c4c       0xe4 c:/devkitPro/libctru/lib\libctru.a(syscalls.o)
                0x00103c4c                __system_initSyscalls
 .text.svcControlMemory
                0x00103d30       0x20 c:/devkitPro/libctru/lib\libctru.a(svc.o)
                0x00103d30                svcControlMemory
 .text.svcExitProcess
                0x00103d50        0x8 c:/devkitPro/libctru/lib\libctru.a(svc.o)
                0x00103d50                svcExitProcess
 .text.svcCreateThread
                0x00103d58       0x20 c:/devkitPro/libctru/lib\libctru.a(svc.o)
                0x00103d58                svcCreateThread
 .text.svcExitThread
                0x00103d78        0x8 c:/devkitPro/libctru/lib\libctru.a(svc.o)
                0x00103d78                svcExitThread
 .text.svcSleepThread
                0x00103d80        0x8 c:/devkitPro/libctru/lib\libctru.a(svc.o)
                0x00103d80                svcSleepThread
 .text.svcReleaseMutex
                0x00103d88        0x8 c:/devkitPro/libctru/lib\libctru.a(svc.o)
                0x00103d88                svcReleaseMutex
 .text.svcCreateEvent
                0x00103d90       0x14 c:/devkitPro/libctru/lib\libctru.a(svc.o)
                0x00103d90                svcCreateEvent
 .text.svcSignalEvent
                0x00103da4        0x8 c:/devkitPro/libctru/lib\libctru.a(svc.o)
                0x00103da4                svcSignalEvent
 .text.svcClearEvent
                0x00103dac        0x8 c:/devkitPro/libctru/lib\libctru.a(svc.o)
                0x00103dac                svcClearEvent
 .text.svcMapMemoryBlock
                0x00103db4        0x8 c:/devkitPro/libctru/lib\libctru.a(svc.o)
                0x00103db4                svcMapMemoryBlock
 .text.svcUnmapMemoryBlock
                0x00103dbc        0x8 c:/devkitPro/libctru/lib\libctru.a(svc.o)
                0x00103dbc                svcUnmapMemoryBlock
 .text.svcCreateAddressArbiter
                0x00103dc4       0x14 c:/devkitPro/libctru/lib\libctru.a(svc.o)
                0x00103dc4                svcCreateAddressArbiter
 .text.svcArbitrateAddress
                0x00103dd8       0x18 c:/devkitPro/libctru/lib\libctru.a(svc.o)
                0x00103dd8                svcArbitrateAddress
 .text.svcCloseHandle
                0x00103df0        0x8 c:/devkitPro/libctru/lib\libctru.a(svc.o)
                0x00103df0                svcCloseHandle
 .text.svcWaitSynchronization
                0x00103df8        0x8 c:/devkitPro/libctru/lib\libctru.a(svc.o)
                0x00103df8                svcWaitSynchronization
 .text.svcWaitSynchronizationN
                0x00103e00       0x28 c:/devkitPro/libctru/lib\libctru.a(svc.o)
                0x00103e00                svcWaitSynchronizationN
 .text.svcDuplicateHandle
                0x00103e28       0x14 c:/devkitPro/libctru/lib\libctru.a(svc.o)
                0x00103e28                svcDuplicateHandle
 .text.svcGetSystemTick
                0x00103e3c        0x8 c:/devkitPro/libctru/lib\libctru.a(svc.o)
                0x00103e3c                svcGetSystemTick
 .text.svcGetSystemInfo
                0x00103e44       0x18 c:/devkitPro/libctru/lib\libctru.a(svc.o)
                0x00103e44                svcGetSystemInfo
 .text.svcConnectToPort
                0x00103e5c       0x14 c:/devkitPro/libctru/lib\libctru.a(svc.o)
                0x00103e5c                svcConnectToPort
 .text.svcSendSyncRequest
                0x00103e70        0x8 c:/devkitPro/libctru/lib\libctru.a(svc.o)
                0x00103e70                svcSendSyncRequest
 .text.svcBreak
                0x00103e78        0x8 c:/devkitPro/libctru/lib\libctru.a(svc.o)
                0x00103e78                svcBreak
 .text._ZL21addrMapNodeComparatorPK11rbtree_nodeS1_
                0x00103e80       0x24 c:/devkitPro/libctru/lib\libctru.a(linear.o)
 .text._ZL21addrMapNodeDestructorP11rbtree_node
                0x00103ea4        0x4 c:/devkitPro/libctru/lib\libctru.a(linear.o)
 .text.linearMemAlign
                0x00103ea8      0x13c c:/devkitPro/libctru/lib\libctru.a(linear.o)
                0x00103ea8                linearMemAlign
 .text.linearAlloc
                0x00103fe4        0x8 c:/devkitPro/libctru/lib\libctru.a(linear.o)
                0x00103fe4                linearAlloc
 .text.linearFree
                0x00103fec       0x50 c:/devkitPro/libctru/lib\libctru.a(linear.o)
                0x00103fec                linearFree
 .text._ZL21addrMapNodeComparatorPK11rbtree_nodeS1_
                0x0010403c       0x24 c:/devkitPro/libctru/lib\libctru.a(mappable.o)
 .text._ZL21addrMapNodeDestructorP11rbtree_node
                0x00104060        0x4 c:/devkitPro/libctru/lib\libctru.a(mappable.o)
 .text.mappableAlloc
                0x00104064       0xf4 c:/devkitPro/libctru/lib\libctru.a(mappable.o)
                0x00104064                mappableAlloc
 .text.mappableFree
                0x00104158       0x50 c:/devkitPro/libctru/lib\libctru.a(mappable.o)
                0x00104158                mappableFree
 .text._ZN7MemPool13CoalesceRightEP8MemBlock
                0x001041a8       0x98 c:/devkitPro/libctru/lib\libctru.a(mem_pool.o)
                0x001041a8                MemPool::CoalesceRight(MemBlock*)
 .text._ZN7MemPool8AllocateER8MemChunkmi
                0x00104240      0x178 c:/devkitPro/libctru/lib\libctru.a(mem_pool.o)
                0x00104240                MemPool::Allocate(MemChunk&, unsigned long, int)
 .text._ZN7MemPool10DeallocateERK8MemChunk
                0x001043b8      0x100 c:/devkitPro/libctru/lib\libctru.a(mem_pool.o)
                0x001043b8                MemPool::Deallocate(MemChunk const&)
 .text._ZL21addrMapNodeComparatorPK11rbtree_nodeS1_
                0x001044b8       0x24 c:/devkitPro/libctru/lib\libctru.a(vram.o)
 .text._ZL21addrMapNodeDestructorP11rbtree_node
                0x001044dc        0x4 c:/devkitPro/libctru/lib\libctru.a(vram.o)
 .text.vramMemAlign
                0x001044e0      0x12c c:/devkitPro/libctru/lib\libctru.a(vram.o)
                0x001044e0                vramMemAlign
 .text.vramAlloc
                0x0010460c        0x8 c:/devkitPro/libctru/lib\libctru.a(vram.o)
                0x0010460c                vramAlloc
 .text.vramFree
                0x00104614       0x50 c:/devkitPro/libctru/lib\libctru.a(vram.o)
                0x00104614                vramFree
 .text.getSysTime
                0x00104664       0x58 c:/devkitPro/libctru/lib\libctru.a(os.o)
 .text.osGetMemRegionUsed
                0x001046bc       0x24 c:/devkitPro/libctru/lib\libctru.a(os.o)
                0x001046bc                osGetMemRegionUsed
 .text.__libctru_gtod
                0x001046e0       0xf4 c:/devkitPro/libctru/lib\libctru.a(os.o)
                0x001046e0                __libctru_gtod
 .text.__ctru_speedup_config
                0x001047d4       0x34 c:/devkitPro/libctru/lib\libctru.a(os.o)
                0x001047d4                __ctru_speedup_config
 .text.srvExit  0x00104808       0x58 c:/devkitPro/libctru/lib\libctru.a(srv.o)
                0x00104808                srvExit
 .text.srvRegisterClient
                0x00104860       0x38 c:/devkitPro/libctru/lib\libctru.a(srv.o)
                0x00104860                srvRegisterClient
 .text.srvInit  0x00104898       0x7c c:/devkitPro/libctru/lib\libctru.a(srv.o)
                0x00104898                srvInit
 .text.srvGetServiceHandleDirect
                0x00104914       0x68 c:/devkitPro/libctru/lib\libctru.a(srv.o)
                0x00104914                srvGetServiceHandleDirect
 .text.srvGetServiceHandle
                0x0010497c       0x38 c:/devkitPro/libctru/lib\libctru.a(srv.o)
                0x0010497c                srvGetServiceHandle
 .text.LightLock_Unlock.part.1
                0x001049b4       0x34 c:/devkitPro/libctru/lib\libctru.a(synchronization.o)
 .text.__sync_init
                0x001049e8        0xc c:/devkitPro/libctru/lib\libctru.a(synchronization.o)
                0x001049e8                __sync_init
 .text.__sync_fini
                0x001049f4       0x18 c:/devkitPro/libctru/lib\libctru.a(synchronization.o)
                0x001049f4                __sync_fini
 .text.__sync_get_arbiter
                0x00104a0c       0x10 c:/devkitPro/libctru/lib\libctru.a(synchronization.o)
                0x00104a0c                __sync_get_arbiter
 .text.LightLock_Init
                0x00104a1c       0x18 c:/devkitPro/libctru/lib\libctru.a(synchronization.o)
                0x00104a1c                LightLock_Init
 .text.LightLock_Lock
                0x00104a34       0xa0 c:/devkitPro/libctru/lib\libctru.a(synchronization.o)
                0x00104a34                LightLock_Lock
 .text.LightLock_TryLock
                0x00104ad4       0x34 c:/devkitPro/libctru/lib\libctru.a(synchronization.o)
                0x00104ad4                LightLock_TryLock
 .text.LightLock_Unlock
                0x00104b08       0x20 c:/devkitPro/libctru/lib\libctru.a(synchronization.o)
                0x00104b08                LightLock_Unlock
 .text.RecursiveLock_Init
                0x00104b28       0x24 c:/devkitPro/libctru/lib\libctru.a(synchronization.o)
                0x00104b28                RecursiveLock_Init
 .text.RecursiveLock_Lock
                0x00104b4c       0x30 c:/devkitPro/libctru/lib\libctru.a(synchronization.o)
                0x00104b4c                RecursiveLock_Lock
 .text.RecursiveLock_TryLock
                0x00104b7c       0x58 c:/devkitPro/libctru/lib\libctru.a(synchronization.o)
                0x00104b7c                RecursiveLock_TryLock
 .text.RecursiveLock_Unlock
                0x00104bd4       0x38 c:/devkitPro/libctru/lib\libctru.a(synchronization.o)
                0x00104bd4                RecursiveLock_Unlock
 .text.LightEvent_Init
                0x00104c0c       0x38 c:/devkitPro/libctru/lib\libctru.a(synchronization.o)
                0x00104c0c                LightEvent_Init
 .text.LightEvent_Clear
                0x00104c44       0x7c c:/devkitPro/libctru/lib\libctru.a(synchronization.o)
                0x00104c44                LightEvent_Clear
 .text.LightEvent_Signal
                0x00104cc0       0xdc c:/devkitPro/libctru/lib\libctru.a(synchronization.o)
                0x00104cc0                LightEvent_Signal
 .text.LightEvent_Wait
                0x00104d9c       0xd0 c:/devkitPro/libctru/lib\libctru.a(synchronization.o)
                0x00104d9c                LightEvent_Wait
 .text.threadFree.part.0
                0x00104e6c       0x1c c:/devkitPro/libctru/lib\libctru.a(thread.o)
 .text.threadCreate
                0x00104e88      0x1bc c:/devkitPro/libctru/lib\libctru.a(thread.o)
                0x00104e88                threadCreate
 .text.threadJoin
                0x00105044       0x24 c:/devkitPro/libctru/lib\libctru.a(thread.o)
                0x00105044                threadJoin
 .text.threadExit
                0x00105068       0x64 c:/devkitPro/libctru/lib\libctru.a(thread.o)
                0x00105068                threadExit
 .text._thread_begin
                0x001050cc       0x40 c:/devkitPro/libctru/lib\libctru.a(thread.o)
 .text.ptmSysmInit
                0x0010510c       0x74 c:/devkitPro/libctru/lib\libctru.a(ptmsysm.o)
                0x0010510c                ptmSysmInit
 .text.ptmSysmExit
                0x00105180       0x3c c:/devkitPro/libctru/lib\libctru.a(ptmsysm.o)
                0x00105180                ptmSysmExit
 .text.PTMSYSM_ConfigureNew3DSCPU
                0x001051bc       0x34 c:/devkitPro/libctru/lib\libctru.a(ptmsysm.o)
                0x001051bc                PTMSYSM_ConfigureNew3DSCPU
 .text.rbtree_find
                0x001051f0       0x70 c:/devkitPro/libctru/lib\libctru.a(rbtree_find.o)
                0x001051f0                rbtree_find
 .text.rbtree_init
                0x00105260       0x14 c:/devkitPro/libctru/lib\libctru.a(rbtree_init.o)
                0x00105260                rbtree_init
 .text.do_insert
                0x00105274      0x18c c:/devkitPro/libctru/lib\libctru.a(rbtree_insert.o)
 .text.rbtree_insert
                0x00105400        0x8 c:/devkitPro/libctru/lib\libctru.a(rbtree_insert.o)
                0x00105400                rbtree_insert
 .text.rbtree_remove
                0x00105408      0x324 c:/devkitPro/libctru/lib\libctru.a(rbtree_remove.o)
                0x00105408                rbtree_remove
 .text.rbtree_rotate
                0x0010572c       0x94 c:/devkitPro/libctru/lib\libctru.a(rbtree_rotate.o)
                0x0010572c                rbtree_rotate
 .text.osGetMemRegionSize
                0x001057c0       0x58 c:/devkitPro/libctru/lib\libctru.a(allocateHeaps.o)
 .text.__system_allocateHeaps
                0x00105818      0x104 c:/devkitPro/libctru/lib\libctru.a(allocateHeaps.o)
                0x00105818                __system_allocateHeaps
 .text.__appExit
                0x0010591c       0x1c c:/devkitPro/libctru/lib\libctru.a(appExit.o)
                0x0010591c                __appExit
 .text.__appInit
                0x00105938       0x1c c:/devkitPro/libctru/lib\libctru.a(appInit.o)
                0x00105938                __appInit
 .text.__libctru_exit
                0x00105954       0xa4 c:/devkitPro/libctru/lib\libctru.a(ctru_exit.o)
                0x00105954                __libctru_exit
 .text.envGetHandle
                0x001059f8       0x84 c:/devkitPro/libctru/lib\libctru.a(env.o)
                0x001059f8                envGetHandle
 .text.envDestroyHandles
                0x00105a7c       0x4c c:/devkitPro/libctru/lib\libctru.a(env.o)
                0x00105a7c                envDestroyHandles
 .text.sdmc_link
                0x00105ac8       0x10 c:/devkitPro/libctru/lib\libctru.a(sdmc_dev.o)
 .text.sdmc_dirreset
                0x00105ad8       0x10 c:/devkitPro/libctru/lib\libctru.a(sdmc_dev.o)
 .text.sdmc_fchmod
                0x00105ae8       0x10 c:/devkitPro/libctru/lib\libctru.a(sdmc_dev.o)
 .text.error_cmp
                0x00105af8       0x24 c:/devkitPro/libctru/lib\libctru.a(sdmc_dev.o)
 .text.sdmc_translate_error
                0x00105b1c       0x50 c:/devkitPro/libctru/lib\libctru.a(sdmc_dev.o)
 .text.sdmc_fsync
                0x00105b6c       0x34 c:/devkitPro/libctru/lib\libctru.a(sdmc_dev.o)
 .text.sdmc_ftruncate
                0x00105ba0       0x54 c:/devkitPro/libctru/lib\libctru.a(sdmc_dev.o)
 .text.sdmc_statvfs
                0x00105bf4       0xb8 c:/devkitPro/libctru/lib\libctru.a(sdmc_dev.o)
 .text.sdmc_dirclose
                0x00105cac       0x38 c:/devkitPro/libctru/lib\libctru.a(sdmc_dev.o)
 .text.sdmc_dirnext
                0x00105ce4      0x138 c:/devkitPro/libctru/lib\libctru.a(sdmc_dev.o)
 .text.sdmc_close
                0x00105e1c       0x34 c:/devkitPro/libctru/lib\libctru.a(sdmc_dev.o)
 .text.sdmc_fstat
                0x00105e50       0x74 c:/devkitPro/libctru/lib\libctru.a(sdmc_dev.o)
 .text.sdmc_seek
                0x00105ec4       0xd8 c:/devkitPro/libctru/lib\libctru.a(sdmc_dev.o)
 .text.sdmc_read
                0x00105f9c       0x84 c:/devkitPro/libctru/lib\libctru.a(sdmc_dev.o)
 .text.sdmc_write
                0x00106020       0xb8 c:/devkitPro/libctru/lib\libctru.a(sdmc_dev.o)
 .text.sdmc_utf16path
                0x001060d8      0x1ac c:/devkitPro/libctru/lib\libctru.a(sdmc_dev.o)
 .text.sdmc_rmdir
                0x00106284       0x74 c:/devkitPro/libctru/lib\libctru.a(sdmc_dev.o)
 .text.sdmc_diropen
                0x001062f8       0xa4 c:/devkitPro/libctru/lib\libctru.a(sdmc_dev.o)
 .text.sdmc_chdir
                0x0010639c       0xa0 c:/devkitPro/libctru/lib\libctru.a(sdmc_dev.o)
 .text.sdmc_mkdir
                0x0010643c       0x98 c:/devkitPro/libctru/lib\libctru.a(sdmc_dev.o)
 .text.sdmc_rename
                0x001064d4      0x108 c:/devkitPro/libctru/lib\libctru.a(sdmc_dev.o)
 .text.sdmc_unlink
                0x001065dc       0x74 c:/devkitPro/libctru/lib\libctru.a(sdmc_dev.o)
 .text.sdmc_stat
                0x00106650      0x108 c:/devkitPro/libctru/lib\libctru.a(sdmc_dev.o)
 .text.sdmc_open
                0x00106758      0x188 c:/devkitPro/libctru/lib\libctru.a(sdmc_dev.o)
 .text.sdmc_chmod
                0x001068e0       0x10 c:/devkitPro/libctru/lib\libctru.a(sdmc_dev.o)
 .text.sdmcInit
                0x001068f0      0x160 c:/devkitPro/libctru/lib\libctru.a(sdmc_dev.o)
                0x001068f0                sdmcInit
 .text.sdmcExit
                0x00106a50       0x60 c:/devkitPro/libctru/lib\libctru.a(sdmc_dev.o)
                0x00106a50                sdmcExit
 .text.fsSessionForArchive.part.0
                0x00106ab0       0x28 c:/devkitPro/libctru/lib\libctru.a(fs.o)
 .text.fsInit   0x00106ad8       0xcc c:/devkitPro/libctru/lib\libctru.a(fs.o)
                0x00106ad8                fsInit
 .text.fsExit   0x00106ba4       0x3c c:/devkitPro/libctru/lib\libctru.a(fs.o)
                0x00106ba4                fsExit
 .text.fsExemptFromSession
                0x00106be0       0xa0 c:/devkitPro/libctru/lib\libctru.a(fs.o)
                0x00106be0                fsExemptFromSession
 .text.fsUnexemptFromSession
                0x00106c80       0x50 c:/devkitPro/libctru/lib\libctru.a(fs.o)
                0x00106c80                fsUnexemptFromSession
 .text.FSUSER_OpenFile
                0x00106cd0       0xbc c:/devkitPro/libctru/lib\libctru.a(fs.o)
                0x00106cd0                FSUSER_OpenFile
 .text.FSUSER_DeleteFile
                0x00106d8c       0xa4 c:/devkitPro/libctru/lib\libctru.a(fs.o)
                0x00106d8c                FSUSER_DeleteFile
 .text.FSUSER_RenameFile
                0x00106e30       0xe0 c:/devkitPro/libctru/lib\libctru.a(fs.o)
                0x00106e30                FSUSER_RenameFile
 .text.FSUSER_DeleteDirectory
                0x00106f10       0xa4 c:/devkitPro/libctru/lib\libctru.a(fs.o)
                0x00106f10                FSUSER_DeleteDirectory
 .text.FSUSER_CreateFile
                0x00106fb4       0xbc c:/devkitPro/libctru/lib\libctru.a(fs.o)
                0x00106fb4                FSUSER_CreateFile
 .text.FSUSER_CreateDirectory
                0x00107070       0xac c:/devkitPro/libctru/lib\libctru.a(fs.o)
                0x00107070                FSUSER_CreateDirectory
 .text.FSUSER_RenameDirectory
                0x0010711c       0xe0 c:/devkitPro/libctru/lib\libctru.a(fs.o)
                0x0010711c                FSUSER_RenameDirectory
 .text.FSUSER_OpenDirectory
                0x001071fc       0xa4 c:/devkitPro/libctru/lib\libctru.a(fs.o)
                0x001071fc                FSUSER_OpenDirectory
 .text.FSUSER_OpenArchive
                0x001072a0       0x98 c:/devkitPro/libctru/lib\libctru.a(fs.o)
                0x001072a0                FSUSER_OpenArchive
 .text.FSUSER_CloseArchive
                0x00107338       0x74 c:/devkitPro/libctru/lib\libctru.a(fs.o)
                0x00107338                FSUSER_CloseArchive
 .text.FSUSER_GetSdmcArchiveResource
                0x001073ac       0x78 c:/devkitPro/libctru/lib\libctru.a(fs.o)
                0x001073ac                FSUSER_GetSdmcArchiveResource
 .text.FSUSER_IsSdmcWritable
                0x00107424       0x64 c:/devkitPro/libctru/lib\libctru.a(fs.o)
                0x00107424                FSUSER_IsSdmcWritable
 .text.FSFILE_Read
                0x00107488       0x5c c:/devkitPro/libctru/lib\libctru.a(fs.o)
                0x00107488                FSFILE_Read
 .text.FSFILE_Write
                0x001074e4       0x64 c:/devkitPro/libctru/lib\libctru.a(fs.o)
                0x001074e4                FSFILE_Write
 .text.FSFILE_GetSize
                0x00107548       0x3c c:/devkitPro/libctru/lib\libctru.a(fs.o)
                0x00107548                FSFILE_GetSize
 .text.FSFILE_SetSize
                0x00107584       0x2c c:/devkitPro/libctru/lib\libctru.a(fs.o)
                0x00107584                FSFILE_SetSize
 .text.FSFILE_Close
                0x001075b0       0x3c c:/devkitPro/libctru/lib\libctru.a(fs.o)
                0x001075b0                FSFILE_Close
 .text.FSFILE_Flush
                0x001075ec       0x24 c:/devkitPro/libctru/lib\libctru.a(fs.o)
                0x001075ec                FSFILE_Flush
 .text.FSDIR_Read
                0x00107610       0x54 c:/devkitPro/libctru/lib\libctru.a(fs.o)
                0x00107610                FSDIR_Read
 .text.FSDIR_Close
                0x00107664       0x3c c:/devkitPro/libctru/lib\libctru.a(fs.o)
                0x00107664                FSDIR_Close
 .text.hidExit  0x001076a0       0xd0 c:/devkitPro/libctru/lib\libctru.a(hid.o)
                0x001076a0                hidExit
 .text.HIDUSER_GetHandles
                0x00107770       0x90 c:/devkitPro/libctru/lib\libctru.a(hid.o)
                0x00107770                HIDUSER_GetHandles
 .text.hidInit  0x00107800      0x1ac c:/devkitPro/libctru/lib\libctru.a(hid.o)
                0x00107800                hidInit
 .text.IRRST_GetHandles
                0x001079ac       0x50 c:/devkitPro/libctru/lib\libctru.a(irrst.o)
                0x001079ac                IRRST_GetHandles
 .text.irrstInit
                0x001079fc      0x15c c:/devkitPro/libctru/lib\libctru.a(irrst.o)
                0x001079fc                irrstInit
 .text.IRRST_Shutdown
                0x00107b58       0x2c c:/devkitPro/libctru/lib\libctru.a(irrst.o)
                0x00107b58                IRRST_Shutdown
 .text.irrstExit
                0x00107b84       0xac c:/devkitPro/libctru/lib\libctru.a(irrst.o)
                0x00107b84                irrstExit
 .text.rbtree_node_next
                0x00107c30       0x74 c:/devkitPro/libctru/lib\libctru.a(rbtree_iterator.o)
                0x00107c30                rbtree_node_next
 .text.decode_utf8
                0x00107ca4      0x138 c:/devkitPro/libctru/lib\libctru.a(decode_utf8.o)
                0x00107ca4                decode_utf8
 .text.utf16_to_utf8
                0x00107ddc       0xe8 c:/devkitPro/libctru/lib\libctru.a(utf16_to_utf8.o)
                0x00107ddc                utf16_to_utf8
 .text.utf8_to_utf16
                0x00107ec4       0xc0 c:/devkitPro/libctru/lib\libctru.a(utf8_to_utf16.o)
                0x00107ec4                utf8_to_utf16
 .text.__aeabi_read_tp
                0x00107f84        0xc c:/devkitPro/libctru/lib\libctru.a(readtp.o)
                0x00107f84                __aeabi_read_tp
 .text.decode_utf16
                0x00107f90       0x60 c:/devkitPro/libctru/lib\libctru.a(decode_utf16.o)
                0x00107f90                decode_utf16
 .text.encode_utf16
                0x00107ff0       0x68 c:/devkitPro/libctru/lib\libctru.a(encode_utf16.o)
                0x00107ff0                encode_utf16
 .text.encode_utf8
                0x00108058      0x104 c:/devkitPro/libctru/lib\libctru.a(encode_utf8.o)
                0x00108058                encode_utf8
 .text.__udivmoddi4
                0x0010815c      0x128 c:/devkitpro/devkitarm/bin/../lib/gcc/arm-none-eabi/6.3.0/armv6k/fpu\libgcc.a(_udivmoddi4.o)
                0x0010815c                __udivmoddi4
 .text.bsearch  0x00108284       0x74 c:/devkitpro/devkitarm/bin/../lib/gcc/arm-none-eabi/6.3.0/../../../../arm-none-eabi/lib/armv6k/fpu\libg.a(lib_a-bsearch.o)
                0x00108284                bsearch
 .text.__libc_fini_array
                0x001082f8       0x40 c:/devkitpro/devkitarm/bin/../lib/gcc/arm-none-eabi/6.3.0/../../../../arm-none-eabi/lib/armv6k/fpu\libg.a(lib_a-fini.o)
                0x001082f8                __libc_fini_array
 .text.__libc_init_array
                0x00108338       0x78 c:/devkitpro/devkitarm/bin/../lib/gcc/arm-none-eabi/6.3.0/../../../../arm-none-eabi/lib/armv6k/fpu\libg.a(lib_a-init.o)
                0x00108338                __libc_init_array
 .text.memalign
                0x001083b0       0x20 c:/devkitpro/devkitarm/bin/../lib/gcc/arm-none-eabi/6.3.0/../../../../arm-none-eabi/lib/armv6k/fpu\libg.a(lib_a-malign.o)
                0x001083b0                memalign
 .text._memalign_r
                0x001083d0      0x158 c:/devkitpro/devkitarm/bin/../lib/gcc/arm-none-eabi/6.3.0/../../../../arm-none-eabi/lib/armv6k/fpu\libg.a(lib_a-malignr.o)
                0x001083d0                _memalign_r
 .text.malloc   0x00108528       0x18 c:/devkitpro/devkitarm/bin/../lib/gcc/arm-none-eabi/6.3.0/../../../../arm-none-eabi/lib/armv6k/fpu\libg.a(lib_a-malloc.o)
                0x00108528                malloc
 .text.free     0x00108540       0x18 c:/devkitpro/devkitarm/bin/../lib/gcc/arm-none-eabi/6.3.0/../../../../arm-none-eabi/lib/armv6k/fpu\libg.a(lib_a-malloc.o)
                0x00108540                free
 .text._malloc_r
                0x00108558      0x78c c:/devkitpro/devkitarm/bin/../lib/gcc/arm-none-eabi/6.3.0/../../../../arm-none-eabi/lib/armv6k/fpu\libg.a(lib_a-mallocr.o)
                0x00108558                _malloc_r
 .text.memchr   0x00108ce4      0x104 c:/devkitpro/devkitarm/bin/../lib/gcc/arm-none-eabi/6.3.0/../../../../arm-none-eabi/lib/armv6k/fpu\libg.a(lib_a-memchr-stub.o)
                0x00108ce4                memchr
 .text.memcpy   0x00108de8      0x114 c:/devkitpro/devkitarm/bin/../lib/gcc/arm-none-eabi/6.3.0/../../../../arm-none-eabi/lib/armv6k/fpu\libg.a(lib_a-memcpy-stub.o)
                0x00108de8                memcpy
 .text.memset   0x00108efc      0x110 c:/devkitpro/devkitarm/bin/../lib/gcc/arm-none-eabi/6.3.0/../../../../arm-none-eabi/lib/armv6k/fpu\libg.a(lib_a-memset.o)
                0x00108efc                memset
 .text.__malloc_lock
                0x0010900c        0xc c:/devkitpro/devkitarm/bin/../lib/gcc/arm-none-eabi/6.3.0/../../../../arm-none-eabi/lib/armv6k/fpu\libg.a(lib_a-mlock.o)
                0x0010900c                __malloc_lock
 .text.__malloc_unlock
                0x00109018        0xc c:/devkitpro/devkitarm/bin/../lib/gcc/arm-none-eabi/6.3.0/../../../../arm-none-eabi/lib/armv6k/fpu\libg.a(lib_a-mlock.o)
                0x00109018                __malloc_unlock
 .text.printf   0x00109024       0x38 c:/devkitpro/devkitarm/bin/../lib/gcc/arm-none-eabi/6.3.0/../../../../arm-none-eabi/lib/armv6k/fpu\libg.a(lib_a-printf.o)
                0x00109024                printf
 .text.setvbuf  0x0010905c      0x258 c:/devkitpro/devkitarm/bin/../lib/gcc/arm-none-eabi/6.3.0/../../../../arm-none-eabi/lib/armv6k/fpu\libg.a(lib_a-setvbuf.o)
                0x0010905c                setvbuf
 .text.sscanf   0x001092b4       0x74 c:/devkitpro/devkitarm/bin/../lib/gcc/arm-none-eabi/6.3.0/../../../../arm-none-eabi/lib/armv6k/fpu\libg.a(lib_a-sscanf.o)
                0x001092b4                sscanf
 .text.__sread  0x00109328       0x3c c:/devkitpro/devkitarm/bin/../lib/gcc/arm-none-eabi/6.3.0/../../../../arm-none-eabi/lib/armv6k/fpu\libg.a(lib_a-stdio.o)
                0x00109328                __sread
 .text.__seofread
                0x00109364        0x8 c:/devkitpro/devkitarm/bin/../lib/gcc/arm-none-eabi/6.3.0/../../../../arm-none-eabi/lib/armv6k/fpu\libg.a(lib_a-stdio.o)
                0x00109364                __seofread
 .text.__swrite
                0x0010936c       0x64 c:/devkitpro/devkitarm/bin/../lib/gcc/arm-none-eabi/6.3.0/../../../../arm-none-eabi/lib/armv6k/fpu\libg.a(lib_a-stdio.o)
                0x0010936c                __swrite
 .text.__sseek  0x001093d0       0x4c c:/devkitpro/devkitarm/bin/../lib/gcc/arm-none-eabi/6.3.0/../../../../arm-none-eabi/lib/armv6k/fpu\libg.a(lib_a-stdio.o)
                0x001093d0                __sseek
 .text.__sclose
                0x0010941c        0x8 c:/devkitpro/devkitarm/bin/../lib/gcc/arm-none-eabi/6.3.0/../../../../arm-none-eabi/lib/armv6k/fpu\libg.a(lib_a-stdio.o)
                0x0010941c                __sclose
 .text.strlen   0x00109424       0x5c c:/devkitpro/devkitarm/bin/../lib/gcc/arm-none-eabi/6.3.0/../../../../arm-none-eabi/lib/armv6k/fpu\libg.a(lib_a-strlen-stub.o)
                0x00109424                strlen
 .text.strncat  0x00109480       0x9c c:/devkitpro/devkitarm/bin/../lib/gcc/arm-none-eabi/6.3.0/../../../../arm-none-eabi/lib/armv6k/fpu\libg.a(lib_a-strncat.o)
                0x00109480                strncat
 .text.strncpy  0x0010951c       0xd8 c:/devkitpro/devkitarm/bin/../lib/gcc/arm-none-eabi/6.3.0/../../../../arm-none-eabi/lib/armv6k/fpu\libg.a(lib_a-strncpy.o)
                0x0010951c                strncpy
 .text.__ssvfscanf_r
                0x001095f4     0x290c c:/devkitpro/devkitarm/bin/../lib/gcc/arm-none-eabi/6.3.0/../../../../arm-none-eabi/lib/armv6k/fpu\libg.a(lib_a-svfscanf.o)
                0x001095f4                __ssvfscanf_r
 .text.__sprint_r.part.0
                0x0010bf00       0x1c c:/devkitpro/devkitarm/bin/../lib/gcc/arm-none-eabi/6.3.0/../../../../arm-none-eabi/lib/armv6k/fpu\libg.a(lib_a-vfiprintf.o)
 .text.__sprint_r
                0x0010bf1c       0x1c c:/devkitpro/devkitarm/bin/../lib/gcc/arm-none-eabi/6.3.0/../../../../arm-none-eabi/lib/armv6k/fpu\libg.a(lib_a-vfiprintf.o)
                0x0010bf1c                __sprint_r
 .text.get_arg  0x0010bf38     0x1624 c:/devkitpro/devkitarm/bin/../lib/gcc/arm-none-eabi/6.3.0/../../../../arm-none-eabi/lib/armv6k/fpu\libg.a(lib_a-vfprintf.o)
 *fill*         0x0010d55c        0x4 
 .text._vfprintf_r
                0x0010d560     0x4314 c:/devkitpro/devkitarm/bin/../lib/gcc/arm-none-eabi/6.3.0/../../../../arm-none-eabi/lib/armv6k/fpu\libg.a(lib_a-vfprintf.o)
                0x0010d560                _vfprintf_r
 .text.__sbprintf
                0x00111874       0xcc c:/devkitpro/devkitarm/bin/../lib/gcc/arm-none-eabi/6.3.0/../../../../arm-none-eabi/lib/armv6k/fpu\libg.a(lib_a-vfprintf.o)
 .text._wcrtomb_r
                0x00111940       0xa0 c:/devkitpro/devkitarm/bin/../lib/gcc/arm-none-eabi/6.3.0/../../../../arm-none-eabi/lib/armv6k/fpu\libg.a(lib_a-wcrtomb.o)
                0x00111940                _wcrtomb_r
 .text._wcsrtombs_r
                0x001119e0       0x20 c:/devkitpro/devkitarm/bin/../lib/gcc/arm-none-eabi/6.3.0/../../../../arm-none-eabi/lib/armv6k/fpu\libg.a(lib_a-wcsrtombs.o)
                0x001119e0                _wcsrtombs_r
 .text.__swsetup_r
                0x00111a00      0x144 c:/devkitpro/devkitarm/bin/../lib/gcc/arm-none-eabi/6.3.0/../../../../arm-none-eabi/lib/armv6k/fpu\libg.a(lib_a-wsetup.o)
                0x00111a00                __swsetup_r
 .text.quorem   0x00111b44      0x1d0 c:/devkitpro/devkitarm/bin/../lib/gcc/arm-none-eabi/6.3.0/../../../../arm-none-eabi/lib/armv6k/fpu\libg.a(lib_a-dtoa.o)
 *fill*         0x00111d14        0x4 
 .text._dtoa_r  0x00111d18     0x1260 c:/devkitpro/devkitarm/bin/../lib/gcc/arm-none-eabi/6.3.0/../../../../arm-none-eabi/lib/armv6k/fpu\libg.a(lib_a-dtoa.o)
                0x00111d18                _dtoa_r
 .text.__sflush_r
                0x00112f78      0x254 c:/devkitpro/devkitarm/bin/../lib/gcc/arm-none-eabi/6.3.0/../../../../arm-none-eabi/lib/armv6k/fpu\libg.a(lib_a-fflush.o)
                0x00112f78                __sflush_r
 .text._fflush_r
                0x001131cc       0x94 c:/devkitpro/devkitarm/bin/../lib/gcc/arm-none-eabi/6.3.0/../../../../arm-none-eabi/lib/armv6k/fpu\libg.a(lib_a-fflush.o)
                0x001131cc                _fflush_r
 .text._cleanup_r
                0x00113260        0xc c:/devkitpro/devkitarm/bin/../lib/gcc/arm-none-eabi/6.3.0/../../../../arm-none-eabi/lib/armv6k/fpu\libg.a(lib_a-findfp.o)
                0x00113260                _cleanup_r
 .text.std.isra.0
                0x0011326c       0x80 c:/devkitpro/devkitarm/bin/../lib/gcc/arm-none-eabi/6.3.0/../../../../arm-none-eabi/lib/armv6k/fpu\libg.a(lib_a-findfp.o)
 .text.__sinit  0x001132ec       0x8c c:/devkitpro/devkitarm/bin/../lib/gcc/arm-none-eabi/6.3.0/../../../../arm-none-eabi/lib/armv6k/fpu\libg.a(lib_a-findfp.o)
                0x001132ec                __sinit
 .text.__sfp_lock_acquire
                0x00113378        0xc c:/devkitpro/devkitarm/bin/../lib/gcc/arm-none-eabi/6.3.0/../../../../arm-none-eabi/lib/armv6k/fpu\libg.a(lib_a-findfp.o)
                0x00113378                __sfp_lock_acquire
 .text.__sfp_lock_release
                0x00113384        0xc c:/devkitpro/devkitarm/bin/../lib/gcc/arm-none-eabi/6.3.0/../../../../arm-none-eabi/lib/armv6k/fpu\libg.a(lib_a-findfp.o)
                0x00113384                __sfp_lock_release
 .text._malloc_trim_r
                0x00113390       0xf8 c:/devkitpro/devkitarm/bin/../lib/gcc/arm-none-eabi/6.3.0/../../../../arm-none-eabi/lib/armv6k/fpu\libg.a(lib_a-freer.o)
                0x00113390                _malloc_trim_r
 .text._free_r  0x00113488      0x2e4 c:/devkitpro/devkitarm/bin/../lib/gcc/arm-none-eabi/6.3.0/../../../../arm-none-eabi/lib/armv6k/fpu\libg.a(lib_a-freer.o)
                0x00113488                _free_r
 .text.__sfvwrite_r
                0x0011376c      0x4ac c:/devkitpro/devkitarm/bin/../lib/gcc/arm-none-eabi/6.3.0/../../../../arm-none-eabi/lib/armv6k/fpu\libg.a(lib_a-fvwrite.o)
                0x0011376c                __sfvwrite_r
 .text._fwalk_reent
                0x00113c18       0x80 c:/devkitpro/devkitarm/bin/../lib/gcc/arm-none-eabi/6.3.0/../../../../arm-none-eabi/lib/armv6k/fpu\libg.a(lib_a-fwalk.o)
                0x00113c18                _fwalk_reent
 .text.iswspace
                0x00113c98       0x74 c:/devkitpro/devkitarm/bin/../lib/gcc/arm-none-eabi/6.3.0/../../../../arm-none-eabi/lib/armv6k/fpu\libg.a(lib_a-iswspace.o)
                0x00113c98                iswspace
 .text.__jp2uc  0x00113d0c      0x204 c:/devkitpro/devkitarm/bin/../lib/gcc/arm-none-eabi/6.3.0/../../../../arm-none-eabi/lib/armv6k/fpu\libg.a(lib_a-jp2uc.o)
 .text._jp2uc   0x00113f10       0xc8 c:/devkitpro/devkitarm/bin/../lib/gcc/arm-none-eabi/6.3.0/../../../../arm-none-eabi/lib/armv6k/fpu\libg.a(lib_a-jp2uc.o)
                0x00113f10                _jp2uc
 .text.__localeconv_l
                0x00113fd8        0x8 c:/devkitpro/devkitarm/bin/../lib/gcc/arm-none-eabi/6.3.0/../../../../arm-none-eabi/lib/armv6k/fpu\libg.a(lib_a-localeconv.o)
                0x00113fd8                __localeconv_l
 .text._localeconv_r
                0x00113fe0       0x24 c:/devkitpro/devkitarm/bin/../lib/gcc/arm-none-eabi/6.3.0/../../../../arm-none-eabi/lib/armv6k/fpu\libg.a(lib_a-localeconv.o)
                0x00113fe0                _localeconv_r
 .text.__locale_mb_cur_max
                0x00114004       0x24 c:/devkitpro/devkitarm/bin/../lib/gcc/arm-none-eabi/6.3.0/../../../../arm-none-eabi/lib/armv6k/fpu\libg.a(lib_a-locale.o)
                0x00114004                __locale_mb_cur_max
 .text.__locale_ctype_ptr_l
                0x00114028        0x8 c:/devkitpro/devkitarm/bin/../lib/gcc/arm-none-eabi/6.3.0/../../../../arm-none-eabi/lib/armv6k/fpu\libg.a(lib_a-locale.o)
                0x00114028                __locale_ctype_ptr_l
 .text.__locale_ctype_ptr
                0x00114030       0x24 c:/devkitpro/devkitarm/bin/../lib/gcc/arm-none-eabi/6.3.0/../../../../arm-none-eabi/lib/armv6k/fpu\libg.a(lib_a-locale.o)
                0x00114030                __locale_ctype_ptr
 .text.__swhatbuf_r
                0x00114054       0x94 c:/devkitpro/devkitarm/bin/../lib/gcc/arm-none-eabi/6.3.0/../../../../arm-none-eabi/lib/armv6k/fpu\libg.a(lib_a-makebuf.o)
                0x00114054                __swhatbuf_r
 .text.__smakebuf_r
                0x001140e8       0xf4 c:/devkitpro/devkitarm/bin/../lib/gcc/arm-none-eabi/6.3.0/../../../../arm-none-eabi/lib/armv6k/fpu\libg.a(lib_a-makebuf.o)
                0x001140e8                __smakebuf_r
 .text._mbrtowc_r
                0x001141dc       0xb4 c:/devkitpro/devkitarm/bin/../lib/gcc/arm-none-eabi/6.3.0/../../../../arm-none-eabi/lib/armv6k/fpu\libg.a(lib_a-mbrtowc.o)
                0x001141dc                _mbrtowc_r
 .text.__utf8_mbtowc
                0x00114290      0x300 c:/devkitpro/devkitarm/bin/../lib/gcc/arm-none-eabi/6.3.0/../../../../arm-none-eabi/lib/armv6k/fpu\libg.a(lib_a-mbtowc_r.o)
                0x00114290                __utf8_mbtowc
 .text.memmove  0x00114590      0x148 c:/devkitpro/devkitarm/bin/../lib/gcc/arm-none-eabi/6.3.0/../../../../arm-none-eabi/lib/armv6k/fpu\libg.a(lib_a-memmove.o)
                0x00114590                memmove
 .text._Balloc  0x001146d8       0x88 c:/devkitpro/devkitarm/bin/../lib/gcc/arm-none-eabi/6.3.0/../../../../arm-none-eabi/lib/armv6k/fpu\libg.a(lib_a-mprec.o)
                0x001146d8                _Balloc
 .text._Bfree   0x00114760       0x1c c:/devkitpro/devkitarm/bin/../lib/gcc/arm-none-eabi/6.3.0/../../../../arm-none-eabi/lib/armv6k/fpu\libg.a(lib_a-mprec.o)
                0x00114760                _Bfree
 .text.__multadd
                0x0011477c       0xd8 c:/devkitpro/devkitarm/bin/../lib/gcc/arm-none-eabi/6.3.0/../../../../arm-none-eabi/lib/armv6k/fpu\libg.a(lib_a-mprec.o)
                0x0011477c                __multadd
 .text.__s2b    0x00114854       0xf0 c:/devkitpro/devkitarm/bin/../lib/gcc/arm-none-eabi/6.3.0/../../../../arm-none-eabi/lib/armv6k/fpu\libg.a(lib_a-mprec.o)
                0x00114854                __s2b
 .text.__hi0bits
                0x00114944       0x58 c:/devkitpro/devkitarm/bin/../lib/gcc/arm-none-eabi/6.3.0/../../../../arm-none-eabi/lib/armv6k/fpu\libg.a(lib_a-mprec.o)
                0x00114944                __hi0bits
 .text.__lo0bits
                0x0011499c       0x9c c:/devkitpro/devkitarm/bin/../lib/gcc/arm-none-eabi/6.3.0/../../../../arm-none-eabi/lib/armv6k/fpu\libg.a(lib_a-mprec.o)
                0x0011499c                __lo0bits
 .text.__i2b    0x00114a38       0x20 c:/devkitpro/devkitarm/bin/../lib/gcc/arm-none-eabi/6.3.0/../../../../arm-none-eabi/lib/armv6k/fpu\libg.a(lib_a-mprec.o)
                0x00114a38                __i2b
 .text.__multiply
                0x00114a58      0x1cc c:/devkitpro/devkitarm/bin/../lib/gcc/arm-none-eabi/6.3.0/../../../../arm-none-eabi/lib/armv6k/fpu\libg.a(lib_a-mprec.o)
                0x00114a58                __multiply
 .text.__pow5mult
                0x00114c24      0x100 c:/devkitpro/devkitarm/bin/../lib/gcc/arm-none-eabi/6.3.0/../../../../arm-none-eabi/lib/armv6k/fpu\libg.a(lib_a-mprec.o)
                0x00114c24                __pow5mult
 .text.__lshift
                0x00114d24       0xe4 c:/devkitpro/devkitarm/bin/../lib/gcc/arm-none-eabi/6.3.0/../../../../arm-none-eabi/lib/armv6k/fpu\libg.a(lib_a-mprec.o)
                0x00114d24                __lshift
 .text.__mcmp   0x00114e08       0x60 c:/devkitpro/devkitarm/bin/../lib/gcc/arm-none-eabi/6.3.0/../../../../arm-none-eabi/lib/armv6k/fpu\libg.a(lib_a-mprec.o)
                0x00114e08                __mcmp
 .text.__mdiff  0x00114e68      0x198 c:/devkitpro/devkitarm/bin/../lib/gcc/arm-none-eabi/6.3.0/../../../../arm-none-eabi/lib/armv6k/fpu\libg.a(lib_a-mprec.o)
                0x00114e68                __mdiff
 .text.__ulp    0x00115000       0x78 c:/devkitpro/devkitarm/bin/../lib/gcc/arm-none-eabi/6.3.0/../../../../arm-none-eabi/lib/armv6k/fpu\libg.a(lib_a-mprec.o)
                0x00115000                __ulp
 .text.__b2d    0x00115078       0xd4 c:/devkitpro/devkitarm/bin/../lib/gcc/arm-none-eabi/6.3.0/../../../../arm-none-eabi/lib/armv6k/fpu\libg.a(lib_a-mprec.o)
                0x00115078                __b2d
 .text.__d2b    0x0011514c      0x108 c:/devkitpro/devkitarm/bin/../lib/gcc/arm-none-eabi/6.3.0/../../../../arm-none-eabi/lib/armv6k/fpu\libg.a(lib_a-mprec.o)
                0x0011514c                __d2b
 .text.__ratio  0x00115254       0x7c c:/devkitpro/devkitarm/bin/../lib/gcc/arm-none-eabi/6.3.0/../../../../arm-none-eabi/lib/armv6k/fpu\libg.a(lib_a-mprec.o)
                0x00115254                __ratio
 .text.__copybits
                0x001152d0       0x6c c:/devkitpro/devkitarm/bin/../lib/gcc/arm-none-eabi/6.3.0/../../../../arm-none-eabi/lib/armv6k/fpu\libg.a(lib_a-mprec.o)
                0x001152d0                __copybits
 .text.__any_on
                0x0011533c       0x80 c:/devkitpro/devkitarm/bin/../lib/gcc/arm-none-eabi/6.3.0/../../../../arm-none-eabi/lib/armv6k/fpu\libg.a(lib_a-mprec.o)
                0x0011533c                __any_on
 .text._realloc_r
                0x001153bc      0x4cc c:/devkitpro/devkitarm/bin/../lib/gcc/arm-none-eabi/6.3.0/../../../../arm-none-eabi/lib/armv6k/fpu\libg.a(lib_a-reallocr.o)
                0x001153bc                _realloc_r
 .text.__sccl   0x00115888       0xcc c:/devkitpro/devkitarm/bin/../lib/gcc/arm-none-eabi/6.3.0/../../../../arm-none-eabi/lib/armv6k/fpu\libg.a(lib_a-sccl.o)
                0x00115888                __sccl
 .text.nanf     0x00115954        0xc c:/devkitpro/devkitarm/bin/../lib/gcc/arm-none-eabi/6.3.0/../../../../arm-none-eabi/lib/armv6k/fpu\libg.a(lib_a-sf_nan.o)
                0x00115954                nanf
 .text.frexp    0x00115960       0x9c c:/devkitpro/devkitarm/bin/../lib/gcc/arm-none-eabi/6.3.0/../../../../arm-none-eabi/lib/armv6k/fpu\libg.a(lib_a-s_frexp.o)
                0x00115960                frexp
 .text.sprintf  0x001159fc       0x68 c:/devkitpro/devkitarm/bin/../lib/gcc/arm-none-eabi/6.3.0/../../../../arm-none-eabi/lib/armv6k/fpu\libg.a(lib_a-sprintf.o)
                0x001159fc                sprintf
 .text.stpncpy  0x00115a64      0x100 c:/devkitpro/devkitarm/bin/../lib/gcc/arm-none-eabi/6.3.0/../../../../arm-none-eabi/lib/armv6k/fpu\libg.a(lib_a-stpncpy.o)
                0x00115a64                stpncpy
 .text.strchr   0x00115b64      0x1ac c:/devkitpro/devkitarm/bin/../lib/gcc/arm-none-eabi/6.3.0/../../../../arm-none-eabi/lib/armv6k/fpu\libg.a(lib_a-strchr.o)
                0x00115b64                strchr
 .text.strncmp  0x00115d10      0x108 c:/devkitpro/devkitarm/bin/../lib/gcc/arm-none-eabi/6.3.0/../../../../arm-none-eabi/lib/armv6k/fpu\libg.a(lib_a-strncmp.o)
                0x00115d10                strncmp
 .text.unlikely.sulp
                0x00115e18       0x54 c:/devkitpro/devkitarm/bin/../lib/gcc/arm-none-eabi/6.3.0/../../../../arm-none-eabi/lib/armv6k/fpu\libg.a(lib_a-strtod.o)
 *fill*         0x00115e6c        0x4 
 .text._strtod_l
                0x00115e70     0x1434 c:/devkitpro/devkitarm/bin/../lib/gcc/arm-none-eabi/6.3.0/../../../../arm-none-eabi/lib/armv6k/fpu\libg.a(lib_a-strtod.o)
                0x00115e70                _strtod_l
 .text._strtod_r
                0x001172a4       0x3c c:/devkitpro/devkitarm/bin/../lib/gcc/arm-none-eabi/6.3.0/../../../../arm-none-eabi/lib/armv6k/fpu\libg.a(lib_a-strtod.o)
                0x001172a4                _strtod_r
 .text._strtoll_l.isra.0
                0x001172e0      0x2dc c:/devkitpro/devkitarm/bin/../lib/gcc/arm-none-eabi/6.3.0/../../../../arm-none-eabi/lib/armv6k/fpu\libg.a(lib_a-strtoll.o)
 .text._strtoll_r
                0x001175bc       0x50 c:/devkitpro/devkitarm/bin/../lib/gcc/arm-none-eabi/6.3.0/../../../../arm-none-eabi/lib/armv6k/fpu\libg.a(lib_a-strtoll.o)
                0x001175bc                _strtoll_r
 .text._strtol_l.isra.0
                0x0011760c      0x220 c:/devkitpro/devkitarm/bin/../lib/gcc/arm-none-eabi/6.3.0/../../../../arm-none-eabi/lib/armv6k/fpu\libg.a(lib_a-strtol.o)
 .text._strtol_r
                0x0011782c       0x50 c:/devkitpro/devkitarm/bin/../lib/gcc/arm-none-eabi/6.3.0/../../../../arm-none-eabi/lib/armv6k/fpu\libg.a(lib_a-strtol.o)
                0x0011782c                _strtol_r
 *fill*         0x0011787c        0x4 
 .text._strtoull_l.isra.0
                0x00117880      0x268 c:/devkitpro/devkitarm/bin/../lib/gcc/arm-none-eabi/6.3.0/../../../../arm-none-eabi/lib/armv6k/fpu\libg.a(lib_a-strtoull.o)
 .text._strtoull_r
                0x00117ae8       0x50 c:/devkitpro/devkitarm/bin/../lib/gcc/arm-none-eabi/6.3.0/../../../../arm-none-eabi/lib/armv6k/fpu\libg.a(lib_a-strtoull.o)
                0x00117ae8                _strtoull_r
 .text._strtoul_l.isra.0
                0x00117b38      0x1e4 c:/devkitpro/devkitarm/bin/../lib/gcc/arm-none-eabi/6.3.0/../../../../arm-none-eabi/lib/armv6k/fpu\libg.a(lib_a-strtoul.o)
 .text._strtoul_r
                0x00117d1c       0x50 c:/devkitpro/devkitarm/bin/../lib/gcc/arm-none-eabi/6.3.0/../../../../arm-none-eabi/lib/armv6k/fpu\libg.a(lib_a-strtoul.o)
                0x00117d1c                _strtoul_r
 .text.__ssprint_r
                0x00117d6c      0x188 c:/devkitpro/devkitarm/bin/../lib/gcc/arm-none-eabi/6.3.0/../../../../arm-none-eabi/lib/armv6k/fpu\libg.a(lib_a-svfiprintf.o)
                0x00117d6c                __ssprint_r
 .text._sungetc_r
                0x00117ef4       0xe8 c:/devkitpro/devkitarm/bin/../lib/gcc/arm-none-eabi/6.3.0/../../../../arm-none-eabi/lib/armv6k/fpu\libg.a(lib_a-svfiscanf.o)
                0x00117ef4                _sungetc_r
 .text.__ssrefill_r
                0x00117fdc       0x6c c:/devkitpro/devkitarm/bin/../lib/gcc/arm-none-eabi/6.3.0/../../../../arm-none-eabi/lib/armv6k/fpu\libg.a(lib_a-svfiscanf.o)
                0x00117fdc                __ssrefill_r
 .text._sfread_r
                0x00118048       0xd0 c:/devkitpro/devkitarm/bin/../lib/gcc/arm-none-eabi/6.3.0/../../../../arm-none-eabi/lib/armv6k/fpu\libg.a(lib_a-svfiscanf.o)
                0x00118048                _sfread_r
 .text.get_arg  0x00118118     0x1624 c:/devkitpro/devkitarm/bin/../lib/gcc/arm-none-eabi/6.3.0/../../../../arm-none-eabi/lib/armv6k/fpu\libg.a(lib_a-svfprintf.o)
 *fill*         0x0011973c        0x4 
 .text._svfprintf_r
                0x00119740     0x41c4 c:/devkitpro/devkitarm/bin/../lib/gcc/arm-none-eabi/6.3.0/../../../../arm-none-eabi/lib/armv6k/fpu\libg.a(lib_a-svfprintf.o)
                0x00119740                _svfprintf_r
 .text.__submore
                0x0011d904       0xa8 c:/devkitpro/devkitarm/bin/../lib/gcc/arm-none-eabi/6.3.0/../../../../arm-none-eabi/lib/armv6k/fpu\libg.a(lib_a-ungetc.o)
                0x0011d904                __submore
 .text._wcsnrtombs_l
                0x0011d9ac      0x174 c:/devkitpro/devkitarm/bin/../lib/gcc/arm-none-eabi/6.3.0/../../../../arm-none-eabi/lib/armv6k/fpu\libg.a(lib_a-wcsnrtombs.o)
                0x0011d9ac                _wcsnrtombs_l
 .text._wcsnrtombs_r
                0x0011db20       0x64 c:/devkitpro/devkitarm/bin/../lib/gcc/arm-none-eabi/6.3.0/../../../../arm-none-eabi/lib/armv6k/fpu\libg.a(lib_a-wcsnrtombs.o)
                0x0011db20                _wcsnrtombs_r
 .text.__utf8_wctomb
                0x0011db84       0xe8 c:/devkitpro/devkitarm/bin/../lib/gcc/arm-none-eabi/6.3.0/../../../../arm-none-eabi/lib/armv6k/fpu\libg.a(lib_a-wctomb_r.o)
                0x0011db84                __utf8_wctomb
 .text._calloc_r
                0x0011dc6c       0x90 c:/devkitpro/devkitarm/bin/../lib/gcc/arm-none-eabi/6.3.0/../../../../arm-none-eabi/lib/armv6k/fpu\libg.a(lib_a-callocr.o)
                0x0011dc6c                _calloc_r
 .text._fclose_r
                0x0011dcfc      0x154 c:/devkitpro/devkitarm/bin/../lib/gcc/arm-none-eabi/6.3.0/../../../../arm-none-eabi/lib/armv6k/fpu\libg.a(lib_a-fclose.o)
                0x0011dcfc                _fclose_r
 .text.rshift   0x0011de50       0xf0 c:/devkitpro/devkitarm/bin/../lib/gcc/arm-none-eabi/6.3.0/../../../../arm-none-eabi/lib/armv6k/fpu\libg.a(lib_a-gdtoa-gethex.o)
 .text.__gethex
                0x0011df40      0x7f4 c:/devkitpro/devkitarm/bin/../lib/gcc/arm-none-eabi/6.3.0/../../../../arm-none-eabi/lib/armv6k/fpu\libg.a(lib_a-gdtoa-gethex.o)
                0x0011df40                __gethex
 .text.__match  0x0011e734       0x64 c:/devkitpro/devkitarm/bin/../lib/gcc/arm-none-eabi/6.3.0/../../../../arm-none-eabi/lib/armv6k/fpu\libg.a(lib_a-gdtoa-hexnan.o)
                0x0011e734                __match
 .text.__hexnan
                0x0011e798      0x264 c:/devkitpro/devkitarm/bin/../lib/gcc/arm-none-eabi/6.3.0/../../../../arm-none-eabi/lib/armv6k/fpu\libg.a(lib_a-gdtoa-hexnan.o)
                0x0011e798                __hexnan
 .text.null_write
                0x0011e9fc        0x8 c:/devkitpro/devkitarm/bin/../lib/gcc/arm-none-eabi/6.3.0/../../../../arm-none-eabi/lib/armv6k/fpu\libsysbase.a(iosupport.o)
 .text.setDefaultDevice
                0x0011ea04       0x18 c:/devkitpro/devkitarm/bin/../lib/gcc/arm-none-eabi/6.3.0/../../../../arm-none-eabi/lib/armv6k/fpu\libsysbase.a(iosupport.o)
                0x0011ea04                setDefaultDevice
 .text.FindDevice
                0x0011ea1c       0xcc c:/devkitpro/devkitarm/bin/../lib/gcc/arm-none-eabi/6.3.0/../../../../arm-none-eabi/lib/armv6k/fpu\libsysbase.a(iosupport.o)
                0x0011ea1c                FindDevice
 .text.RemoveDevice
                0x0011eae8       0x28 c:/devkitpro/devkitarm/bin/../lib/gcc/arm-none-eabi/6.3.0/../../../../arm-none-eabi/lib/armv6k/fpu\libsysbase.a(iosupport.o)
                0x0011eae8                RemoveDevice
 .text.AddDevice
                0x0011eb10       0x98 c:/devkitpro/devkitarm/bin/../lib/gcc/arm-none-eabi/6.3.0/../../../../arm-none-eabi/lib/armv6k/fpu\libsysbase.a(iosupport.o)
                0x0011eb10                AddDevice
 .text._close_r
                0x0011eba8       0x84 c:/devkitpro/devkitarm/bin/../lib/gcc/arm-none-eabi/6.3.0/../../../../arm-none-eabi/lib/armv6k/fpu\libsysbase.a(close.o)
                0x0011eba8                _close_r
 .text._fstat_r
                0x0011ec2c       0x7c c:/devkitpro/devkitarm/bin/../lib/gcc/arm-none-eabi/6.3.0/../../../../arm-none-eabi/lib/armv6k/fpu\libsysbase.a(fstat.o)
                0x0011ec2c                _fstat_r
 .text._isatty_r
                0x0011eca8        0x8 c:/devkitpro/devkitarm/bin/../lib/gcc/arm-none-eabi/6.3.0/../../../../arm-none-eabi/lib/armv6k/fpu\libsysbase.a(isatty.o)
                0x0011eca8                _isatty_r
 .text._lseek_r
                0x0011ecb0       0x90 c:/devkitpro/devkitarm/bin/../lib/gcc/arm-none-eabi/6.3.0/../../../../arm-none-eabi/lib/armv6k/fpu\libsysbase.a(lseek.o)
                0x0011ecb0                _lseek_r
 .text._read_r  0x0011ed40       0x88 c:/devkitpro/devkitarm/bin/../lib/gcc/arm-none-eabi/6.3.0/../../../../arm-none-eabi/lib/armv6k/fpu\libsysbase.a(read.o)
                0x0011ed40                _read_r
 .text._sbrk_r  0x0011edc8       0x70 c:/devkitpro/devkitarm/bin/../lib/gcc/arm-none-eabi/6.3.0/../../../../arm-none-eabi/lib/armv6k/fpu\libsysbase.a(sbrk.o)
                0x0011edc8                _sbrk_r
 .text._write_r
                0x0011ee38       0x88 c:/devkitpro/devkitarm/bin/../lib/gcc/arm-none-eabi/6.3.0/../../../../arm-none-eabi/lib/armv6k/fpu\libsysbase.a(write.o)
                0x0011ee38                _write_r
 .text._concatenate_path
                0x0011eec0      0x1d4 c:/devkitpro/devkitarm/bin/../lib/gcc/arm-none-eabi/6.3.0/../../../../arm-none-eabi/lib/armv6k/fpu\libsysbase.a(chdir.o)
                0x0011eec0                _concatenate_path
 .text.chdir    0x0011f094      0x15c c:/devkitpro/devkitarm/bin/../lib/gcc/arm-none-eabi/6.3.0/../../../../arm-none-eabi/lib/armv6k/fpu\libsysbase.a(chdir.o)
                0x0011f094                chdir
 .text.__flockfile
                0x0011f1f0        0x8 c:/devkitpro/devkitarm/bin/../lib/gcc/arm-none-eabi/6.3.0/../../../../arm-none-eabi/lib/armv6k/fpu\libsysbase.a(flock.o)
                0x0011f1f0                __flockfile
 .text.__funlockfile
                0x0011f1f8        0x8 c:/devkitpro/devkitarm/bin/../lib/gcc/arm-none-eabi/6.3.0/../../../../arm-none-eabi/lib/armv6k/fpu\libsysbase.a(flock.o)
                0x0011f1f8                __funlockfile
 .text.__libc_lock_acquire
                0x0011f200       0x18 c:/devkitpro/devkitarm/bin/../lib/gcc/arm-none-eabi/6.3.0/../../../../arm-none-eabi/lib/armv6k/fpu\libsysbase.a(syscall_support.o)
                0x0011f200                __libc_lock_acquire
 .text.__libc_lock_release
                0x0011f218       0x18 c:/devkitpro/devkitarm/bin/../lib/gcc/arm-none-eabi/6.3.0/../../../../arm-none-eabi/lib/armv6k/fpu\libsysbase.a(syscall_support.o)
                0x0011f218                __libc_lock_release
 .text.__libc_lock_init_recursive
                0x0011f230       0x18 c:/devkitpro/devkitarm/bin/../lib/gcc/arm-none-eabi/6.3.0/../../../../arm-none-eabi/lib/armv6k/fpu\libsysbase.a(syscall_support.o)
                0x0011f230                __libc_lock_init_recursive
 .text.__libc_lock_acquire_recursive
                0x0011f248       0x18 c:/devkitpro/devkitarm/bin/../lib/gcc/arm-none-eabi/6.3.0/../../../../arm-none-eabi/lib/armv6k/fpu\libsysbase.a(syscall_support.o)
                0x0011f248                __libc_lock_acquire_recursive
 .text.__libc_lock_release_recursive
                0x0011f260       0x18 c:/devkitpro/devkitarm/bin/../lib/gcc/arm-none-eabi/6.3.0/../../../../arm-none-eabi/lib/armv6k/fpu\libsysbase.a(syscall_support.o)
                0x0011f260                __libc_lock_release_recursive
 .text.__libc_lock_close_recursive
                0x0011f278       0x18 c:/devkitpro/devkitarm/bin/../lib/gcc/arm-none-eabi/6.3.0/../../../../arm-none-eabi/lib/armv6k/fpu\libsysbase.a(syscall_support.o)
                0x0011f278                __libc_lock_close_recursive
 .text.__free_handle
                0x0011f290       0x4c c:/devkitpro/devkitarm/bin/../lib/gcc/arm-none-eabi/6.3.0/../../../../arm-none-eabi/lib/armv6k/fpu\libsysbase.a(handle_manager.o)
                0x0011f290                __free_handle
 .text.__release_handle
                0x0011f2dc       0x40 c:/devkitpro/devkitarm/bin/../lib/gcc/arm-none-eabi/6.3.0/../../../../arm-none-eabi/lib/armv6k/fpu\libsysbase.a(handle_manager.o)
                0x0011f2dc                __release_handle
 .text.__get_handle
                0x0011f31c       0x18 c:/devkitpro/devkitarm/bin/../lib/gcc/arm-none-eabi/6.3.0/../../../../arm-none-eabi/lib/armv6k/fpu\libsysbase.a(handle_manager.o)
                0x0011f31c                __get_handle
 .text.__getreent
                0x0011f334       0x28 c:/devkitpro/devkitarm/bin/../lib/gcc/arm-none-eabi/6.3.0/../../../../arm-none-eabi/lib/armv6k/fpu\libsysbase.a(getreent.o)
                0x0011f334                __getreent
 .text.strnlen  0x0011f35c       0x5c c:/devkitpro/devkitarm/bin/../lib/gcc/arm-none-eabi/6.3.0/../../../../arm-none-eabi/lib/armv6k/fpu\libg.a(lib_a-strnlen.o)
                0x0011f35c                strnlen
 .text.strrchr  0x0011f3b8       0x44 c:/devkitpro/devkitarm/bin/../lib/gcc/arm-none-eabi/6.3.0/../../../../arm-none-eabi/lib/armv6k/fpu\libg.a(lib_a-strrchr.o)
                0x0011f3b8                strrchr
 *(.glue_7)
 .glue_7        0x0011f3fc        0x0 linker stubs
 *(.glue_7t)
 .glue_7t       0x0011f3fc        0x0 linker stubs
 *(.stub)
 *(.gnu.warning)
 *(.gnu.linkonce.t*)
                0x0011f3fc                . = ALIGN (0x4)
 *(.fini)
 .fini          0x0011f3fc        0xc c:/devkitpro/devkitarm/bin/../lib/gcc/arm-none-eabi/6.3.0/armv6k/fpu/crti.o
                0x0011f3fc                _fini
 .fini          0x0011f408        0xc c:/devkitpro/devkitarm/bin/../lib/gcc/arm-none-eabi/6.3.0/armv6k/fpu/crtn.o
                0x0011f414                . = ALIGN (0x4)

.vfp11_veneer   0x0011f414        0x0
 .vfp11_veneer  0x0011f414        0x0 linker stubs

.v4_bx          0x0011f414        0x0
 .v4_bx         0x0011f414        0x0 linker stubs

.iplt           0x0011f414        0x0
 .iplt          0x0011f414        0x0 c:/devkitpro/devkitarm/bin/../lib/gcc/arm-none-eabi/6.3.0/../../../../arm-none-eabi/lib/armv6k/fpu/3dsx_crt0.o

.rodata         0x00120000     0x4578
 *(.rodata)
 .rodata        0x00120000      0x804 c:/devkitPro/libctru/lib\libctru.a(default_font.bin.o)
                0x00120000                default_font_bin
                0x00120800                default_font_bin_size
                0x00120800                default_font_bin_end
 .rodata        0x00120804        0xc c:/devkitPro/libctru/lib\libctru.a(sdmc_dev.o)
 *(.roda)
 *(.rodata.*)
 .rodata.colorTable
                0x00120810       0x30 c:/devkitPro/libctru/lib\libctru.a(console.o)
 .rodata.con_write.str1.4
                0x00120840       0x52 c:/devkitPro/libctru/lib\libctru.a(console.o)
 *fill*         0x00120892        0x2 
 .rodata.dotab_stdout
                0x00120894       0x68 c:/devkitPro/libctru/lib\libctru.a(console.o)
 .rodata.str1.4
                0x001208fc       0x14 c:/devkitPro/libctru/lib\libctru.a(console.o)
 .rodata.CSWTCH.28
                0x00120910       0x14 c:/devkitPro/libctru/lib\libctru.a(gfx.o)
 .rodata.framebufferInfoSt
                0x00120924        0x8 c:/devkitPro/libctru/lib\libctru.a(gfx.o)
 .rodata.aptSendCommand.str1.4
                0x0012092c        0x6 c:/devkitPro/libctru/lib\libctru.a(apt.o)
 *fill*         0x00120932        0x2 
 .rodata.serviceNameTable.7459
                0x00120934        0xc c:/devkitPro/libctru/lib\libctru.a(apt.o)
 .rodata.str1.4
                0x00120940        0xe c:/devkitPro/libctru/lib\libctru.a(apt.o)
 *fill*         0x0012094e        0x2 
 .rodata.gspInit.str1.4
                0x00120950        0x9 c:/devkitPro/libctru/lib\libctru.a(gspgpu.o)
 *fill*         0x00120959        0x3 
 .rodata.srvInit.str1.4
                0x0012095c        0x5 c:/devkitPro/libctru/lib\libctru.a(srv.o)
 *fill*         0x00120961        0x3 
 .rodata.ptmSysmInit.str1.4
                0x00120964        0x9 c:/devkitPro/libctru/lib\libctru.a(ptmsysm.o)
 *fill*         0x0012096d        0x3 
 .rodata.error_table
                0x00120970       0x30 c:/devkitPro/libctru/lib\libctru.a(sdmc_dev.o)
 .rodata.sdmcExit.str1.4
                0x001209a0        0x6 c:/devkitPro/libctru/lib\libctru.a(sdmc_dev.o)
 *fill*         0x001209a6        0x2 
 .rodata.str1.4
                0x001209a8        0x5 c:/devkitPro/libctru/lib\libctru.a(sdmc_dev.o)
                                  0x9 (size before relaxing)
 *fill*         0x001209ad        0x3 
 .rodata.fsInit.str1.4
                0x001209b0        0x8 c:/devkitPro/libctru/lib\libctru.a(fs.o)
 .rodata.hidInit.str1.4
                0x001209b8       0x15 c:/devkitPro/libctru/lib\libctru.a(hid.o)
 *fill*         0x001209cd        0x3 
 .rodata.irrstInit.str1.4
                0x001209d0        0x7 c:/devkitPro/libctru/lib\libctru.a(irrst.o)
 *fill*         0x001209d7        0x1 
 .rodata.__ssvfscanf_r.str1.4
                0x001209d8        0x5 c:/devkitpro/devkitarm/bin/../lib/gcc/arm-none-eabi/6.3.0/../../../../arm-none-eabi/lib/armv6k/fpu\libg.a(lib_a-svfscanf.o)
 *fill*         0x001209dd        0x3 
 .rodata.basefix.8441
                0x001209e0       0x22 c:/devkitpro/devkitarm/bin/../lib/gcc/arm-none-eabi/6.3.0/../../../../arm-none-eabi/lib/armv6k/fpu\libg.a(lib_a-svfscanf.o)
 *fill*         0x00120a02        0x2 
 .rodata._vfprintf_r.str1.4
                0x00120a04       0x42 c:/devkitpro/devkitarm/bin/../lib/gcc/arm-none-eabi/6.3.0/../../../../arm-none-eabi/lib/armv6k/fpu\libg.a(lib_a-vfprintf.o)
 *fill*         0x00120a46        0x2 
 .rodata.blanks.8415
                0x00120a48       0x10 c:/devkitpro/devkitarm/bin/../lib/gcc/arm-none-eabi/6.3.0/../../../../arm-none-eabi/lib/armv6k/fpu\libg.a(lib_a-vfprintf.o)
 .rodata.zeroes.8416
                0x00120a58       0x10 c:/devkitpro/devkitarm/bin/../lib/gcc/arm-none-eabi/6.3.0/../../../../arm-none-eabi/lib/armv6k/fpu\libg.a(lib_a-vfprintf.o)
 .rodata._dtoa_r.str1.4
                0x00120a68       0x10 c:/devkitpro/devkitarm/bin/../lib/gcc/arm-none-eabi/6.3.0/../../../../arm-none-eabi/lib/armv6k/fpu\libg.a(lib_a-dtoa.o)
                                 0x12 (size before relaxing)
 .rodata._jp2uc.str1.4
                0x00120a78       0x12 c:/devkitpro/devkitarm/bin/../lib/gcc/arm-none-eabi/6.3.0/../../../../arm-none-eabi/lib/armv6k/fpu\libg.a(lib_a-jp2uc.o)
 *fill*         0x00120a8a        0x2 
 .rodata.a1     0x00120a8c       0xbc c:/devkitpro/devkitarm/bin/../lib/gcc/arm-none-eabi/6.3.0/../../../../arm-none-eabi/lib/armv6k/fpu\libg.a(lib_a-jp2uc.o)
 .rodata.a2     0x00120b48       0xbc c:/devkitpro/devkitarm/bin/../lib/gcc/arm-none-eabi/6.3.0/../../../../arm-none-eabi/lib/armv6k/fpu\libg.a(lib_a-jp2uc.o)
 .rodata.a3     0x00120c04       0x5b c:/devkitpro/devkitarm/bin/../lib/gcc/arm-none-eabi/6.3.0/../../../../arm-none-eabi/lib/armv6k/fpu\libg.a(lib_a-jp2uc.o)
 *fill*         0x00120c5f        0x1 
 .rodata.a6     0x00120c60       0x70 c:/devkitpro/devkitarm/bin/../lib/gcc/arm-none-eabi/6.3.0/../../../../arm-none-eabi/lib/armv6k/fpu\libg.a(lib_a-jp2uc.o)
 .rodata.a7     0x00120cd0       0xa2 c:/devkitpro/devkitarm/bin/../lib/gcc/arm-none-eabi/6.3.0/../../../../arm-none-eabi/lib/armv6k/fpu\libg.a(lib_a-jp2uc.o)
 *fill*         0x00120d72        0x2 
 .rodata.a8     0x00120d74       0x40 c:/devkitpro/devkitarm/bin/../lib/gcc/arm-none-eabi/6.3.0/../../../../arm-none-eabi/lib/armv6k/fpu\libg.a(lib_a-jp2uc.o)
 .rodata.b02cf  0x00120db4     0x172a c:/devkitpro/devkitarm/bin/../lib/gcc/arm-none-eabi/6.3.0/../../../../arm-none-eabi/lib/armv6k/fpu\libg.a(lib_a-jp2uc.o)
 *fill*         0x001224de        0x2 
 .rodata.d02f4  0x001224e0     0x1a7c c:/devkitpro/devkitarm/bin/../lib/gcc/arm-none-eabi/6.3.0/../../../../arm-none-eabi/lib/armv6k/fpu\libg.a(lib_a-jp2uc.o)
 .rodata.str1.4
                0x00123f5c       0x48 c:/devkitpro/devkitarm/bin/../lib/gcc/arm-none-eabi/6.3.0/../../../../arm-none-eabi/lib/armv6k/fpu\libg.a(lib_a-locale.o)
                                 0x4c (size before relaxing)
 .rodata._mbrtowc_r.str1.4
                0x00123fa4        0x1 c:/devkitpro/devkitarm/bin/../lib/gcc/arm-none-eabi/6.3.0/../../../../arm-none-eabi/lib/armv6k/fpu\libg.a(lib_a-mbrtowc.o)
 *fill*         0x00123fa4        0x4 
 .rodata.__mprec_bigtens
                0x00123fa8       0x28 c:/devkitpro/devkitarm/bin/../lib/gcc/arm-none-eabi/6.3.0/../../../../arm-none-eabi/lib/armv6k/fpu\libg.a(lib_a-mprec.o)
                0x00123fa8                __mprec_bigtens
 .rodata.__mprec_tens
                0x00123fd0       0xc8 c:/devkitpro/devkitarm/bin/../lib/gcc/arm-none-eabi/6.3.0/../../../../arm-none-eabi/lib/armv6k/fpu\libg.a(lib_a-mprec.o)
                0x00123fd0                __mprec_tens
 .rodata.p05.7191
                0x00124098        0xc c:/devkitpro/devkitarm/bin/../lib/gcc/arm-none-eabi/6.3.0/../../../../arm-none-eabi/lib/armv6k/fpu\libg.a(lib_a-mprec.o)
 .rodata._strtod_l.str1.4
                0x001240a4        0xf c:/devkitpro/devkitarm/bin/../lib/gcc/arm-none-eabi/6.3.0/../../../../arm-none-eabi/lib/armv6k/fpu\libg.a(lib_a-strtod.o)
 *fill*         0x001240b3        0x1 
 .rodata.fpi.7277
                0x001240b4       0x14 c:/devkitpro/devkitarm/bin/../lib/gcc/arm-none-eabi/6.3.0/../../../../arm-none-eabi/lib/armv6k/fpu\libg.a(lib_a-strtod.o)
 .rodata.fpinan.7313
                0x001240c8       0x14 c:/devkitpro/devkitarm/bin/../lib/gcc/arm-none-eabi/6.3.0/../../../../arm-none-eabi/lib/armv6k/fpu\libg.a(lib_a-strtod.o)
 *fill*         0x001240dc        0x4 
 .rodata.tinytens
                0x001240e0       0x28 c:/devkitpro/devkitarm/bin/../lib/gcc/arm-none-eabi/6.3.0/../../../../arm-none-eabi/lib/armv6k/fpu\libg.a(lib_a-strtod.o)
 .rodata.__action_table
                0x00124108       0x6c c:/devkitpro/devkitarm/bin/../lib/gcc/arm-none-eabi/6.3.0/../../../../arm-none-eabi/lib/armv6k/fpu\libg.a(lib_a-svfiprintf.o)
                0x00124108                __action_table
 .rodata.__chclass
                0x00124174      0x100 c:/devkitpro/devkitarm/bin/../lib/gcc/arm-none-eabi/6.3.0/../../../../arm-none-eabi/lib/armv6k/fpu\libg.a(lib_a-svfiprintf.o)
                0x00124174                __chclass
 .rodata.__state_table
                0x00124274       0x6c c:/devkitpro/devkitarm/bin/../lib/gcc/arm-none-eabi/6.3.0/../../../../arm-none-eabi/lib/armv6k/fpu\libg.a(lib_a-svfiprintf.o)
                0x00124274                __state_table
 .rodata._svfprintf_r.str1.4
                0x001242e0       0x42 c:/devkitpro/devkitarm/bin/../lib/gcc/arm-none-eabi/6.3.0/../../../../arm-none-eabi/lib/armv6k/fpu\libg.a(lib_a-svfprintf.o)
 .rodata.blanks.8400
                0x001242e0       0x10 c:/devkitpro/devkitarm/bin/../lib/gcc/arm-none-eabi/6.3.0/../../../../arm-none-eabi/lib/armv6k/fpu\libg.a(lib_a-svfprintf.o)
 .rodata.zeroes.8401
                0x001242f0       0x10 c:/devkitpro/devkitarm/bin/../lib/gcc/arm-none-eabi/6.3.0/../../../../arm-none-eabi/lib/armv6k/fpu\libg.a(lib_a-svfprintf.o)
 .rodata._ctype_
                0x00124300      0x101 c:/devkitpro/devkitarm/bin/../lib/gcc/arm-none-eabi/6.3.0/../../../../arm-none-eabi/lib/armv6k/fpu\libg.a(lib_a-ctype_.o)
                0x00124300                _ctype_
 *fill*         0x00124401        0x3 
 .rodata.__hexdig
                0x00124404      0x100 c:/devkitpro/devkitarm/bin/../lib/gcc/arm-none-eabi/6.3.0/../../../../arm-none-eabi/lib/armv6k/fpu\libg.a(lib_a-gdtoa-gethex.o)
                0x00124404                __hexdig
 .rodata.AddDevice.str1.4
                0x00124504        0x8 c:/devkitpro/devkitarm/bin/../lib/gcc/arm-none-eabi/6.3.0/../../../../arm-none-eabi/lib/armv6k/fpu\libsysbase.a(iosupport.o)
 .rodata.dotab_stdnull
                0x0012450c       0x68 c:/devkitpro/devkitarm/bin/../lib/gcc/arm-none-eabi/6.3.0/../../../../arm-none-eabi/lib/armv6k/fpu\libsysbase.a(iosupport.o)
                0x0012450c                dotab_stdnull
 .rodata.DIRECTORY_PARENT
                0x00124574        0x3 c:/devkitpro/devkitarm/bin/../lib/gcc/arm-none-eabi/6.3.0/../../../../arm-none-eabi/lib/armv6k/fpu\libsysbase.a(chdir.o)
                0x00124574                DIRECTORY_PARENT
 *all.rodata*(*)
 *(.gnu.linkonce.r*)
                0x00124578                . = ALIGN (0x4)
 *fill*         0x00124577        0x1 

.eh_frame       0x00124578        0x0
 .eh_frame      0x00124578        0x0 c:/devkitpro/devkitarm/bin/../lib/gcc/arm-none-eabi/6.3.0/armv6k/fpu/crtbegin.o

.rel.dyn        0x00124578        0x0
 .rel.iplt      0x00124578        0x0 c:/devkitpro/devkitarm/bin/../lib/gcc/arm-none-eabi/6.3.0/../../../../arm-none-eabi/lib/armv6k/fpu/3dsx_crt0.o

.ARM.extab
 *(.ARM.extab* .gnu.linkonce.armextab.*)
                0x00124578                __exidx_start = .

ARM.exidx
 *(.ARM.exidx* .gnu.linkonce.armexidx.*)
                0x00124578                __exidx_end = .

.data           0x00125000     0x2f64
 *(.data)
 .data          0x00125000       0x15 main.o
 *fill*         0x00125015        0x3 
 .data          0x00125018        0x4 c:/devkitPro/libctru/lib\libctru.a(stack_adjust.o)
                0x00125018                __stacksize__
 *(.data.*)
 .data.currentConsole
                0x0012501c        0x4 c:/devkitPro/libctru/lib\libctru.a(console.o)
                0x0012501c                currentConsole
 .data.defaultConsole
                0x00125020       0x4c c:/devkitPro/libctru/lib\libctru.a(console.o)
                0x00125020                defaultConsole
 .data.firstConsoleInit.7767
                0x0012506c        0x1 c:/devkitPro/libctru/lib\libctru.a(console.o)
 .data.botFormat
                0x0012506d        0x1 c:/devkitPro/libctru/lib\libctru.a(gfx.o)
 *fill*         0x0012506e        0x2 
 .data.doubleBuf
                0x00125070        0x8 c:/devkitPro/libctru/lib\libctru.a(gfx.o)
 .data.topFormat
                0x00125078        0x1 c:/devkitPro/libctru/lib\libctru.a(gfx.o)
 *fill*         0x00125079        0x3 
 .data.aptFlags
                0x0012507c        0x4 c:/devkitPro/libctru/lib\libctru.a(apt.o)
 .data.gspLastEvent
                0x00125080        0x4 c:/devkitPro/libctru/lib\libctru.a(gspgpu.o)
 .data.__ctru_linear_heap_size
                0x00125084        0x4 c:/devkitPro/libctru/lib\libctru.a(allocateHeaps.o)
                0x00125084                __ctru_linear_heap_size
 .data.__cwd    0x00125088      0x401 c:/devkitPro/libctru/lib\libctru.a(sdmc_dev.o)
 *fill*         0x00125489        0x3 
 .data.sdmc_devoptab
                0x0012548c       0x68 c:/devkitPro/libctru/lib\libctru.a(sdmc_dev.o)
 .data._impure_ptr
                0x001254f4        0x4 c:/devkitpro/devkitarm/bin/../lib/gcc/arm-none-eabi/6.3.0/../../../../arm-none-eabi/lib/armv6k/fpu\libg.a(lib_a-impure.o)
                0x001254f4                _impure_ptr
 .data.impure_data
                0x001254f8      0x460 c:/devkitpro/devkitarm/bin/../lib/gcc/arm-none-eabi/6.3.0/../../../../arm-none-eabi/lib/armv6k/fpu\libg.a(lib_a-impure.o)
 .data.__malloc_av_
                0x00125958      0x408 c:/devkitpro/devkitarm/bin/../lib/gcc/arm-none-eabi/6.3.0/../../../../arm-none-eabi/lib/armv6k/fpu\libg.a(lib_a-mallocr.o)
                0x00125958                __malloc_av_
 .data.__malloc_sbrk_base
                0x00125d60        0x4 c:/devkitpro/devkitarm/bin/../lib/gcc/arm-none-eabi/6.3.0/../../../../arm-none-eabi/lib/armv6k/fpu\libg.a(lib_a-mallocr.o)
                0x00125d60                __malloc_sbrk_base
 .data.__malloc_trim_threshold
                0x00125d64        0x4 c:/devkitpro/devkitarm/bin/../lib/gcc/arm-none-eabi/6.3.0/../../../../arm-none-eabi/lib/armv6k/fpu\libg.a(lib_a-mallocr.o)
                0x00125d64                __malloc_trim_threshold
 .data.__malloc_lock_object
                0x00125d68        0xc c:/devkitpro/devkitarm/bin/../lib/gcc/arm-none-eabi/6.3.0/../../../../arm-none-eabi/lib/armv6k/fpu\libg.a(lib_a-mlock.o)
 .data.__sfp_lock
                0x00125d74        0xc c:/devkitpro/devkitarm/bin/../lib/gcc/arm-none-eabi/6.3.0/../../../../arm-none-eabi/lib/armv6k/fpu\libg.a(lib_a-findfp.o)
 .data.__sinit_lock
                0x00125d80        0xc c:/devkitpro/devkitarm/bin/../lib/gcc/arm-none-eabi/6.3.0/../../../../arm-none-eabi/lib/armv6k/fpu\libg.a(lib_a-findfp.o)
 .data.__global_locale
                0x00125d8c      0x16c c:/devkitpro/devkitarm/bin/../lib/gcc/arm-none-eabi/6.3.0/../../../../arm-none-eabi/lib/armv6k/fpu\libg.a(lib_a-locale.o)
                0x00125d8c                __global_locale
 .data.defaultDevice
                0x00125ef8        0x4 c:/devkitpro/devkitarm/bin/../lib/gcc/arm-none-eabi/6.3.0/../../../../arm-none-eabi/lib/armv6k/fpu\libsysbase.a(iosupport.o)
 .data.devoptab_list
                0x00125efc       0x40 c:/devkitpro/devkitarm/bin/../lib/gcc/arm-none-eabi/6.3.0/../../../../arm-none-eabi/lib/armv6k/fpu\libsysbase.a(iosupport.o)
                0x00125efc                devoptab_list
 .data._current_working_directory
                0x00125f3c     0x1000 c:/devkitpro/devkitarm/bin/../lib/gcc/arm-none-eabi/6.3.0/../../../../arm-none-eabi/lib/armv6k/fpu\libsysbase.a(chdir.o)
 .data.__hndl_lock
                0x00126f3c        0x4 c:/devkitpro/devkitarm/bin/../lib/gcc/arm-none-eabi/6.3.0/../../../../arm-none-eabi/lib/armv6k/fpu\libsysbase.a(handle_manager.o)
 .data.__stderr_handle
                0x00126f40        0xc c:/devkitpro/devkitarm/bin/../lib/gcc/arm-none-eabi/6.3.0/../../../../arm-none-eabi/lib/armv6k/fpu\libsysbase.a(handle_manager.o)
 .data.__stdin_handle
                0x00126f4c        0xc c:/devkitpro/devkitarm/bin/../lib/gcc/arm-none-eabi/6.3.0/../../../../arm-none-eabi/lib/armv6k/fpu\libsysbase.a(handle_manager.o)
 .data.__stdout_handle
                0x00126f58        0xc c:/devkitpro/devkitarm/bin/../lib/gcc/arm-none-eabi/6.3.0/../../../../arm-none-eabi/lib/armv6k/fpu\libsysbase.a(handle_manager.o)
 .data.handles  0x00126f64     0x1000 c:/devkitpro/devkitarm/bin/../lib/gcc/arm-none-eabi/6.3.0/../../../../arm-none-eabi/lib/armv6k/fpu\libsysbase.a(handle_manager.o)
 *(.gnu.linkonce.d*)
                0x00127f64                . = ALIGN (0x4)

.igot.plt       0x00127f64        0x0
 .igot.plt      0x00127f64        0x0 c:/devkitpro/devkitarm/bin/../lib/gcc/arm-none-eabi/6.3.0/../../../../arm-none-eabi/lib/armv6k/fpu/3dsx_crt0.o

.jcr            0x00127f64        0x0
 .jcr           0x00127f64        0x0 c:/devkitpro/devkitarm/bin/../lib/gcc/arm-none-eabi/6.3.0/armv6k/fpu/crtbegin.o

.tm_clone_table
                0x00127f64        0x0
 .tm_clone_table
                0x00127f64        0x0 c:/devkitpro/devkitarm/bin/../lib/gcc/arm-none-eabi/6.3.0/armv6k/fpu/crtbegin.o
 .tm_clone_table
                0x00127f64        0x0 c:/devkitpro/devkitarm/bin/../lib/gcc/arm-none-eabi/6.3.0/armv6k/fpu/crtend.o
                0x00127f64                __TMC_END__

.tdata          0x00127f64        0x0
                0x00127f64                __tdata_lma = .
 *(.tdata)
 *(.tdata.*)
 *(.gnu.linkonce.td.*)
                0x00127f64                . = ALIGN (0x4)
                0x00127f64                __tdata_lma_end = .

.tbss           0x00127f64     0x140c
 *(.tbss)
 *(.tbss.*)
 .tbss.__fixedpath
                0x00127f64      0x401 c:/devkitPro/libctru/lib\libctru.a(sdmc_dev.o)
 *fill*         0x00128365        0x3 
 .tbss.__utf16path
                0x00128368      0x802 c:/devkitPro/libctru/lib\libctru.a(sdmc_dev.o)
 *fill*         0x00128b6a        0x2 
 .tbss.__utf16path_old.7945
                0x00128b6c      0x802 c:/devkitPro/libctru/lib\libctru.a(sdmc_dev.o)
 *(.gnu.linkonce.tb.*)
 *(.tcommon)
                0x00129370                . = ALIGN (0x4)
 *fill*         0x0012936e        0x2 

.preinit_array  0x00127f64        0x0
                0x00127f64                PROVIDE (__preinit_array_start, .)
 *(.preinit_array)
                0x00127f64                PROVIDE (__preinit_array_end, .)

.init_array     0x00127f64        0x4
                0x00127f64                PROVIDE (__init_array_start, .)
 *(SORT(.init_array.*))
 *(.init_array)
 .init_array    0x00127f64        0x4 c:/devkitpro/devkitarm/bin/../lib/gcc/arm-none-eabi/6.3.0/armv6k/fpu/crtbegin.o
                0x00127f68                PROVIDE (__init_array_end, .)

.fini_array     0x00127f68        0x4
                0x00127f68                PROVIDE (__fini_array_start, .)
 *(.fini_array)
 .fini_array    0x00127f68        0x4 c:/devkitpro/devkitarm/bin/../lib/gcc/arm-none-eabi/6.3.0/armv6k/fpu/crtbegin.o
 *(SORT(.fini_array.*))
                0x00127f6c                PROVIDE (__fini_array_end, .)

.ctors
 *crtbegin.o(.ctors)
 *(EXCLUDE_FILE(*crtend.o) .ctors)
 *(SORT(.ctors.*))
 *(.ctors)

.dtors
 *crtbegin.o(.dtors)
 *(EXCLUDE_FILE(*crtend.o) .dtors)
 *(SORT(.dtors.*))
 *(.dtors)
                0x00127f6c                __bss_start__ = .

.bss            0x00127f6c     0x37b4
 *(.dynbss)
 *(.bss)
 .bss           0x00127f6c        0x8 c:/devkitPro/libctru/lib\libctru.a(stack_adjust.o)
 *(.bss.*)
 .bss.completed.7620
                0x00127f74        0x1 c:/devkitpro/devkitarm/bin/../lib/gcc/arm-none-eabi/6.3.0/armv6k/fpu/crtbegin.o
 *fill*         0x00127f75        0x3 
 .bss.object.7625
                0x00127f78       0x18 c:/devkitpro/devkitarm/bin/../lib/gcc/arm-none-eabi/6.3.0/armv6k/fpu/crtbegin.o
 .bss.currentBuffer
                0x00127f90        0x2 c:/devkitPro/libctru/lib\libctru.a(gfx.o)
 .bss.enable3d  0x00127f92        0x1 c:/devkitPro/libctru/lib\libctru.a(gfx.o)
 *fill*         0x00127f93        0x1 
 .bss.screenAlloc
                0x00127f94        0x4 c:/devkitPro/libctru/lib\libctru.a(gfx.o)
 .bss.screenFree
                0x00127f98        0x4 c:/devkitPro/libctru/lib\libctru.a(gfx.o)
 .bss.aptChainloadMediatype
                0x00127f9c        0x1 c:/devkitPro/libctru/lib\libctru.a(apt.o)
 *fill*         0x00127f9d        0x3 
 .bss.aptChainloadTid
                0x00127fa0        0x8 c:/devkitPro/libctru/lib\libctru.a(apt.o)
 .bss.aptEventHandlerThread
                0x00127fa8        0x4 c:/devkitPro/libctru/lib\libctru.a(apt.o)
 .bss.aptEvents
                0x00127fac        0xc c:/devkitPro/libctru/lib\libctru.a(apt.o)
 .bss.aptFirstHook
                0x00127fb8        0xc c:/devkitPro/libctru/lib\libctru.a(apt.o)
 .bss.aptHomeButtonState
                0x00127fc4        0x1 c:/devkitPro/libctru/lib\libctru.a(apt.o)
 *fill*         0x00127fc5        0x3 
 .bss.aptLockHandle
                0x00127fc8        0x4 c:/devkitPro/libctru/lib\libctru.a(apt.o)
 .bss.aptMessageFunc
                0x00127fcc        0x4 c:/devkitPro/libctru/lib\libctru.a(apt.o)
 .bss.aptMessageFuncData
                0x00127fd0        0x4 c:/devkitPro/libctru/lib\libctru.a(apt.o)
 .bss.aptParameters
                0x00127fd4     0x1000 c:/devkitPro/libctru/lib\libctru.a(apt.o)
 .bss.aptRefCount
                0x00128fd4        0x4 c:/devkitPro/libctru/lib\libctru.a(apt.o)
 .bss.aptSleepEvent
                0x00128fd8        0x8 c:/devkitPro/libctru/lib\libctru.a(apt.o)
 .bss.flagInit.7819
                0x00128fe0        0x1 c:/devkitPro/libctru/lib\libctru.a(apt.o)
 .bss.flagValue.7820
                0x00128fe1        0x1 c:/devkitPro/libctru/lib\libctru.a(apt.o)
 *fill*         0x00128fe2        0x2 
 .bss.serviceName.7458
                0x00128fe4        0x4 c:/devkitPro/libctru/lib\libctru.a(apt.o)
 .bss.gspEvent  0x00128fe8        0x4 c:/devkitPro/libctru/lib\libctru.a(gspgpu.o)
 .bss.gspEventCb
                0x00128fec       0x1c c:/devkitPro/libctru/lib\libctru.a(gspgpu.o)
 .bss.gspEventCbData
                0x00129008       0x1c c:/devkitPro/libctru/lib\libctru.a(gspgpu.o)
 .bss.gspEventCbOneShot
                0x00129024        0x7 c:/devkitPro/libctru/lib\libctru.a(gspgpu.o)
 *fill*         0x0012902b        0x1 
 .bss.gspEventCounts
                0x0012902c       0x1c c:/devkitPro/libctru/lib\libctru.a(gspgpu.o)
 .bss.gspEventData
                0x00129048        0x4 c:/devkitPro/libctru/lib\libctru.a(gspgpu.o)
 .bss.gspEventThread
                0x0012904c        0x4 c:/devkitPro/libctru/lib\libctru.a(gspgpu.o)
 .bss.gspEvents
                0x00129050       0x38 c:/devkitPro/libctru/lib\libctru.a(gspgpu.o)
 .bss.gspRefCount
                0x00129088        0x4 c:/devkitPro/libctru/lib\libctru.a(gspgpu.o)
 .bss.gspRunEvents
                0x0012908c        0x1 c:/devkitPro/libctru/lib\libctru.a(gspgpu.o)
 *fill*         0x0012908d        0x3 
 .bss._ZL11sLinearPool
                0x00129090        0x8 c:/devkitPro/libctru/lib\libctru.a(linear.o)
 .bss._ZL8sAddrMap
                0x00129098        0xc c:/devkitPro/libctru/lib\libctru.a(linear.o)
 .bss._ZL13sMappablePool
                0x001290a4        0x8 c:/devkitPro/libctru/lib\libctru.a(mappable.o)
 .bss._ZL8sAddrMap
                0x001290ac        0xc c:/devkitPro/libctru/lib\libctru.a(mappable.o)
 .bss._ZL8sAddrMap
                0x001290b8        0xc c:/devkitPro/libctru/lib\libctru.a(vram.o)
 .bss._ZL9sVramPool
                0x001290c4        0x8 c:/devkitPro/libctru/lib\libctru.a(vram.o)
 .bss.__ctru_speedup
                0x001290cc        0x1 c:/devkitPro/libctru/lib\libctru.a(os.o)
                0x001290cc                __ctru_speedup
 *fill*         0x001290cd        0x3 
 .bss.srvHandle
                0x001290d0        0x4 c:/devkitPro/libctru/lib\libctru.a(srv.o)
 .bss.srvRefCount
                0x001290d4        0x4 c:/devkitPro/libctru/lib\libctru.a(srv.o)
 .bss.arbiter   0x001290d8        0x4 c:/devkitPro/libctru/lib\libctru.a(synchronization.o)
 .bss.ptmSysmHandle
                0x001290dc        0x4 c:/devkitPro/libctru/lib\libctru.a(ptmsysm.o)
 .bss.ptmSysmRefCount
                0x001290e0        0x4 c:/devkitPro/libctru/lib\libctru.a(ptmsysm.o)
 .bss.__ctru_heap_size
                0x001290e4        0x4 c:/devkitPro/libctru/lib\libctru.a(allocateHeaps.o)
                0x001290e4                __ctru_heap_size
 .bss.sdmcArchive
                0x001290e8        0x8 c:/devkitPro/libctru/lib\libctru.a(sdmc_dev.o)
 .bss.sdmcInitialised
                0x001290f0        0x1 c:/devkitPro/libctru/lib\libctru.a(sdmc_dev.o)
 *fill*         0x001290f1        0x7 
 .bss.fsExemptArchives
                0x001290f8       0x80 c:/devkitPro/libctru/lib\libctru.a(fs.o)
 .bss.fsuHandle
                0x00129178        0x4 c:/devkitPro/libctru/lib\libctru.a(fs.o)
 .bss.fsuRefCount
                0x0012917c        0x4 c:/devkitPro/libctru/lib\libctru.a(fs.o)
 .bss.hidRefCount
                0x00129180        0x4 c:/devkitPro/libctru/lib\libctru.a(hid.o)
 .bss.kDown     0x00129184        0x4 c:/devkitPro/libctru/lib\libctru.a(hid.o)
 .bss.kHeld     0x00129188        0x4 c:/devkitPro/libctru/lib\libctru.a(hid.o)
 .bss.kOld      0x0012918c        0x4 c:/devkitPro/libctru/lib\libctru.a(hid.o)
 .bss.kUp       0x00129190        0x4 c:/devkitPro/libctru/lib\libctru.a(hid.o)
 .bss.irrstRefCount
                0x00129194        0x4 c:/devkitPro/libctru/lib\libctru.a(irrst.o)
 .bss.kHeld     0x00129198        0x4 c:/devkitPro/libctru/lib\libctru.a(irrst.o)
 .bss.__malloc_current_mallinfo
                0x0012919c       0x28 c:/devkitpro/devkitarm/bin/../lib/gcc/arm-none-eabi/6.3.0/../../../../arm-none-eabi/lib/armv6k/fpu\libg.a(lib_a-mallocr.o)
                0x0012919c                __malloc_current_mallinfo
 .bss.__malloc_max_sbrked_mem
                0x001291c4        0x4 c:/devkitpro/devkitarm/bin/../lib/gcc/arm-none-eabi/6.3.0/../../../../arm-none-eabi/lib/armv6k/fpu\libg.a(lib_a-mallocr.o)
                0x001291c4                __malloc_max_sbrked_mem
 .bss.__malloc_max_total_mem
                0x001291c8        0x4 c:/devkitpro/devkitarm/bin/../lib/gcc/arm-none-eabi/6.3.0/../../../../arm-none-eabi/lib/armv6k/fpu\libg.a(lib_a-mallocr.o)