Archive member included to satisfy reference by file (symbol)

c:/devkitPro/libctru/lib\libctru.a(console.o)
                              main.o (consoleInit)
c:/devkitPro/libctru/lib\libctru.a(gfx.o)
                              c:/devkitPro/libctru/lib\libctru.a(console.o) (gfxSetScreenFormat)
c:/devkitPro/libctru/lib\libctru.a(gx.o)
                              c:/devkitPro/libctru/lib\libctru.a(gfx.o) (gxCmdBuf)
c:/devkitPro/libctru/lib\libctru.a(apt.o)
                              main.o (aptMainLoop)
c:/devkitPro/libctru/lib\libctru.a(gspgpu.o)
                              c:/devkitPro/libctru/lib\libctru.a(gfx.o) (gspInit)
c:/devkitPro/libctru/lib\libctru.a(initArgv.o)
                              c:/devkitpro/devkitarm/bin/../lib/gcc/arm-none-eabi/6.3.0/../../../../arm-none-eabi/lib/armv6k/fpu/3dsx_crt0.o (__system_argc)
c:/devkitPro/libctru/lib\libctru.a(initSystem.o)
                              c:/devkitPro/libctru/lib\libctru.a(apt.o) (__system_retAddr)
c:/devkitPro/libctru/lib\libctru.a(syscalls.o)
                              c:/devkitPro/libctru/lib\libctru.a(initSystem.o) (__system_initSyscalls)
c:/devkitPro/libctru/lib\libctru.a(svc.o)
                              c:/devkitPro/libctru/lib\libctru.a(apt.o) (svcExitProcess)
c:/devkitPro/libctru/lib\libctru.a(stack_adjust.o)
                              c:/devkitpro/devkitarm/bin/../lib/gcc/arm-none-eabi/6.3.0/../../../../arm-none-eabi/lib/armv6k/fpu/3dsx_crt0.o (initSystem)
c:/devkitPro/libctru/lib\libctru.a(default_font.bin.o)
                              c:/devkitPro/libctru/lib\libctru.a(console.o) (default_font_bin)
c:/devkitPro/libctru/lib\libctru.a(linear.o)
                              c:/devkitPro/libctru/lib\libctru.a(gfx.o) (linearAlloc)
c:/devkitPro/libctru/lib\libctru.a(mappable.o)
                              c:/devkitPro/libctru/lib\libctru.a(gfx.o) (mappableAlloc)
c:/devkitPro/libctru/lib\libctru.a(mem_pool.o)
                              c:/devkitPro/libctru/lib\libctru.a(linear.o) (MemPool::Allocate(MemChunk&, unsigned long, int))
c:/devkitPro/libctru/lib\libctru.a(vram.o)
                              c:/devkitPro/libctru/lib\libctru.a(gfx.o) (vramAlloc)
c:/devkitPro/libctru/lib\libctru.a(os.o)
                              c:/devkitPro/libctru/lib\libctru.a(syscalls.o) (__libctru_gtod)
c:/devkitPro/libctru/lib\libctru.a(srv.o)
                              c:/devkitPro/libctru/lib\libctru.a(apt.o) (srvInit)
c:/devkitPro/libctru/lib\libctru.a(synchronization.o)
                              c:/devkitPro/libctru/lib\libctru.a(initSystem.o) (__sync_init)
c:/devkitPro/libctru/lib\libctru.a(thread.o)
                              c:/devkitPro/libctru/lib\libctru.a(apt.o) (threadCreate)
c:/devkitPro/libctru/lib\libctru.a(ptmsysm.o)
                              c:/devkitPro/libctru/lib\libctru.a(os.o) (ptmSysmInit)
c:/devkitPro/libctru/lib\libctru.a(rbtree_find.o)
                              c:/devkitPro/libctru/lib\libctru.a(linear.o) (rbtree_find)
c:/devkitPro/libctru/lib\libctru.a(rbtree_init.o)
                              c:/devkitPro/libctru/lib\libctru.a(linear.o) (rbtree_init)
c:/devkitPro/libctru/lib\libctru.a(rbtree_insert.o)
                              c:/devkitPro/libctru/lib\libctru.a(linear.o) (rbtree_insert)
c:/devkitPro/libctru/lib\libctru.a(rbtree_remove.o)
                              c:/devkitPro/libctru/lib\libctru.a(linear.o) (rbtree_remove)
c:/devkitPro/libctru/lib\libctru.a(rbtree_rotate.o)
                              c:/devkitPro/libctru/lib\libctru.a(rbtree_insert.o) (rbtree_rotate)
c:/devkitPro/libctru/lib\libctru.a(allocateHeaps.o)
                              c:/devkitPro/libctru/lib\libctru.a(initSystem.o) (__system_allocateHeaps)
c:/devkitPro/libctru/lib\libctru.a(appExit.o)
                              c:/devkitPro/libctru/lib\libctru.a(stack_adjust.o) (__appExit)
c:/devkitPro/libctru/lib\libctru.a(appInit.o)
                              c:/devkitPro/libctru/lib\libctru.a(stack_adjust.o) (__appInit)
c:/devkitPro/libctru/lib\libctru.a(ctru_exit.o)
                              c:/devkitPro/libctru/lib\libctru.a(stack_adjust.o) (__libctru_exit)
c:/devkitPro/libctru/lib\libctru.a(env.o)
                              c:/devkitPro/libctru/lib\libctru.a(srv.o) (envGetHandle)
c:/devkitPro/libctru/lib\libctru.a(sdmc_dev.o)
                              c:/devkitPro/libctru/lib\libctru.a(appInit.o) (sdmcInit)
c:/devkitPro/libctru/lib\libctru.a(fs.o)
                              c:/devkitPro/libctru/lib\libctru.a(appInit.o) (fsInit)
c:/devkitPro/libctru/lib\libctru.a(hid.o)
                              c:/devkitPro/libctru/lib\libctru.a(appExit.o) (hidExit)
c:/devkitPro/libctru/lib\libctru.a(irrst.o)
                              c:/devkitPro/libctru/lib\libctru.a(hid.o) (irrstScanInput)
c:/devkitPro/libctru/lib\libctru.a(rbtree_iterator.o)
[...]
Memory Configuration

Name             Origin             Length             Attributes
*default*        0x00000000         0xffffffff

Linker script and memory map

                0x00100000                PROVIDE (__start__, 0x100000)
                0x00100000                . = __start__

.text           0x00100000    0x1f3f4
 *(.crt0)
 .crt0          0x00100000       0x94 c:/devkitpro/devkitarm/bin/../lib/gcc/arm-none-eabi/6.3.0/../../../../arm-none-eabi/lib/armv6k/fpu/3dsx_crt0.o
                0x00100000                _start
                0x00100008                __service_ptr
                0x0010000c                __apt_appid
                0x00100010                __heap_size
                0x00100014                __linear_heap_size
                0x00100018                __system_arglist
                0x0010001c                __system_runflags
 *(.init)
 .init          0x00100094        0xc c:/devkitpro/devkitarm/bin/../lib/gcc/arm-none-eabi/6.3.0/armv6k/fpu/crti.o
                0x00100094                _init
 .init          0x001000a0        0xc c:/devkitpro/devkitarm/bin/../lib/gcc/arm-none-eabi/6.3.0/armv6k/fpu/crtn.o
                0x001000ac                . = ALIGN (0x4)
 *(.text)
 .text          0x001000ac       0x44 main.o
                0x001000ac                main
 .text          0x001000f0       0x64 c:/devkitPro/libctru/lib\libctru.a(stack_adjust.o)
                0x001000f0                initSystem
                0x00100134                __ctru_exit
 .text          0x00100154      0x240 c:/devkitpro/devkitarm/bin/../lib/gcc/arm-none-eabi/6.3.0/armv6k/fpu\libgcc.a(_divsi3.o)
                0x00100154                __divsi3
                0x00100154                __aeabi_idiv
                0x00100374                __aeabi_idivmod
 .text          0x00100394        0x4 c:/devkitpro/devkitarm/bin/../lib/gcc/arm-none-eabi/6.3.0/armv6k/fpu\libgcc.a(_dvmd_tls.o)
                0x00100394                __aeabi_idiv0
                0x00100394                __aeabi_ldiv0
 .text          0x00100398       0x3c c:/devkitpro/devkitarm/bin/../lib/gcc/arm-none-eabi/6.3.0/armv6k/fpu\libgcc.a(_aeabi_uldivmod.o)
                0x00100398                __aeabi_uldivmod
 *fill*         0x001003d4        0xc 
 .text          0x001003e0      0x390 c:/devkitpro/devkitarm/bin/../lib/gcc/arm-none-eabi/6.3.0/../../../../arm-none-eabi/lib/armv6k/fpu\libg.a(lib_a-strcmp.o)
                0x001003e8                strcmp
 .text          0x00100770      0x20c c:/devkitpro/devkitarm/bin/../lib/gcc/arm-none-eabi/6.3.0/armv6k/fpu\libgcc.a(_udivsi3.o)
                0x00100770                __aeabi_uidiv
                0x00100770                __udivsi3
                0x0010095c                __aeabi_uidivmod
 *(.text.*)
 .text.deregister_tm_clones
                0x0010097c       0x30 c:/devkitpro/devkitarm/bin/../lib/gcc/arm-none-eabi/6.3.0/armv6k/fpu/crtbegin.o
 .text.register_tm_clones
                0x001009ac       0x38 c:/devkitpro/devkitarm/bin/../lib/gcc/arm-none-eabi/6.3.0/armv6k/fpu/crtbegin.o
 .text.__do_global_dtors_aux
                0x001009e4       0x44 c:/devkitpro/devkitarm/bin/../lib/gcc/arm-none-eabi/6.3.0/armv6k/fpu/crtbegin.o
 .text.frame_dummy
                0x00100a28       0x5c c:/devkitpro/devkitarm/bin/../lib/gcc/arm-none-eabi/6.3.0/armv6k/fpu/crtbegin.o
 .text.consoleDrawChar
                0x00100a84      0x1b0 c:/devkitPro/libctru/lib\libctru.a(console.o)
                0x00100a84                consoleDrawChar
 .text.consolePrintChar
                0x00100c34      0x124 c:/devkitPro/libctru/lib\libctru.a(console.o)
                0x00100c34                consolePrintChar
 .text.consoleCls
                0x00100d58      0x190 c:/devkitPro/libctru/lib\libctru.a(console.o)
 .text.consoleInit
                0x00100ee8      0x104 c:/devkitPro/libctru/lib\libctru.a(console.o)
                0x00100ee8                consoleInit
 .text.consoleClearLine
                0x00100fec      0x144 c:/devkitPro/libctru/lib\libctru.a(console.o)
 .text.newRow   0x00101130       0xbc c:/devkitPro/libctru/lib\libctru.a(console.o)
 .text.con_write
                0x001011ec      0x774 c:/devkitPro/libctru/lib\libctru.a(console.o)
                0x001011ec                con_write
 .text.gfxSetFramebufferInfo.part.0
                0x00101960       0x8c c:/devkitPro/libctru/lib\libctru.a(gfx.o)
 .text.__get_bytes_per_pixel
                0x001019ec       0x18 c:/devkitPro/libctru/lib\libctru.a(gfx.o)
                0x001019ec                __get_bytes_per_pixel
 .text.gfxSetScreenFormat
                0x00101a04      0x180 c:/devkitPro/libctru/lib\libctru.a(gfx.o)
                0x00101a04                gfxSetScreenFormat
 .text.gfxSetDoubleBuffering
                0x00101b84       0x10 c:/devkitPro/libctru/lib\libctru.a(gfx.o)
                0x00101b84                gfxSetDoubleBuffering
 .text.gfxSetFramebufferInfo
                0x00101b94       0x70 c:/devkitPro/libctru/lib\libctru.a(gfx.o)
                0x00101b94                gfxSetFramebufferInfo
 .text.gfxWriteFramebufferInfo
                0x00101c04       0xb0 c:/devkitPro/libctru/lib\libctru.a(gfx.o)
                0x00101c04                gfxWriteFramebufferInfo
 .text.gfxInit  0x00101cb4      0x20c c:/devkitPro/libctru/lib\libctru.a(gfx.o)
                0x00101cb4                gfxInit
 .text.gfxInitDefault
                0x00101ec0       0x10 c:/devkitPro/libctru/lib\libctru.a(gfx.o)
                0x00101ec0                gfxInitDefault
 .text.gfxExit  0x00101ed0       0xe0 c:/devkitPro/libctru/lib\libctru.a(gfx.o)
                0x00101ed0                gfxExit
 .text.gfxGetFramebuffer
                0x00101fb0       0xbc c:/devkitPro/libctru/lib\libctru.a(gfx.o)
                0x00101fb0                gfxGetFramebuffer
 .text.gfxFlushBuffers
                0x0010206c       0xe0 c:/devkitPro/libctru/lib\libctru.a(gfx.o)
                0x0010206c                gfxFlushBuffers
 .text.gfxConfigScreen
                0x0010214c       0x60 c:/devkitPro/libctru/lib\libctru.a(gfx.o)
                0x0010214c                gfxConfigScreen
 .text.gfxSwapBuffersGpu
                0x001021ac       0x20 c:/devkitPro/libctru/lib\libctru.a(gfx.o)
                0x001021ac                gfxSwapBuffersGpu
 .text._aptDebug
                0x001021cc        0x4 c:/devkitPro/libctru/lib\libctru.a(apt.o)
                0x001021cc                _aptDebug
 .text.aptSendCommand
                0x001021d0      0x138 c:/devkitPro/libctru/lib\libctru.a(apt.o)
                0x001021d0                aptSendCommand
 .text.aptExitProcess
                0x00102308       0x3c c:/devkitPro/libctru/lib\libctru.a(apt.o)
 .text.APT_InquireNotification
                0x00102344       0x4c c:/devkitPro/libctru/lib\libctru.a(apt.o)
                0x00102344                APT_InquireNotification
 .text.aptEventHandler
                0x00102390      0x19c c:/devkitPro/libctru/lib\libctru.a(apt.o)
 .text.APT_AppletUtility
                0x0010252c       0x74 c:/devkitPro/libctru/lib\libctru.a(apt.o)
                0x0010252c                APT_AppletUtility
 .text.aptSetSleepAllowed
                0x001025a0       0xb4 c:/devkitPro/libctru/lib\libctru.a(apt.o)
                0x001025a0                aptSetSleepAllowed
 .text.APT_GlanceParameter
                0x00102654       0xb4 c:/devkitPro/libctru/lib\libctru.a(apt.o)
                0x00102654                APT_GlanceParameter
 .text.APT_ReceiveParameter
                0x00102708       0xc0 c:/devkitPro/libctru/lib\libctru.a(apt.o)
                0x00102708                APT_ReceiveParameter
 .text.aptReceiveParameter.constprop.0
                0x001027c8       0xbc c:/devkitPro/libctru/lib\libctru.a(apt.o)
 *fill*         0x00102884        0x4 
 .text.aptScreenTransfer
                0x00102888      0x1ec c:/devkitPro/libctru/lib\libctru.a(apt.o)
 .text.aptWaitForWakeUp
                0x00102a74      0x228 c:/devkitPro/libctru/lib\libctru.a(apt.o)
 .text.APT_CancelParameter
                0x00102c9c       0x70 c:/devkitPro/libctru/lib\libctru.a(apt.o)
                0x00102c9c                APT_CancelParameter
 .text.aptInit  0x00102d0c      0x27c c:/devkitPro/libctru/lib\libctru.a(apt.o)
                0x00102d0c                aptInit
 .text.aptClearParamQueue
                0x00102f88       0x90 c:/devkitPro/libctru/lib\libctru.a(apt.o)
 .text.aptMainLoop
                0x00103018      0x210 c:/devkitPro/libctru/lib\libctru.a(apt.o)
                0x00103018                aptMainLoop
 .text.aptExit  0x00103228      0x21c c:/devkitPro/libctru/lib\libctru.a(apt.o)
                0x00103228                aptExit
 .text.APT_CheckNew3DS
                0x00103444       0x7c c:/devkitPro/libctru/lib\libctru.a(apt.o)
                0x00103444                APT_CheckNew3DS
 .text.gspInit  0x001034c0       0x74 c:/devkitPro/libctru/lib\libctru.a(gspgpu.o)
                0x001034c0                gspInit
 .text.gspExit  0x00103534       0x3c c:/devkitPro/libctru/lib\libctru.a(gspgpu.o)
                0x00103534                gspExit
 .text.gspInitEventHandler
                0x00103570       0xa0 c:/devkitPro/libctru/lib\libctru.a(gspgpu.o)
                0x00103570                gspInitEventHandler
 .text.gspExitEventHandler
                0x00103610       0x40 c:/devkitPro/libctru/lib\libctru.a(gspgpu.o)
                0x00103610                gspExitEventHandler
 .text.gspWaitForEvent
                0x00103650       0x44 c:/devkitPro/libctru/lib\libctru.a(gspgpu.o)
                0x00103650                gspWaitForEvent
 .text.gxCmdQueueInterrupt
                0x00103694        0x4 c:/devkitPro/libctru/lib\libctru.a(gspgpu.o)
                0x00103694                gxCmdQueueInterrupt
 .text.gspEventThreadMain
                0x00103698      0x17c c:/devkitPro/libctru/lib\libctru.a(gspgpu.o)
 .text.GSPGPU_SetBufferSwap
                0x00103814       0x6c c:/devkitPro/libctru/lib\libctru.a(gspgpu.o)
                0x00103814                GSPGPU_SetBufferSwap
 .text.GSPGPU_FlushDataCache
                0x00103880       0x4c c:/devkitPro/libctru/lib\libctru.a(gspgpu.o)
                0x00103880                GSPGPU_FlushDataCache
 .text.GSPGPU_SetLcdForceBlack
                0x001038cc       0x34 c:/devkitPro/libctru/lib\libctru.a(gspgpu.o)
                0x001038cc                GSPGPU_SetLcdForceBlack
 .text.GSPGPU_RegisterInterruptRelayQueue
                0x00103900       0x64 c:/devkitPro/libctru/lib\libctru.a(gspgpu.o)
                0x00103900                GSPGPU_RegisterInterruptRelayQueue
 .text.GSPGPU_UnregisterInterruptRelayQueue
                0x00103964       0x2c c:/devkitPro/libctru/lib\libctru.a(gspgpu.o)
                0x00103964                GSPGPU_UnregisterInterruptRelayQueue
 .text.GSPGPU_AcquireRight
                0x00103990       0x48 c:/devkitPro/libctru/lib\libctru.a(gspgpu.o)
                0x00103990                GSPGPU_AcquireRight
 .text.GSPGPU_ReleaseRight
                0x001039d8       0x2c c:/devkitPro/libctru/lib\libctru.a(gspgpu.o)
                0x001039d8                GSPGPU_ReleaseRight
 .text.GSPGPU_ImportDisplayCaptureInfo
                0x00103a04       0x80 c:/devkitPro/libctru/lib\libctru.a(gspgpu.o)
                0x00103a04                GSPGPU_ImportDisplayCaptureInfo
 .text.GSPGPU_SaveVramSysArea
                0x00103a84       0x2c c:/devkitPro/libctru/lib\libctru.a(gspgpu.o)
                0x00103a84                GSPGPU_SaveVramSysArea
 .text.GSPGPU_RestoreVramSysArea
                0x00103ab0       0x2c c:/devkitPro/libctru/lib\libctru.a(gspgpu.o)
                0x00103ab0                GSPGPU_RestoreVramSysArea
 .text.__system_initArgv
                0x00103adc       0xe8 c:/devkitPro/libctru/lib\libctru.a(initArgv.o)
                0x00103adc                __system_initArgv
 .text.__libctru_init
                0x00103bc4       0x38 c:/devkitPro/libctru/lib\libctru.a(initSystem.o)
                0x00103bc4                __libctru_init
 .text.__ctru_get_reent
                0x00103bfc       0x30 c:/devkitPro/libctru/lib\libctru.a(syscalls.o)
 .text.__system_initSyscalls
                0x00103c2c       0xe4 c:/devkitPro/libctru/lib\libctru.a(syscalls.o)
                0x00103c2c                __system_initSyscalls
 .text.svcControlMemory
                0x00103d10       0x20 c:/devkitPro/libctru/lib\libctru.a(svc.o)
                0x00103d10                svcControlMemory
 .text.svcExitProcess
                0x00103d30        0x8 c:/devkitPro/libctru/lib\libctru.a(svc.o)
                0x00103d30                svcExitProcess
 .text.svcCreateThread
                0x00103d38       0x20 c:/devkitPro/libctru/lib\libctru.a(svc.o)
                0x00103d38                svcCreateThread
 .text.svcExitThread
                0x00103d58        0x8 c:/devkitPro/libctru/lib\libctru.a(svc.o)
                0x00103d58                svcExitThread
 .text.svcSleepThread
                0x00103d60        0x8 c:/devkitPro/libctru/lib\libctru.a(svc.o)
                0x00103d60                svcSleepThread
 .text.svcReleaseMutex
                0x00103d68        0x8 c:/devkitPro/libctru/lib\libctru.a(svc.o)
                0x00103d68                svcReleaseMutex
 .text.svcCreateEvent
                0x00103d70       0x14 c:/devkitPro/libctru/lib\libctru.a(svc.o)
                0x00103d70                svcCreateEvent
 .text.svcSignalEvent
                0x00103d84        0x8 c:/devkitPro/libctru/lib\libctru.a(svc.o)
                0x00103d84                svcSignalEvent
 .text.svcClearEvent
                0x00103d8c        0x8 c:/devkitPro/libctru/lib\libctru.a(svc.o)
                0x00103d8c                svcClearEvent
 .text.svcMapMemoryBlock
                0x00103d94        0x8 c:/devkitPro/libctru/lib\libctru.a(svc.o)
                0x00103d94                svcMapMemoryBlock
 .text.svcUnmapMemoryBlock
                0x00103d9c        0x8 c:/devkitPro/libctru/lib\libctru.a(svc.o)
                0x00103d9c                svcUnmapMemoryBlock
 .text.svcCreateAddressArbiter
                0x00103da4       0x14 c:/devkitPro/libctru/lib\libctru.a(svc.o)
                0x00103da4                svcCreateAddressArbiter
 .text.svcArbitrateAddress
                0x00103db8       0x18 c:/devkitPro/libctru/lib\libctru.a(svc.o)
                0x00103db8                svcArbitrateAddress
 .text.svcCloseHandle
                0x00103dd0        0x8 c:/devkitPro/libctru/lib\libctru.a(svc.o)
                0x00103dd0                svcCloseHandle
 .text.svcWaitSynchronization
                0x00103dd8        0x8 c:/devkitPro/libctru/lib\libctru.a(svc.o)
                0x00103dd8                svcWaitSynchronization
 .text.svcWaitSynchronizationN
                0x00103de0       0x28 c:/devkitPro/libctru/lib\libctru.a(svc.o)
                0x00103de0                svcWaitSynchronizationN
 .text.svcDuplicateHandle
                0x00103e08       0x14 c:/devkitPro/libctru/lib\libctru.a(svc.o)
                0x00103e08                svcDuplicateHandle
 .text.svcGetSystemTick
                0x00103e1c        0x8 c:/devkitPro/libctru/lib\libctru.a(svc.o)
                0x00103e1c                svcGetSystemTick
 .text.svcGetSystemInfo
                0x00103e24       0x18 c:/devkitPro/libctru/lib\libctru.a(svc.o)
                0x00103e24                svcGetSystemInfo
 .text.svcConnectToPort
                0x00103e3c       0x14 c:/devkitPro/libctru/lib\libctru.a(svc.o)
                0x00103e3c                svcConnectToPort
 .text.svcSendSyncRequest
                0x00103e50        0x8 c:/devkitPro/libctru/lib\libctru.a(svc.o)
                0x00103e50                svcSendSyncRequest
 .text.svcBreak
                0x00103e58        0x8 c:/devkitPro/libctru/lib\libctru.a(svc.o)
                0x00103e58                svcBreak
 .text._ZL21addrMapNodeComparatorPK11rbtree_nodeS1_
                0x00103e60       0x24 c:/devkitPro/libctru/lib\libctru.a(linear.o)
 .text._ZL21addrMapNodeDestructorP11rbtree_node
                0x00103e84        0x4 c:/devkitPro/libctru/lib\libctru.a(linear.o)
 .text.linearMemAlign
                0x00103e88      0x13c c:/devkitPro/libctru/lib\libctru.a(linear.o)
                0x00103e88                linearMemAlign
 .text.linearAlloc
                0x00103fc4        0x8 c:/devkitPro/libctru/lib\libctru.a(linear.o)
                0x00103fc4                linearAlloc
 .text.linearFree
                0x00103fcc       0x50 c:/devkitPro/libctru/lib\libctru.a(linear.o)
                0x00103fcc                linearFree
 .text._ZL21addrMapNodeComparatorPK11rbtree_nodeS1_
                0x0010401c       0x24 c:/devkitPro/libctru/lib\libctru.a(mappable.o)
 .text._ZL21addrMapNodeDestructorP11rbtree_node
                0x00104040        0x4 c:/devkitPro/libctru/lib\libctru.a(mappable.o)
 .text.mappableAlloc
                0x00104044       0xf4 c:/devkitPro/libctru/lib\libctru.a(mappable.o)
                0x00104044                mappableAlloc
 .text.mappableFree
                0x00104138       0x50 c:/devkitPro/libctru/lib\libctru.a(mappable.o)
                0x00104138                mappableFree
 .text._ZN7MemPool13CoalesceRightEP8MemBlock
                0x00104188       0x98 c:/devkitPro/libctru/lib\libctru.a(mem_pool.o)
                0x00104188                MemPool::CoalesceRight(MemBlock*)
 .text._ZN7MemPool8AllocateER8MemChunkmi
                0x00104220      0x178 c:/devkitPro/libctru/lib\libctru.a(mem_pool.o)
                0x00104220                MemPool::Allocate(MemChunk&, unsigned long, int)
 .text._ZN7MemPool10DeallocateERK8MemChunk
                0x00104398      0x100 c:/devkitPro/libctru/lib\libctru.a(mem_pool.o)
                0x00104398                MemPool::Deallocate(MemChunk const&)
 .text._ZL21addrMapNodeComparatorPK11rbtree_nodeS1_
                0x00104498       0x24 c:/devkitPro/libctru/lib\libctru.a(vram.o)
 .text._ZL21addrMapNodeDestructorP11rbtree_node
                0x001044bc        0x4 c:/devkitPro/libctru/lib\libctru.a(vram.o)
 .text.vramMemAlign
                0x001044c0      0x12c c:/devkitPro/libctru/lib\libctru.a(vram.o)
                0x001044c0                vramMemAlign
 .text.vramAlloc
                0x001045ec        0x8 c:/devkitPro/libctru/lib\libctru.a(vram.o)
                0x001045ec                vramAlloc
 .text.vramFree
                0x001045f4       0x50 c:/devkitPro/libctru/lib\libctru.a(vram.o)
                0x001045f4                vramFree
 .text.getSysTime
                0x00104644       0x58 c:/devkitPro/libctru/lib\libctru.a(os.o)
 .text.osGetMemRegionUsed
                0x0010469c       0x24 c:/devkitPro/libctru/lib\libctru.a(os.o)
                0x0010469c                osGetMemRegionUsed
 .text.__libctru_gtod
                0x001046c0       0xf4 c:/devkitPro/libctru/lib\libctru.a(os.o)
                0x001046c0                __libctru_gtod
 .text.__ctru_speedup_config
                0x001047b4       0x34 c:/devkitPro/libctru/lib\libctru.a(os.o)
                0x001047b4                __ctru_speedup_config
 .text.srvExit  0x001047e8       0x58 c:/devkitPro/libctru/lib\libctru.a(srv.o)
                0x001047e8                srvExit
 .text.srvRegisterClient
                0x00104840       0x38 c:/devkitPro/libctru/lib\libctru.a(srv.o)
                0x00104840                srvRegisterClient
 .text.srvInit  0x00104878       0x7c c:/devkitPro/libctru/lib\libctru.a(srv.o)
                0x00104878                srvInit
 .text.srvGetServiceHandleDirect
                0x001048f4       0x68 c:/devkitPro/libctru/lib\libctru.a(srv.o)
                0x001048f4                srvGetServiceHandleDirect
 .text.srvGetServiceHandle
                0x0010495c       0x38 c:/devkitPro/libctru/lib\libctru.a(srv.o)
                0x0010495c                srvGetServiceHandle
 .text.LightLock_Unlock.part.1
                0x00104994       0x34 c:/devkitPro/libctru/lib\libctru.a(synchronization.o)
 .text.__sync_init
                0x001049c8        0xc c:/devkitPro/libctru/lib\libctru.a(synchronization.o)
                0x001049c8                __sync_init
 .text.__sync_fini
                0x001049d4       0x18 c:/devkitPro/libctru/lib\libctru.a(synchronization.o)
                0x001049d4                __sync_fini
 .text.__sync_get_arbiter
                0x001049ec       0x10 c:/devkitPro/libctru/lib\libctru.a(synchronization.o)
                0x001049ec                __sync_get_arbiter
 .text.LightLock_Init
                0x001049fc       0x18 c:/devkitPro/libctru/lib\libctru.a(synchronization.o)
                0x001049fc                LightLock_Init
 .text.LightLock_Lock
                0x00104a14       0xa0 c:/devkitPro/libctru/lib\libctru.a(synchronization.o)
                0x00104a14                LightLock_Lock
 .text.LightLock_TryLock
                0x00104ab4       0x34 c:/devkitPro/libctru/lib\libctru.a(synchronization.o)
                0x00104ab4                LightLock_TryLock
 .text.LightLock_Unlock
                0x00104ae8       0x20 c:/devkitPro/libctru/lib\libctru.a(synchronization.o)
                0x00104ae8                LightLock_Unlock
 .text.RecursiveLock_Init
                0x00104b08       0x24 c:/devkitPro/libctru/lib\libctru.a(synchronization.o)
                0x00104b08                RecursiveLock_Init
 .text.RecursiveLock_Lock
                0x00104b2c       0x30 c:/devkitPro/libctru/lib\libctru.a(synchronization.o)
                0x00104b2c                RecursiveLock_Lock
 .text.RecursiveLock_TryLock
                0x00104b5c       0x58 c:/devkitPro/libctru/lib\libctru.a(synchronization.o)
                0x00104b5c                RecursiveLock_TryLock
 .text.RecursiveLock_Unlock
                0x00104bb4       0x38 c:/devkitPro/libctru/lib\libctru.a(synchronization.o)
                0x00104bb4                RecursiveLock_Unlock
 .text.LightEvent_Init
                0x00104bec       0x38 c:/devkitPro/libctru/lib\libctru.a(synchronization.o)
                0x00104bec                LightEvent_Init
 .text.LightEvent_Clear
                0x00104c24       0x7c c:/devkitPro/libctru/lib\libctru.a(synchronization.o)
                0x00104c24                LightEvent_Clear
 .text.LightEvent_Signal
                0x00104ca0       0xdc c:/devkitPro/libctru/lib\libctru.a(synchronization.o)
                0x00104ca0                LightEvent_Signal
 .text.LightEvent_Wait
                0x00104d7c       0xd0 c:/devkitPro/libctru/lib\libctru.a(synchronization.o)
                0x00104d7c                LightEvent_Wait
 .text.threadFree.part.0
                0x00104e4c       0x1c c:/devkitPro/libctru/lib\libctru.a(thread.o)
 .text.threadCreate
                0x00104e68      0x1bc c:/devkitPro/libctru/lib\libctru.a(thread.o)
                0x00104e68                threadCreate
 .text.threadJoin
                0x00105024       0x24 c:/devkitPro/libctru/lib\libctru.a(thread.o)
                0x00105024                threadJoin
 .text.threadExit
                0x00105048       0x64 c:/devkitPro/libctru/lib\libctru.a(thread.o)
                0x00105048                threadExit
 .text._thread_begin
                0x001050ac       0x40 c:/devkitPro/libctru/lib\libctru.a(thread.o)
 .text.ptmSysmInit
                0x001050ec       0x74 c:/devkitPro/libctru/lib\libctru.a(ptmsysm.o)
                0x001050ec                ptmSysmInit
 .text.ptmSysmExit
                0x00105160       0x3c c:/devkitPro/libctru/lib\libctru.a(ptmsysm.o)
                0x00105160                ptmSysmExit
 .text.PTMSYSM_ConfigureNew3DSCPU
                0x0010519c       0x34 c:/devkitPro/libctru/lib\libctru.a(ptmsysm.o)
                0x0010519c                PTMSYSM_ConfigureNew3DSCPU
 .text.rbtree_find
                0x001051d0       0x70 c:/devkitPro/libctru/lib\libctru.a(rbtree_find.o)
                0x001051d0                rbtree_find
 .text.rbtree_init
                0x00105240       0x14 c:/devkitPro/libctru/lib\libctru.a(rbtree_init.o)
                0x00105240                rbtree_init
 .text.do_insert
                0x00105254      0x18c c:/devkitPro/libctru/lib\libctru.a(rbtree_insert.o)
 .text.rbtree_insert
                0x001053e0        0x8 c:/devkitPro/libctru/lib\libctru.a(rbtree_insert.o)
                0x001053e0                rbtree_insert
 .text.rbtree_remove
                0x001053e8      0x324 c:/devkitPro/libctru/lib\libctru.a(rbtree_remove.o)
                0x001053e8                rbtree_remove
 .text.rbtree_rotate
                0x0010570c       0x94 c:/devkitPro/libctru/lib\libctru.a(rbtree_rotate.o)
                0x0010570c                rbtree_rotate
 .text.osGetMemRegionSize
                0x001057a0       0x58 c:/devkitPro/libctru/lib\libctru.a(allocateHeaps.o)
 .text.__system_allocateHeaps
                0x001057f8      0x104 c:/devkitPro/libctru/lib\libctru.a(allocateHeaps.o)
                0x001057f8                __system_allocateHeaps
 .text.__appExit
                0x001058fc       0x1c c:/devkitPro/libctru/lib\libctru.a(appExit.o)
                0x001058fc                __appExit
 .text.__appInit
                0x00105918       0x1c c:/devkitPro/libctru/lib\libctru.a(appInit.o)
                0x00105918                __appInit
 .text.__libctru_exit
                0x00105934       0xa4 c:/devkitPro/libctru/lib\libctru.a(ctru_exit.o)
                0x00105934                __libctru_exit
 .text.envGetHandle
                0x001059d8       0x84 c:/devkitPro/libctru/lib\libctru.a(env.o)
                0x001059d8                envGetHandle
 .text.envDestroyHandles
                0x00105a5c       0x4c c:/devkitPro/libctru/lib\libctru.a(env.o)
                0x00105a5c                envDestroyHandles
 .text.sdmc_link
                0x00105aa8       0x10 c:/devkitPro/libctru/lib\libctru.a(sdmc_dev.o)
 .text.sdmc_dirreset
                0x00105ab8       0x10 c:/devkitPro/libctru/lib\libctru.a(sdmc_dev.o)
 .text.sdmc_fchmod
                0x00105ac8       0x10 c:/devkitPro/libctru/lib\libctru.a(sdmc_dev.o)
 .text.error_cmp
                0x00105ad8       0x24 c:/devkitPro/libctru/lib\libctru.a(sdmc_dev.o)
 .text.sdmc_translate_error
                0x00105afc       0x50 c:/devkitPro/libctru/lib\libctru.a(sdmc_dev.o)
 .text.sdmc_fsync
                0x00105b4c       0x34 c:/devkitPro/libctru/lib\libctru.a(sdmc_dev.o)
 .text.sdmc_ftruncate
                0x00105b80       0x54 c:/devkitPro/libctru/lib\libctru.a(sdmc_dev.o)
 .text.sdmc_statvfs
                0x00105bd4       0xb8 c:/devkitPro/libctru/lib\libctru.a(sdmc_dev.o)
 .text.sdmc_dirclose
                0x00105c8c       0x38 c:/devkitPro/libctru/lib\libctru.a(sdmc_dev.o)
 .text.sdmc_dirnext
                0x00105cc4      0x138 c:/devkitPro/libctru/lib\libctru.a(sdmc_dev.o)
 .text.sdmc_close
                0x00105dfc       0x34 c:/devkitPro/libctru/lib\libctru.a(sdmc_dev.o)
 .text.sdmc_fstat
                0x00105e30       0x74 c:/devkitPro/libctru/lib\libctru.a(sdmc_dev.o)
 .text.sdmc_seek
                0x00105ea4       0xd8 c:/devkitPro/libctru/lib\libctru.a(sdmc_dev.o)
 .text.sdmc_read
                0x00105f7c       0x84 c:/devkitPro/libctru/lib\libctru.a(sdmc_dev.o)
 .text.sdmc_write
                0x00106000       0xb8 c:/devkitPro/libctru/lib\libctru.a(sdmc_dev.o)
 .text.sdmc_utf16path
                0x001060b8      0x1ac c:/devkitPro/libctru/lib\libctru.a(sdmc_dev.o)
 .text.sdmc_rmdir
                0x00106264       0x74 c:/devkitPro/libctru/lib\libctru.a(sdmc_dev.o)
 .text.sdmc_diropen
                0x001062d8       0xa4 c:/devkitPro/libctru/lib\libctru.a(sdmc_dev.o)
 .text.sdmc_chdir
                0x0010637c       0xa0 c:/devkitPro/libctru/lib\libctru.a(sdmc_dev.o)
 .text.sdmc_mkdir
                0x0010641c       0x98 c:/devkitPro/libctru/lib\libctru.a(sdmc_dev.o)
 .text.sdmc_rename
                0x001064b4      0x108 c:/devkitPro/libctru/lib\libctru.a(sdmc_dev.o)
 .text.sdmc_unlink
                0x001065bc       0x74 c:/devkitPro/libctru/lib\libctru.a(sdmc_dev.o)
 .text.sdmc_stat
                0x00106630      0x108 c:/devkitPro/libctru/lib\libctru.a(sdmc_dev.o)
 .text.sdmc_open
                0x00106738      0x188 c:/devkitPro/libctru/lib\libctru.a(sdmc_dev.o)
 .text.sdmc_chmod
                0x001068c0       0x10 c:/devkitPro/libctru/lib\libctru.a(sdmc_dev.o)
 .text.sdmcInit
                0x001068d0      0x160 c:/devkitPro/libctru/lib\libctru.a(sdmc_dev.o)
                0x001068d0                sdmcInit
 .text.sdmcExit
                0x00106a30       0x60 c:/devkitPro/libctru/lib\libctru.a(sdmc_dev.o)
                0x00106a30                sdmcExit
 .text.fsSessionForArchive.part.0
                0x00106a90       0x28 c:/devkitPro/libctru/lib\libctru.a(fs.o)
 .text.fsInit   0x00106ab8       0xcc c:/devkitPro/libctru/lib\libctru.a(fs.o)
                0x00106ab8                fsInit
 .text.fsExit   0x00106b84       0x3c c:/devkitPro/libctru/lib\libctru.a(fs.o)
                0x00106b84                fsExit
 .text.fsExemptFromSession
                0x00106bc0       0xa0 c:/devkitPro/libctru/lib\libctru.a(fs.o)
                0x00106bc0                fsExemptFromSession
 .text.fsUnexemptFromSession
                0x00106c60       0x50 c:/devkitPro/libctru/lib\libctru.a(fs.o)
                0x00106c60                fsUnexemptFromSession
 .text.FSUSER_OpenFile
                0x00106cb0       0xbc c:/devkitPro/libctru/lib\libctru.a(fs.o)
                0x00106cb0                FSUSER_OpenFile
 .text.FSUSER_DeleteFile
                0x00106d6c       0xa4 c:/devkitPro/libctru/lib\libctru.a(fs.o)
                0x00106d6c                FSUSER_DeleteFile
 .text.FSUSER_RenameFile
                0x00106e10       0xe0 c:/devkitPro/libctru/lib\libctru.a(fs.o)
                0x00106e10                FSUSER_RenameFile
 .text.FSUSER_DeleteDirectory
                0x00106ef0       0xa4 c:/devkitPro/libctru/lib\libctru.a(fs.o)
                0x00106ef0                FSUSER_DeleteDirectory
 .text.FSUSER_CreateFile
                0x00106f94       0xbc c:/devkitPro/libctru/lib\libctru.a(fs.o)
                0x00106f94                FSUSER_CreateFile
 .text.FSUSER_CreateDirectory
                0x00107050       0xac c:/devkitPro/libctru/lib\libctru.a(fs.o)
                0x00107050                FSUSER_CreateDirectory
 .text.FSUSER_RenameDirectory
                0x001070fc       0xe0 c:/devkitPro/libctru/lib\libctru.a(fs.o)
                0x001070fc                FSUSER_RenameDirectory
 .text.FSUSER_OpenDirectory
                0x001071dc       0xa4 c:/devkitPro/libctru/lib\libctru.a(fs.o)
                0x001071dc                FSUSER_OpenDirectory
 .text.FSUSER_OpenArchive
                0x00107280       0x98 c:/devkitPro/libctru/lib\libctru.a(fs.o)
                0x00107280                FSUSER_OpenArchive
 .text.FSUSER_CloseArchive
                0x00107318       0x74 c:/devkitPro/libctru/lib\libctru.a(fs.o)
                0x00107318                FSUSER_CloseArchive
 .text.FSUSER_GetSdmcArchiveResource
                0x0010738c       0x78 c:/devkitPro/libctru/lib\libctru.a(fs.o)
                0x0010738c                FSUSER_GetSdmcArchiveResource
 .text.FSUSER_IsSdmcWritable
                0x00107404       0x64 c:/devkitPro/libctru/lib\libctru.a(fs.o)
                0x00107404                FSUSER_IsSdmcWritable
 .text.FSFILE_Read
                0x00107468       0x5c c:/devkitPro/libctru/lib\libctru.a(fs.o)
                0x00107468                FSFILE_Read
 .text.FSFILE_Write
                0x001074c4       0x64 c:/devkitPro/libctru/lib\libctru.a(fs.o)
                0x001074c4                FSFILE_Write
 .text.FSFILE_GetSize
                0x00107528       0x3c c:/devkitPro/libctru/lib\libctru.a(fs.o)
                0x00107528                FSFILE_GetSize
 .text.FSFILE_SetSize
                0x00107564       0x2c c:/devkitPro/libctru/lib\libctru.a(fs.o)
                0x00107564                FSFILE_SetSize
 .text.FSFILE_Close
                0x00107590       0x3c c:/devkitPro/libctru/lib\libctru.a(fs.o)
                0x00107590                FSFILE_Close
 .text.FSFILE_Flush
                0x001075cc       0x24 c:/devkitPro/libctru/lib\libctru.a(fs.o)
                0x001075cc                FSFILE_Flush
 .text.FSDIR_Read
                0x001075f0       0x54 c:/devkitPro/libctru/lib\libctru.a(fs.o)
                0x001075f0                FSDIR_Read
 .text.FSDIR_Close
                0x00107644       0x3c c:/devkitPro/libctru/lib\libctru.a(fs.o)
                0x00107644                FSDIR_Close
 .text.hidExit  0x00107680       0xd0 c:/devkitPro/libctru/lib\libctru.a(hid.o)
                0x00107680                hidExit
 .text.HIDUSER_GetHandles
                0x00107750       0x90 c:/devkitPro/libctru/lib\libctru.a(hid.o)
                0x00107750                HIDUSER_GetHandles
 .text.hidInit  0x001077e0      0x1ac c:/devkitPro/libctru/lib\libctru.a(hid.o)
                0x001077e0                hidInit
 .text.IRRST_GetHandles
                0x0010798c       0x50 c:/devkitPro/libctru/lib\libctru.a(irrst.o)
                0x0010798c                IRRST_GetHandles
 .text.irrstInit
                0x001079dc      0x15c c:/devkitPro/libctru/lib\libctru.a(irrst.o)
                0x001079dc                irrstInit
 .text.IRRST_Shutdown
                0x00107b38       0x2c c:/devkitPro/libctru/lib\libctru.a(irrst.o)
                0x00107b38                IRRST_Shutdown
 .text.irrstExit
                0x00107b64       0xac c:/devkitPro/libctru/lib\libctru.a(irrst.o)
                0x00107b64                irrstExit
 .text.rbtree_node_next
                0x00107c10       0x74 c:/devkitPro/libctru/lib\libctru.a(rbtree_iterator.o)
                0x00107c10                rbtree_node_next
 .text.decode_utf8
                0x00107c84      0x138 c:/devkitPro/libctru/lib\libctru.a(decode_utf8.o)
                0x00107c84                decode_utf8
 .text.utf16_to_utf8
                0x00107dbc       0xe8 c:/devkitPro/libctru/lib\libctru.a(utf16_to_utf8.o)
                0x00107dbc                utf16_to_utf8
 .text.utf8_to_utf16
                0x00107ea4       0xc0 c:/devkitPro/libctru/lib\libctru.a(utf8_to_utf16.o)
                0x00107ea4                utf8_to_utf16
 .text.__aeabi_read_tp
                0x00107f64        0xc c:/devkitPro/libctru/lib\libctru.a(readtp.o)
                0x00107f64                __aeabi_read_tp
 .text.decode_utf16
                0x00107f70       0x60 c:/devkitPro/libctru/lib\libctru.a(decode_utf16.o)
                0x00107f70                decode_utf16
 .text.encode_utf16
                0x00107fd0       0x68 c:/devkitPro/libctru/lib\libctru.a(encode_utf16.o)
                0x00107fd0                encode_utf16
 .text.encode_utf8
                0x00108038      0x104 c:/devkitPro/libctru/lib\libctru.a(encode_utf8.o)
                0x00108038                encode_utf8
 .text.__udivmoddi4
                0x0010813c      0x128 c:/devkitpro/devkitarm/bin/../lib/gcc/arm-none-eabi/6.3.0/armv6k/fpu\libgcc.a(_udivmoddi4.o)
                0x0010813c                __udivmoddi4
 .text.bsearch  0x00108264       0x74 c:/devkitpro/devkitarm/bin/../lib/gcc/arm-none-eabi/6.3.0/../../../../arm-none-eabi/lib/armv6k/fpu\libg.a(lib_a-bsearch.o)
                0x00108264                bsearch
 .text.__libc_fini_array
                0x001082d8       0x40 c:/devkitpro/devkitarm/bin/../lib/gcc/arm-none-eabi/6.3.0/../../../../arm-none-eabi/lib/armv6k/fpu\libg.a(lib_a-fini.o)
                0x001082d8                __libc_fini_array
 .text.__libc_init_array
                0x00108318       0x78 c:/devkitpro/devkitarm/bin/../lib/gcc/arm-none-eabi/6.3.0/../../../../arm-none-eabi/lib/armv6k/fpu\libg.a(lib_a-init.o)
                0x00108318                __libc_init_array
 .text.memalign
                0x00108390       0x20 c:/devkitpro/devkitarm/bin/../lib/gcc/arm-none-eabi/6.3.0/../../../../arm-none-eabi/lib/armv6k/fpu\libg.a(lib_a-malign.o)
                0x00108390                memalign
 .text._memalign_r
                0x001083b0      0x158 c:/devkitpro/devkitarm/bin/../lib/gcc/arm-none-eabi/6.3.0/../../../../arm-none-eabi/lib/armv6k/fpu\libg.a(lib_a-malignr.o)
                0x001083b0                _memalign_r
 .text.malloc   0x00108508       0x18 c:/devkitpro/devkitarm/bin/../lib/gcc/arm-none-eabi/6.3.0/../../../../arm-none-eabi/lib/armv6k/fpu\libg.a(lib_a-malloc.o)
                0x00108508                malloc
 .text.free     0x00108520       0x18 c:/devkitpro/devkitarm/bin/../lib/gcc/arm-none-eabi/6.3.0/../../../../arm-none-eabi/lib/armv6k/fpu\libg.a(lib_a-malloc.o)
                0x00108520                free
 .text._malloc_r
                0x00108538      0x78c c:/devkitpro/devkitarm/bin/../lib/gcc/arm-none-eabi/6.3.0/../../../../arm-none-eabi/lib/armv6k/fpu\libg.a(lib_a-mallocr.o)
                0x00108538                _malloc_r
 .text.memchr   0x00108cc4      0x104 c:/devkitpro/devkitarm/bin/../lib/gcc/arm-none-eabi/6.3.0/../../../../arm-none-eabi/lib/armv6k/fpu\libg.a(lib_a-memchr-stub.o)
                0x00108cc4                memchr
 .text.memcpy   0x00108dc8      0x114 c:/devkitpro/devkitarm/bin/../lib/gcc/arm-none-eabi/6.3.0/../../../../arm-none-eabi/lib/armv6k/fpu\libg.a(lib_a-memcpy-stub.o)
                0x00108dc8                memcpy
 .text.memset   0x00108edc      0x110 c:/devkitpro/devkitarm/bin/../lib/gcc/arm-none-eabi/6.3.0/../../../../arm-none-eabi/lib/armv6k/fpu\libg.a(lib_a-memset.o)
                0x00108edc                memset
 .text.__malloc_lock
                0x00108fec        0xc c:/devkitpro/devkitarm/bin/../lib/gcc/arm-none-eabi/6.3.0/../../../../arm-none-eabi/lib/armv6k/fpu\libg.a(lib_a-mlock.o)
                0x00108fec                __malloc_lock
 .text.__malloc_unlock
                0x00108ff8        0xc c:/devkitpro/devkitarm/bin/../lib/gcc/arm-none-eabi/6.3.0/../../../../arm-none-eabi/lib/armv6k/fpu\libg.a(lib_a-mlock.o)
                0x00108ff8                __malloc_unlock
 .text.printf   0x00109004       0x38 c:/devkitpro/devkitarm/bin/../lib/gcc/arm-none-eabi/6.3.0/../../../../arm-none-eabi/lib/armv6k/fpu\libg.a(lib_a-printf.o)
                0x00109004                printf
 .text.setvbuf  0x0010903c      0x258 c:/devkitpro/devkitarm/bin/../lib/gcc/arm-none-eabi/6.3.0/../../../../arm-none-eabi/lib/armv6k/fpu\libg.a(lib_a-setvbuf.o)
                0x0010903c                setvbuf
 .text.sscanf   0x00109294       0x74 c:/devkitpro/devkitarm/bin/../lib/gcc/arm-none-eabi/6.3.0/../../../../arm-none-eabi/lib/armv6k/fpu\libg.a(lib_a-sscanf.o)
                0x00109294                sscanf
 .text.__sread  0x00109308       0x3c c:/devkitpro/devkitarm/bin/../lib/gcc/arm-none-eabi/6.3.0/../../../../arm-none-eabi/lib/armv6k/fpu\libg.a(lib_a-stdio.o)
                0x00109308                __sread
 .text.__seofread
                0x00109344        0x8 c:/devkitpro/devkitarm/bin/../lib/gcc/arm-none-eabi/6.3.0/../../../../arm-none-eabi/lib/armv6k/fpu\libg.a(lib_a-stdio.o)
                0x00109344                __seofread
 .text.__swrite
                0x0010934c       0x64 c:/devkitpro/devkitarm/bin/../lib/gcc/arm-none-eabi/6.3.0/../../../../arm-none-eabi/lib/armv6k/fpu\libg.a(lib_a-stdio.o)
                0x0010934c                __swrite
 .text.__sseek  0x001093b0       0x4c c:/devkitpro/devkitarm/bin/../lib/gcc/arm-none-eabi/6.3.0/../../../../arm-none-eabi/lib/armv6k/fpu\libg.a(lib_a-stdio.o)
                0x001093b0                __sseek
 .text.__sclose
                0x001093fc        0x8 c:/devkitpro/devkitarm/bin/../lib/gcc/arm-none-eabi/6.3.0/../../../../arm-none-eabi/lib/armv6k/fpu\libg.a(lib_a-stdio.o)
                0x001093fc                __sclose
 .text.strlen   0x00109404       0x5c c:/devkitpro/devkitarm/bin/../lib/gcc/arm-none-eabi/6.3.0/../../../../arm-none-eabi/lib/armv6k/fpu\libg.a(lib_a-strlen-stub.o)
                0x00109404                strlen
 .text.strncat  0x00109460       0x9c c:/devkitpro/devkitarm/bin/../lib/gcc/arm-none-eabi/6.3.0/../../../../arm-none-eabi/lib/armv6k/fpu\libg.a(lib_a-strncat.o)
                0x00109460                strncat
 .text.strncpy  0x001094fc       0xd8 c:/devkitpro/devkitarm/bin/../lib/gcc/arm-none-eabi/6.3.0/../../../../arm-none-eabi/lib/armv6k/fpu\libg.a(lib_a-strncpy.o)
                0x001094fc                strncpy
 .text.__ssvfscanf_r
                0x001095d4     0x290c c:/devkitpro/devkitarm/bin/../lib/gcc/arm-none-eabi/6.3.0/../../../../arm-none-eabi/lib/armv6k/fpu\libg.a(lib_a-svfscanf.o)
                0x001095d4                __ssvfscanf_r
 .text.__sprint_r.part.0
                0x0010bee0       0x1c c:/devkitpro/devkitarm/bin/../lib/gcc/arm-none-eabi/6.3.0/../../../../arm-none-eabi/lib/armv6k/fpu\libg.a(lib_a-vfiprintf.o)
 .text.__sprint_r
                0x0010befc       0x1c c:/devkitpro/devkitarm/bin/../lib/gcc/arm-none-eabi/6.3.0/../../../../arm-none-eabi/lib/armv6k/fpu\libg.a(lib_a-vfiprintf.o)
                0x0010befc                __sprint_r
 .text.get_arg  0x0010bf18     0x1624 c:/devkitpro/devkitarm/bin/../lib/gcc/arm-none-eabi/6.3.0/../../../../arm-none-eabi/lib/armv6k/fpu\libg.a(lib_a-vfprintf.o)
 *fill*         0x0010d53c        0x4 
 .text._vfprintf_r
                0x0010d540     0x4314 c:/devkitpro/devkitarm/bin/../lib/gcc/arm-none-eabi/6.3.0/../../../../arm-none-eabi/lib/armv6k/fpu\libg.a(lib_a-vfprintf.o)
                0x0010d540                _vfprintf_r
 .text.__sbprintf
                0x00111854       0xcc c:/devkitpro/devkitarm/bin/../lib/gcc/arm-none-eabi/6.3.0/../../../../arm-none-eabi/lib/armv6k/fpu\libg.a(lib_a-vfprintf.o)
 .text._wcrtomb_r
                0x00111920       0xa0 c:/devkitpro/devkitarm/bin/../lib/gcc/arm-none-eabi/6.3.0/../../../../arm-none-eabi/lib/armv6k/fpu\libg.a(lib_a-wcrtomb.o)
                0x00111920                _wcrtomb_r
 .text._wcsrtombs_r
                0x001119c0       0x20 c:/devkitpro/devkitarm/bin/../lib/gcc/arm-none-eabi/6.3.0/../../../../arm-none-eabi/lib/armv6k/fpu\libg.a(lib_a-wcsrtombs.o)
                0x001119c0                _wcsrtombs_r
 .text.__swsetup_r
                0x001119e0      0x144 c:/devkitpro/devkitarm/bin/../lib/gcc/arm-none-eabi/6.3.0/../../../../arm-none-eabi/lib/armv6k/fpu\libg.a(lib_a-wsetup.o)
                0x001119e0                __swsetup_r
 .text.quorem   0x00111b24      0x1d0 c:/devkitpro/devkitarm/bin/../lib/gcc/arm-none-eabi/6.3.0/../../../../arm-none-eabi/lib/armv6k/fpu\libg.a(lib_a-dtoa.o)
 *fill*         0x00111cf4        0x4 
 .text._dtoa_r  0x00111cf8     0x1260 c:/devkitpro/devkitarm/bin/../lib/gcc/arm-none-eabi/6.3.0/../../../../arm-none-eabi/lib/armv6k/fpu\libg.a(lib_a-dtoa.o)
                0x00111cf8                _dtoa_r
 .text.__sflush_r
                0x00112f58      0x254 c:/devkitpro/devkitarm/bin/../lib/gcc/arm-none-eabi/6.3.0/../../../../arm-none-eabi/lib/armv6k/fpu\libg.a(lib_a-fflush.o)
                0x00112f58                __sflush_r
 .text._fflush_r
                0x001131ac       0x94 c:/devkitpro/devkitarm/bin/../lib/gcc/arm-none-eabi/6.3.0/../../../../arm-none-eabi/lib/armv6k/fpu\libg.a(lib_a-fflush.o)
                0x001131ac                _fflush_r
 .text._cleanup_r
                0x00113240        0xc c:/devkitpro/devkitarm/bin/../lib/gcc/arm-none-eabi/6.3.0/../../../../arm-none-eabi/lib/armv6k/fpu\libg.a(lib_a-findfp.o)
                0x00113240                _cleanup_r
 .text.std.isra.0
                0x0011324c       0x80 c:/devkitpro/devkitarm/bin/../lib/gcc/arm-none-eabi/6.3.0/../../../../arm-none-eabi/lib/armv6k/fpu\libg.a(lib_a-findfp.o)
 .text.__sinit  0x001132cc       0x8c c:/devkitpro/devkitarm/bin/../lib/gcc/arm-none-eabi/6.3.0/../../../../arm-none-eabi/lib/armv6k/fpu\libg.a(lib_a-findfp.o)
                0x001132cc                __sinit
 .text.__sfp_lock_acquire
                0x00113358        0xc c:/devkitpro/devkitarm/bin/../lib/gcc/arm-none-eabi/6.3.0/../../../../arm-none-eabi/lib/armv6k/fpu\libg.a(lib_a-findfp.o)
                0x00113358                __sfp_lock_acquire
 .text.__sfp_lock_release
                0x00113364        0xc c:/devkitpro/devkitarm/bin/../lib/gcc/arm-none-eabi/6.3.0/../../../../arm-none-eabi/lib/armv6k/fpu\libg.a(lib_a-findfp.o)
                0x00113364                __sfp_lock_release
 .text._malloc_trim_r
                0x00113370       0xf8 c:/devkitpro/devkitarm/bin/../lib/gcc/arm-none-eabi/6.3.0/../../../../arm-none-eabi/lib/armv6k/fpu\libg.a(lib_a-freer.o)
                0x00113370                _malloc_trim_r
 .text._free_r  0x00113468      0x2e4 c:/devkitpro/devkitarm/bin/../lib/gcc/arm-none-eabi/6.3.0/../../../../arm-none-eabi/lib/armv6k/fpu\libg.a(lib_a-freer.o)
                0x00113468                _free_r
 .text.__sfvwrite_r
                0x0011374c      0x4ac c:/devkitpro/devkitarm/bin/../lib/gcc/arm-none-eabi/6.3.0/../../../../arm-none-eabi/lib/armv6k/fpu\libg.a(lib_a-fvwrite.o)
                0x0011374c                __sfvwrite_r
 .text._fwalk_reent
                0x00113bf8       0x80 c:/devkitpro/devkitarm/bin/../lib/gcc/arm-none-eabi/6.3.0/../../../../arm-none-eabi/lib/armv6k/fpu\libg.a(lib_a-fwalk.o)
                0x00113bf8                _fwalk_reent
 .text.iswspace
                0x00113c78       0x74 c:/devkitpro/devkitarm/bin/../lib/gcc/arm-none-eabi/6.3.0/../../../../arm-none-eabi/lib/armv6k/fpu\libg.a(lib_a-iswspace.o)
                0x00113c78                iswspace
 .text.__jp2uc  0x00113cec      0x204 c:/devkitpro/devkitarm/bin/../lib/gcc/arm-none-eabi/6.3.0/../../../../arm-none-eabi/lib/armv6k/fpu\libg.a(lib_a-jp2uc.o)
 .text._jp2uc   0x00113ef0       0xc8 c:/devkitpro/devkitarm/bin/../lib/gcc/arm-none-eabi/6.3.0/../../../../arm-none-eabi/lib/armv6k/fpu\libg.a(lib_a-jp2uc.o)
                0x00113ef0                _jp2uc
 .text.__localeconv_l
                0x00113fb8        0x8 c:/devkitpro/devkitarm/bin/../lib/gcc/arm-none-eabi/6.3.0/../../../../arm-none-eabi/lib/armv6k/fpu\libg.a(lib_a-localeconv.o)
                0x00113fb8                __localeconv_l
 .text._localeconv_r
                0x00113fc0       0x24 c:/devkitpro/devkitarm/bin/../lib/gcc/arm-none-eabi/6.3.0/../../../../arm-none-eabi/lib/armv6k/fpu\libg.a(lib_a-localeconv.o)
                0x00113fc0                _localeconv_r
 .text.__locale_mb_cur_max
                0x00113fe4       0x24 c:/devkitpro/devkitarm/bin/../lib/gcc/arm-none-eabi/6.3.0/../../../../arm-none-eabi/lib/armv6k/fpu\libg.a(lib_a-locale.o)
                0x00113fe4                __locale_mb_cur_max
 .text.__locale_ctype_ptr_l
                0x00114008        0x8 c:/devkitpro/devkitarm/bin/../lib/gcc/arm-none-eabi/6.3.0/../../../../arm-none-eabi/lib/armv6k/fpu\libg.a(lib_a-locale.o)
                0x00114008                __locale_ctype_ptr_l
 .text.__locale_ctype_ptr
                0x00114010       0x24 c:/devkitpro/devkitarm/bin/../lib/gcc/arm-none-eabi/6.3.0/../../../../arm-none-eabi/lib/armv6k/fpu\libg.a(lib_a-locale.o)
                0x00114010                __locale_ctype_ptr
 .text.__swhatbuf_r
                0x00114034       0x94 c:/devkitpro/devkitarm/bin/../lib/gcc/arm-none-eabi/6.3.0/../../../../arm-none-eabi/lib/armv6k/fpu\libg.a(lib_a-makebuf.o)
                0x00114034                __swhatbuf_r
 .text.__smakebuf_r
                0x001140c8       0xf4 c:/devkitpro/devkitarm/bin/../lib/gcc/arm-none-eabi/6.3.0/../../../../arm-none-eabi/lib/armv6k/fpu\libg.a(lib_a-makebuf.o)
                0x001140c8                __smakebuf_r
 .text._mbrtowc_r
                0x001141bc       0xb4 c:/devkitpro/devkitarm/bin/../lib/gcc/arm-none-eabi/6.3.0/../../../../arm-none-eabi/lib/armv6k/fpu\libg.a(lib_a-mbrtowc.o)
                0x001141bc                _mbrtowc_r
 .text.__utf8_mbtowc
                0x00114270      0x300 c:/devkitpro/devkitarm/bin/../lib/gcc/arm-none-eabi/6.3.0/../../../../arm-none-eabi/lib/armv6k/fpu\libg.a(lib_a-mbtowc_r.o)
                0x00114270                __utf8_mbtowc
 .text.memmove  0x00114570      0x148 c:/devkitpro/devkitarm/bin/../lib/gcc/arm-none-eabi/6.3.0/../../../../arm-none-eabi/lib/armv6k/fpu\libg.a(lib_a-memmove.o)
                0x00114570                memmove
 .text._Balloc  0x001146b8       0x88 c:/devkitpro/devkitarm/bin/../lib/gcc/arm-none-eabi/6.3.0/../../../../arm-none-eabi/lib/armv6k/fpu\libg.a(lib_a-mprec.o)
                0x001146b8                _Balloc
 .text._Bfree   0x00114740       0x1c c:/devkitpro/devkitarm/bin/../lib/gcc/arm-none-eabi/6.3.0/../../../../arm-none-eabi/lib/armv6k/fpu\libg.a(lib_a-mprec.o)
                0x00114740                _Bfree
 .text.__multadd
                0x0011475c       0xd8 c:/devkitpro/devkitarm/bin/../lib/gcc/arm-none-eabi/6.3.0/../../../../arm-none-eabi/lib/armv6k/fpu\libg.a(lib_a-mprec.o)
                0x0011475c                __multadd
 .text.__s2b    0x00114834       0xf0 c:/devkitpro/devkitarm/bin/../lib/gcc/arm-none-eabi/6.3.0/../../../../arm-none-eabi/lib/armv6k/fpu\libg.a(lib_a-mprec.o)
                0x00114834                __s2b
 .text.__hi0bits
                0x00114924       0x58 c:/devkitpro/devkitarm/bin/../lib/gcc/arm-none-eabi/6.3.0/../../../../arm-none-eabi/lib/armv6k/fpu\libg.a(lib_a-mprec.o)
                0x00114924                __hi0bits
 .text.__lo0bits
                0x0011497c       0x9c c:/devkitpro/devkitarm/bin/../lib/gcc/arm-none-eabi/6.3.0/../../../../arm-none-eabi/lib/armv6k/fpu\libg.a(lib_a-mprec.o)
                0x0011497c                __lo0bits
 .text.__i2b    0x00114a18       0x20 c:/devkitpro/devkitarm/bin/../lib/gcc/arm-none-eabi/6.3.0/../../../../arm-none-eabi/lib/armv6k/fpu\libg.a(lib_a-mprec.o)
                0x00114a18                __i2b
 .text.__multiply
                0x00114a38      0x1cc c:/devkitpro/devkitarm/bin/../lib/gcc/arm-none-eabi/6.3.0/../../../../arm-none-eabi/lib/armv6k/fpu\libg.a(lib_a-mprec.o)
                0x00114a38                __multiply
 .text.__pow5mult
                0x00114c04      0x100 c:/devkitpro/devkitarm/bin/../lib/gcc/arm-none-eabi/6.3.0/../../../../arm-none-eabi/lib/armv6k/fpu\libg.a(lib_a-mprec.o)
                0x00114c04                __pow5mult
 .text.__lshift
                0x00114d04       0xe4 c:/devkitpro/devkitarm/bin/../lib/gcc/arm-none-eabi/6.3.0/../../../../arm-none-eabi/lib/armv6k/fpu\libg.a(lib_a-mprec.o)
                0x00114d04                __lshift
 .text.__mcmp   0x00114de8       0x60 c:/devkitpro/devkitarm/bin/../lib/gcc/arm-none-eabi/6.3.0/../../../../arm-none-eabi/lib/armv6k/fpu\libg.a(lib_a-mprec.o)
                0x00114de8                __mcmp
 .text.__mdiff  0x00114e48      0x198 c:/devkitpro/devkitarm/bin/../lib/gcc/arm-none-eabi/6.3.0/../../../../arm-none-eabi/lib/armv6k/fpu\libg.a(lib_a-mprec.o)
                0x00114e48                __mdiff
 .text.__ulp    0x00114fe0       0x78 c:/devkitpro/devkitarm/bin/../lib/gcc/arm-none-eabi/6.3.0/../../../../arm-none-eabi/lib/armv6k/fpu\libg.a(lib_a-mprec.o)
                0x00114fe0                __ulp
 .text.__b2d    0x00115058       0xd4 c:/devkitpro/devkitarm/bin/../lib/gcc/arm-none-eabi/6.3.0/../../../../arm-none-eabi/lib/armv6k/fpu\libg.a(lib_a-mprec.o)
                0x00115058                __b2d
 .text.__d2b    0x0011512c      0x108 c:/devkitpro/devkitarm/bin/../lib/gcc/arm-none-eabi/6.3.0/../../../../arm-none-eabi/lib/armv6k/fpu\libg.a(lib_a-mprec.o)
                0x0011512c                __d2b
 .text.__ratio  0x00115234       0x7c c:/devkitpro/devkitarm/bin/../lib/gcc/arm-none-eabi/6.3.0/../../../../arm-none-eabi/lib/armv6k/fpu\libg.a(lib_a-mprec.o)
                0x00115234                __ratio
 .text.__copybits
                0x001152b0       0x6c c:/devkitpro/devkitarm/bin/../lib/gcc/arm-none-eabi/6.3.0/../../../../arm-none-eabi/lib/armv6k/fpu\libg.a(lib_a-mprec.o)
                0x001152b0                __copybits
 .text.__any_on
                0x0011531c       0x80 c:/devkitpro/devkitarm/bin/../lib/gcc/arm-none-eabi/6.3.0/../../../../arm-none-eabi/lib/armv6k/fpu\libg.a(lib_a-mprec.o)
                0x0011531c                __any_on
 .text._realloc_r
                0x0011539c      0x4cc c:/devkitpro/devkitarm/bin/../lib/gcc/arm-none-eabi/6.3.0/../../../../arm-none-eabi/lib/armv6k/fpu\libg.a(lib_a-reallocr.o)
                0x0011539c                _realloc_r
 .text.__sccl   0x00115868       0xcc c:/devkitpro/devkitarm/bin/../lib/gcc/arm-none-eabi/6.3.0/../../../../arm-none-eabi/lib/armv6k/fpu\libg.a(lib_a-sccl.o)
                0x00115868                __sccl
 .text.nanf     0x00115934        0xc c:/devkitpro/devkitarm/bin/../lib/gcc/arm-none-eabi/6.3.0/../../../../arm-none-eabi/lib/armv6k/fpu\libg.a(lib_a-sf_nan.o)
                0x00115934                nanf
 .text.frexp    0x00115940       0x9c c:/devkitpro/devkitarm/bin/../lib/gcc/arm-none-eabi/6.3.0/../../../../arm-none-eabi/lib/armv6k/fpu\libg.a(lib_a-s_frexp.o)
                0x00115940                frexp
 .text.sprintf  0x001159dc       0x68 c:/devkitpro/devkitarm/bin/../lib/gcc/arm-none-eabi/6.3.0/../../../../arm-none-eabi/lib/armv6k/fpu\libg.a(lib_a-sprintf.o)
                0x001159dc                sprintf
 .text.stpncpy  0x00115a44      0x100 c:/devkitpro/devkitarm/bin/../lib/gcc/arm-none-eabi/6.3.0/../../../../arm-none-eabi/lib/armv6k/fpu\libg.a(lib_a-stpncpy.o)
                0x00115a44                stpncpy
 .text.strchr   0x00115b44      0x1ac c:/devkitpro/devkitarm/bin/../lib/gcc/arm-none-eabi/6.3.0/../../../../arm-none-eabi/lib/armv6k/fpu\libg.a(lib_a-strchr.o)
                0x00115b44                strchr
 .text.strncmp  0x00115cf0      0x108 c:/devkitpro/devkitarm/bin/../lib/gcc/arm-none-eabi/6.3.0/../../../../arm-none-eabi/lib/armv6k/fpu\libg.a(lib_a-strncmp.o)
                0x00115cf0                strncmp
 .text.unlikely.sulp
                0x00115df8       0x54 c:/devkitpro/devkitarm/bin/../lib/gcc/arm-none-eabi/6.3.0/../../../../arm-none-eabi/lib/armv6k/fpu\libg.a(lib_a-strtod.o)
 *fill*         0x00115e4c        0x4 
 .text._strtod_l
                0x00115e50     0x1434 c:/devkitpro/devkitarm/bin/../lib/gcc/arm-none-eabi/6.3.0/../../../../arm-none-eabi/lib/armv6k/fpu\libg.a(lib_a-strtod.o)
                0x00115e50                _strtod_l
 .text._strtod_r
                0x00117284       0x3c c:/devkitpro/devkitarm/bin/../lib/gcc/arm-none-eabi/6.3.0/../../../../arm-none-eabi/lib/armv6k/fpu\libg.a(lib_a-strtod.o)
                0x00117284                _strtod_r
 .text._strtoll_l.isra.0
                0x001172c0      0x2dc c:/devkitpro/devkitarm/bin/../lib/gcc/arm-none-eabi/6.3.0/../../../../arm-none-eabi/lib/armv6k/fpu\libg.a(lib_a-strtoll.o)
 .text._strtoll_r
                0x0011759c       0x50 c:/devkitpro/devkitarm/bin/../lib/gcc/arm-none-eabi/6.3.0/../../../../arm-none-eabi/lib/armv6k/fpu\libg.a(lib_a-strtoll.o)
                0x0011759c                _strtoll_r
 .text._strtol_l.isra.0
                0x001175ec      0x220 c:/devkitpro/devkitarm/bin/../lib/gcc/arm-none-eabi/6.3.0/../../../../arm-none-eabi/lib/armv6k/fpu\libg.a(lib_a-strtol.o)
 .text._strtol_r
                0x0011780c       0x50 c:/devkitpro/devkitarm/bin/../lib/gcc/arm-none-eabi/6.3.0/../../../../arm-none-eabi/lib/armv6k/fpu\libg.a(lib_a-strtol.o)
                0x0011780c                _strtol_r
 *fill*         0x0011785c        0x4 
 .text._strtoull_l.isra.0
                0x00117860      0x268 c:/devkitpro/devkitarm/bin/../lib/gcc/arm-none-eabi/6.3.0/../../../../arm-none-eabi/lib/armv6k/fpu\libg.a(lib_a-strtoull.o)
 .text._strtoull_r
                0x00117ac8       0x50 c:/devkitpro/devkitarm/bin/../lib/gcc/arm-none-eabi/6.3.0/../../../../arm-none-eabi/lib/armv6k/fpu\libg.a(lib_a-strtoull.o)
                0x00117ac8                _strtoull_r
 .text._strtoul_l.isra.0
                0x00117b18      0x1e4 c:/devkitpro/devkitarm/bin/../lib/gcc/arm-none-eabi/6.3.0/../../../../arm-none-eabi/lib/armv6k/fpu\libg.a(lib_a-strtoul.o)
 .text._strtoul_r
                0x00117cfc       0x50 c:/devkitpro/devkitarm/bin/../lib/gcc/arm-none-eabi/6.3.0/../../../../arm-none-eabi/lib/armv6k/fpu\libg.a(lib_a-strtoul.o)
                0x00117cfc                _strtoul_r
 .text.__ssprint_r
                0x00117d4c      0x188 c:/devkitpro/devkitarm/bin/../lib/gcc/arm-none-eabi/6.3.0/../../../../arm-none-eabi/lib/armv6k/fpu\libg.a(lib_a-svfiprintf.o)
                0x00117d4c                __ssprint_r
 .text._sungetc_r
                0x00117ed4       0xe8 c:/devkitpro/devkitarm/bin/../lib/gcc/arm-none-eabi/6.3.0/../../../../arm-none-eabi/lib/armv6k/fpu\libg.a(lib_a-svfiscanf.o)
                0x00117ed4                _sungetc_r
 .text.__ssrefill_r
                0x00117fbc       0x6c c:/devkitpro/devkitarm/bin/../lib/gcc/arm-none-eabi/6.3.0/../../../../arm-none-eabi/lib/armv6k/fpu\libg.a(lib_a-svfiscanf.o)
                0x00117fbc                __ssrefill_r
 .text._sfread_r
                0x00118028       0xd0 c:/devkitpro/devkitarm/bin/../lib/gcc/arm-none-eabi/6.3.0/../../../../arm-none-eabi/lib/armv6k/fpu\libg.a(lib_a-svfiscanf.o)
                0x00118028                _sfread_r
 .text.get_arg  0x001180f8     0x1624 c:/devkitpro/devkitarm/bin/../lib/gcc/arm-none-eabi/6.3.0/../../../../arm-none-eabi/lib/armv6k/fpu\libg.a(lib_a-svfprintf.o)
 *fill*         0x0011971c        0x4 
 .text._svfprintf_r
                0x00119720     0x41c4 c:/devkitpro/devkitarm/bin/../lib/gcc/arm-none-eabi/6.3.0/../../../../arm-none-eabi/lib/armv6k/fpu\libg.a(lib_a-svfprintf.o)
                0x00119720                _svfprintf_r
 .text.__submore
                0x0011d8e4       0xa8 c:/devkitpro/devkitarm/bin/../lib/gcc/arm-none-eabi/6.3.0/../../../../arm-none-eabi/lib/armv6k/fpu\libg.a(lib_a-ungetc.o)
                0x0011d8e4                __submore
 .text._wcsnrtombs_l
                0x0011d98c      0x174 c:/devkitpro/devkitarm/bin/../lib/gcc/arm-none-eabi/6.3.0/../../../../arm-none-eabi/lib/armv6k/fpu\libg.a(lib_a-wcsnrtombs.o)
                0x0011d98c                _wcsnrtombs_l
 .text._wcsnrtombs_r
                0x0011db00       0x64 c:/devkitpro/devkitarm/bin/../lib/gcc/arm-none-eabi/6.3.0/../../../../arm-none-eabi/lib/armv6k/fpu\libg.a(lib_a-wcsnrtombs.o)
                0x0011db00                _wcsnrtombs_r
 .text.__utf8_wctomb
                0x0011db64       0xe8 c:/devkitpro/devkitarm/bin/../lib/gcc/arm-none-eabi/6.3.0/../../../../arm-none-eabi/lib/armv6k/fpu\libg.a(lib_a-wctomb_r.o)
                0x0011db64                __utf8_wctomb
 .text._calloc_r
                0x0011dc4c       0x90 c:/devkitpro/devkitarm/bin/../lib/gcc/arm-none-eabi/6.3.0/../../../../arm-none-eabi/lib/armv6k/fpu\libg.a(lib_a-callocr.o)
                0x0011dc4c                _calloc_r
 .text._fclose_r
                0x0011dcdc      0x154 c:/devkitpro/devkitarm/bin/../lib/gcc/arm-none-eabi/6.3.0/../../../../arm-none-eabi/lib/armv6k/fpu\libg.a(lib_a-fclose.o)
                0x0011dcdc                _fclose_r
 .text.rshift   0x0011de30       0xf0 c:/devkitpro/devkitarm/bin/../lib/gcc/arm-none-eabi/6.3.0/../../../../arm-none-eabi/lib/armv6k/fpu\libg.a(lib_a-gdtoa-gethex.o)
 .text.__gethex
                0x0011df20      0x7f4 c:/devkitpro/devkitarm/bin/../lib/gcc/arm-none-eabi/6.3.0/../../../../arm-none-eabi/lib/armv6k/fpu\libg.a(lib_a-gdtoa-gethex.o)
                0x0011df20                __gethex
 .text.__match  0x0011e714       0x64 c:/devkitpro/devkitarm/bin/../lib/gcc/arm-none-eabi/6.3.0/../../../../arm-none-eabi/lib/armv6k/fpu\libg.a(lib_a-gdtoa-hexnan.o)
                0x0011e714                __match
 .text.__hexnan
                0x0011e778      0x264 c:/devkitpro/devkitarm/bin/../lib/gcc/arm-none-eabi/6.3.0/../../../../arm-none-eabi/lib/armv6k/fpu\libg.a(lib_a-gdtoa-hexnan.o)
                0x0011e778                __hexnan
 .text.null_write
                0x0011e9dc        0x8 c:/devkitpro/devkitarm/bin/../lib/gcc/arm-none-eabi/6.3.0/../../../../arm-none-eabi/lib/armv6k/fpu\libsysbase.a(iosupport.o)
 .text.setDefaultDevice
                0x0011e9e4       0x18 c:/devkitpro/devkitarm/bin/../lib/gcc/arm-none-eabi/6.3.0/../../../../arm-none-eabi/lib/armv6k/fpu\libsysbase.a(iosupport.o)
                0x0011e9e4                setDefaultDevice
 .text.FindDevice
                0x0011e9fc       0xcc c:/devkitpro/devkitarm/bin/../lib/gcc/arm-none-eabi/6.3.0/../../../../arm-none-eabi/lib/armv6k/fpu\libsysbase.a(iosupport.o)
                0x0011e9fc                FindDevice
 .text.RemoveDevice
                0x0011eac8       0x28 c:/devkitpro/devkitarm/bin/../lib/gcc/arm-none-eabi/6.3.0/../../../../arm-none-eabi/lib/armv6k/fpu\libsysbase.a(iosupport.o)
                0x0011eac8                RemoveDevice
 .text.AddDevice
                0x0011eaf0       0x98 c:/devkitpro/devkitarm/bin/../lib/gcc/arm-none-eabi/6.3.0/../../../../arm-none-eabi/lib/armv6k/fpu\libsysbase.a(iosupport.o)
                0x0011eaf0                AddDevice
 .text._close_r
                0x0011eb88       0x84 c:/devkitpro/devkitarm/bin/../lib/gcc/arm-none-eabi/6.3.0/../../../../arm-none-eabi/lib/armv6k/fpu\libsysbase.a(close.o)
                0x0011eb88                _close_r
 .text._fstat_r
                0x0011ec0c       0x7c c:/devkitpro/devkitarm/bin/../lib/gcc/arm-none-eabi/6.3.0/../../../../arm-none-eabi/lib/armv6k/fpu\libsysbase.a(fstat.o)
                0x0011ec0c                _fstat_r
 .text._isatty_r
                0x0011ec88        0x8 c:/devkitpro/devkitarm/bin/../lib/gcc/arm-none-eabi/6.3.0/../../../../arm-none-eabi/lib/armv6k/fpu\libsysbase.a(isatty.o)
                0x0011ec88                _isatty_r
 .text._lseek_r
                0x0011ec90       0x90 c:/devkitpro/devkitarm/bin/../lib/gcc/arm-none-eabi/6.3.0/../../../../arm-none-eabi/lib/armv6k/fpu\libsysbase.a(lseek.o)
                0x0011ec90                _lseek_r
 .text._read_r  0x0011ed20       0x88 c:/devkitpro/devkitarm/bin/../lib/gcc/arm-none-eabi/6.3.0/../../../../arm-none-eabi/lib/armv6k/fpu\libsysbase.a(read.o)
                0x0011ed20                _read_r
 .text._sbrk_r  0x0011eda8       0x70 c:/devkitpro/devkitarm/bin/../lib/gcc/arm-none-eabi/6.3.0/../../../../arm-none-eabi/lib/armv6k/fpu\libsysbase.a(sbrk.o)
                0x0011eda8                _sbrk_r
 .text._write_r
                0x0011ee18       0x88 c:/devkitpro/devkitarm/bin/../lib/gcc/arm-none-eabi/6.3.0/../../../../arm-none-eabi/lib/armv6k/fpu\libsysbase.a(write.o)
                0x0011ee18                _write_r
 .text._concatenate_path
                0x0011eea0      0x1d4 c:/devkitpro/devkitarm/bin/../lib/gcc/arm-none-eabi/6.3.0/../../../../arm-none-eabi/lib/armv6k/fpu\libsysbase.a(chdir.o)
                0x0011eea0                _concatenate_path
 .text.chdir    0x0011f074      0x15c c:/devkitpro/devkitarm/bin/../lib/gcc/arm-none-eabi/6.3.0/../../../../arm-none-eabi/lib/armv6k/fpu\libsysbase.a(chdir.o)
                0x0011f074                chdir
 .text.__flockfile
                0x0011f1d0        0x8 c:/devkitpro/devkitarm/bin/../lib/gcc/arm-none-eabi/6.3.0/../../../../arm-none-eabi/lib/armv6k/fpu\libsysbase.a(flock.o)
                0x0011f1d0                __flockfile
 .text.__funlockfile
                0x0011f1d8        0x8 c:/devkitpro/devkitarm/bin/../lib/gcc/arm-none-eabi/6.3.0/../../../../arm-none-eabi/lib/armv6k/fpu\libsysbase.a(flock.o)
                0x0011f1d8                __funlockfile
 .text.__libc_lock_acquire
                0x0011f1e0       0x18 c:/devkitpro/devkitarm/bin/../lib/gcc/arm-none-eabi/6.3.0/../../../../arm-none-eabi/lib/armv6k/fpu\libsysbase.a(syscall_support.o)
                0x0011f1e0                __libc_lock_acquire
 .text.__libc_lock_release
                0x0011f1f8       0x18 c:/devkitpro/devkitarm/bin/../lib/gcc/arm-none-eabi/6.3.0/../../../../arm-none-eabi/lib/armv6k/fpu\libsysbase.a(syscall_support.o)
                0x0011f1f8                __libc_lock_release
 .text.__libc_lock_init_recursive
                0x0011f210       0x18 c:/devkitpro/devkitarm/bin/../lib/gcc/arm-none-eabi/6.3.0/../../../../arm-none-eabi/lib/armv6k/fpu\libsysbase.a(syscall_support.o)
                0x0011f210                __libc_lock_init_recursive
 .text.__libc_lock_acquire_recursive
                0x0011f228       0x18 c:/devkitpro/devkitarm/bin/../lib/gcc/arm-none-eabi/6.3.0/../../../../arm-none-eabi/lib/armv6k/fpu\libsysbase.a(syscall_support.o)
                0x0011f228                __libc_lock_acquire_recursive
 .text.__libc_lock_release_recursive
                0x0011f240       0x18 c:/devkitpro/devkitarm/bin/../lib/gcc/arm-none-eabi/6.3.0/../../../../arm-none-eabi/lib/armv6k/fpu\libsysbase.a(syscall_support.o)
                0x0011f240                __libc_lock_release_recursive
 .text.__libc_lock_close_recursive
                0x0011f258       0x18 c:/devkitpro/devkitarm/bin/../lib/gcc/arm-none-eabi/6.3.0/../../../../arm-none-eabi/lib/armv6k/fpu\libsysbase.a(syscall_support.o)
                0x0011f258                __libc_lock_close_recursive
 .text.__free_handle
                0x0011f270       0x4c c:/devkitpro/devkitarm/bin/../lib/gcc/arm-none-eabi/6.3.0/../../../../arm-none-eabi/lib/armv6k/fpu\libsysbase.a(handle_manager.o)
                0x0011f270                __free_handle
 .text.__release_handle
                0x0011f2bc       0x40 c:/devkitpro/devkitarm/bin/../lib/gcc/arm-none-eabi/6.3.0/../../../../arm-none-eabi/lib/armv6k/fpu\libsysbase.a(handle_manager.o)
                0x0011f2bc                __release_handle
 .text.__get_handle
                0x0011f2fc       0x18 c:/devkitpro/devkitarm/bin/../lib/gcc/arm-none-eabi/6.3.0/../../../../arm-none-eabi/lib/armv6k/fpu\libsysbase.a(handle_manager.o)
                0x0011f2fc                __get_handle
 .text.__getreent
                0x0011f314       0x28 c:/devkitpro/devkitarm/bin/../lib/gcc/arm-none-eabi/6.3.0/../../../../arm-none-eabi/lib/armv6k/fpu\libsysbase.a(getreent.o)
                0x0011f314                __getreent
 .text.strnlen  0x0011f33c       0x5c c:/devkitpro/devkitarm/bin/../lib/gcc/arm-none-eabi/6.3.0/../../../../arm-none-eabi/lib/armv6k/fpu\libg.a(lib_a-strnlen.o)
                0x0011f33c                strnlen
 .text.strrchr  0x0011f398       0x44 c:/devkitpro/devkitarm/bin/../lib/gcc/arm-none-eabi/6.3.0/../../../../arm-none-eabi/lib/armv6k/fpu\libg.a(lib_a-strrchr.o)
                0x0011f398                strrchr
 *(.glue_7)
 .glue_7        0x0011f3dc        0x0 linker stubs
 *(.glue_7t)
 .glue_7t       0x0011f3dc        0x0 linker stubs
 *(.stub)
 *(.gnu.warning)
 *(.gnu.linkonce.t*)
                0x0011f3dc                . = ALIGN (0x4)
 *(.fini)
 .fini          0x0011f3dc        0xc c:/devkitpro/devkitarm/bin/../lib/gcc/arm-none-eabi/6.3.0/armv6k/fpu/crti.o
                0x0011f3dc                _fini
 .fini          0x0011f3e8        0xc c:/devkitpro/devkitarm/bin/../lib/gcc/arm-none-eabi/6.3.0/armv6k/fpu/crtn.o
                0x0011f3f4                . = ALIGN (0x4)

.vfp11_veneer   0x0011f3f4        0x0
 .vfp11_veneer  0x0011f3f4        0x0 linker stubs

.v4_bx          0x0011f3f4        0x0
 .v4_bx         0x0011f3f4        0x0 linker stubs

.iplt           0x0011f3f4        0x0
 .iplt          0x0011f3f4        0x0 c:/devkitpro/devkitarm/bin/../lib/gcc/arm-none-eabi/6.3.0/../../../../arm-none-eabi/lib/armv6k/fpu/3dsx_crt0.o

.rodata         0x00120000     0x4578
 *(.rodata)
 .rodata        0x00120000      0x804 c:/devkitPro/libctru/lib\libctru.a(default_font.bin.o)
                0x00120000                default_font_bin
                0x00120800                default_font_bin_size
                0x00120800                default_font_bin_end
 .rodata        0x00120804        0xc c:/devkitPro/libctru/lib\libctru.a(sdmc_dev.o)
 *(.roda)
 *(.rodata.*)
 .rodata.colorTable
                0x00120810       0x30 c:/devkitPro/libctru/lib\libctru.a(console.o)
 .rodata.con_write.str1.4
                0x00120840       0x52 c:/devkitPro/libctru/lib\libctru.a(console.o)
 *fill*         0x00120892        0x2 
 .rodata.dotab_stdout
                0x00120894       0x68 c:/devkitPro/libctru/lib\libctru.a(console.o)
 .rodata.str1.4
                0x001208fc       0x14 c:/devkitPro/libctru/lib\libctru.a(console.o)
 .rodata.CSWTCH.28
                0x00120910       0x14 c:/devkitPro/libctru/lib\libctru.a(gfx.o)
 .rodata.framebufferInfoSt
                0x00120924        0x8 c:/devkitPro/libctru/lib\libctru.a(gfx.o)
 .rodata.aptSendCommand.str1.4
                0x0012092c        0x6 c:/devkitPro/libctru/lib\libctru.a(apt.o)
 *fill*         0x00120932        0x2 
 .rodata.serviceNameTable.7459
                0x00120934        0xc c:/devkitPro/libctru/lib\libctru.a(apt.o)
 .rodata.str1.4
                0x00120940        0xe c:/devkitPro/libctru/lib\libctru.a(apt.o)
 *fill*         0x0012094e        0x2 
 .rodata.gspInit.str1.4
                0x00120950        0x9 c:/devkitPro/libctru/lib\libctru.a(gspgpu.o)
 *fill*         0x00120959        0x3 
 .rodata.srvInit.str1.4
                0x0012095c        0x5 c:/devkitPro/libctru/lib\libctru.a(srv.o)
 *fill*         0x00120961        0x3 
 .rodata.ptmSysmInit.str1.4
                0x00120964        0x9 c:/devkitPro/libctru/lib\libctru.a(ptmsysm.o)
 *fill*         0x0012096d        0x3 
 .rodata.error_table
                0x00120970       0x30 c:/devkitPro/libctru/lib\libctru.a(sdmc_dev.o)
 .rodata.sdmcExit.str1.4
                0x001209a0        0x6 c:/devkitPro/libctru/lib\libctru.a(sdmc_dev.o)
 *fill*         0x001209a6        0x2 
 .rodata.str1.4
                0x001209a8        0x5 c:/devkitPro/libctru/lib\libctru.a(sdmc_dev.o)
                                  0x9 (size before relaxing)
 *fill*         0x001209ad        0x3 
 .rodata.fsInit.str1.4
                0x001209b0        0x8 c:/devkitPro/libctru/lib\libctru.a(fs.o)
 .rodata.hidInit.str1.4
                0x001209b8       0x15 c:/devkitPro/libctru/lib\libctru.a(hid.o)
 *fill*         0x001209cd        0x3 
 .rodata.irrstInit.str1.4
                0x001209d0        0x7 c:/devkitPro/libctru/lib\libctru.a(irrst.o)
 *fill*         0x001209d7        0x1 
 .rodata.__ssvfscanf_r.str1.4
                0x001209d8        0x5 c:/devkitpro/devkitarm/bin/../lib/gcc/arm-none-eabi/6.3.0/../../../../arm-none-eabi/lib/armv6k/fpu\libg.a(lib_a-svfscanf.o)
 *fill*         0x001209dd        0x3 
 .rodata.basefix.8441
                0x001209e0       0x22 c:/devkitpro/devkitarm/bin/../lib/gcc/arm-none-eabi/6.3.0/../../../../arm-none-eabi/lib/armv6k/fpu\libg.a(lib_a-svfscanf.o)
 *fill*         0x00120a02        0x2 
 .rodata._vfprintf_r.str1.4
                0x00120a04       0x42 c:/devkitpro/devkitarm/bin/../lib/gcc/arm-none-eabi/6.3.0/../../../../arm-none-eabi/lib/armv6k/fpu\libg.a(lib_a-vfprintf.o)
 *fill*         0x00120a46        0x2 
 .rodata.blanks.8415
                0x00120a48       0x10 c:/devkitpro/devkitarm/bin/../lib/gcc/arm-none-eabi/6.3.0/../../../../arm-none-eabi/lib/armv6k/fpu\libg.a(lib_a-vfprintf.o)
 .rodata.zeroes.8416
                0x00120a58       0x10 c:/devkitpro/devkitarm/bin/../lib/gcc/arm-none-eabi/6.3.0/../../../../arm-none-eabi/lib/armv6k/fpu\libg.a(lib_a-vfprintf.o)
 .rodata._dtoa_r.str1.4
                0x00120a68       0x10 c:/devkitpro/devkitarm/bin/../lib/gcc/arm-none-eabi/6.3.0/../../../../arm-none-eabi/lib/armv6k/fpu\libg.a(lib_a-dtoa.o)
                                 0x12 (size before relaxing)
 .rodata._jp2uc.str1.4
                0x00120a78       0x12 c:/devkitpro/devkitarm/bin/../lib/gcc/arm-none-eabi/6.3.0/../../../../arm-none-eabi/lib/armv6k/fpu\libg.a(lib_a-jp2uc.o)
 *fill*         0x00120a8a        0x2 
 .rodata.a1     0x00120a8c       0xbc c:/devkitpro/devkitarm/bin/../lib/gcc/arm-none-eabi/6.3.0/../../../../arm-none-eabi/lib/armv6k/fpu\libg.a(lib_a-jp2uc.o)
 .rodata.a2     0x00120b48       0xbc c:/devkitpro/devkitarm/bin/../lib/gcc/arm-none-eabi/6.3.0/../../../../arm-none-eabi/lib/armv6k/fpu\libg.a(lib_a-jp2uc.o)
 .rodata.a3     0x00120c04       0x5b c:/devkitpro/devkitarm/bin/../lib/gcc/arm-none-eabi/6.3.0/../../../../arm-none-eabi/lib/armv6k/fpu\libg.a(lib_a-jp2uc.o)
 *fill*         0x00120c5f        0x1 
 .rodata.a6     0x00120c60       0x70 c:/devkitpro/devkitarm/bin/../lib/gcc/arm-none-eabi/6.3.0/../../../../arm-none-eabi/lib/armv6k/fpu\libg.a(lib_a-jp2uc.o)
 .rodata.a7     0x00120cd0       0xa2 c:/devkitpro/devkitarm/bin/../lib/gcc/arm-none-eabi/6.3.0/../../../../arm-none-eabi/lib/armv6k/fpu\libg.a(lib_a-jp2uc.o)
 *fill*         0x00120d72        0x2 
 .rodata.a8     0x00120d74       0x40 c:/devkitpro/devkitarm/bin/../lib/gcc/arm-none-eabi/6.3.0/../../../../arm-none-eabi/lib/armv6k/fpu\libg.a(lib_a-jp2uc.o)
 .rodata.b02cf  0x00120db4     0x172a c:/devkitpro/devkitarm/bin/../lib/gcc/arm-none-eabi/6.3.0/../../../../arm-none-eabi/lib/armv6k/fpu\libg.a(lib_a-jp2uc.o)
 *fill*         0x001224de        0x2 
 .rodata.d02f4  0x001224e0     0x1a7c c:/devkitpro/devkitarm/bin/../lib/gcc/arm-none-eabi/6.3.0/../../../../arm-none-eabi/lib/armv6k/fpu\libg.a(lib_a-jp2uc.o)
 .rodata.str1.4
                0x00123f5c       0x48 c:/devkitpro/devkitarm/bin/../lib/gcc/arm-none-eabi/6.3.0/../../../../arm-none-eabi/lib/armv6k/fpu\libg.a(lib_a-locale.o)
                                 0x4c (size before relaxing)
 .rodata._mbrtowc_r.str1.4
                0x00123fa4        0x1 c:/devkitpro/devkitarm/bin/../lib/gcc/arm-none-eabi/6.3.0/../../../../arm-none-eabi/lib/armv6k/fpu\libg.a(lib_a-mbrtowc.o)
 *fill*         0x00123fa4        0x4 
 .rodata.__mprec_bigtens
                0x00123fa8       0x28 c:/devkitpro/devkitarm/bin/../lib/gcc/arm-none-eabi/6.3.0/../../../../arm-none-eabi/lib/armv6k/fpu\libg.a(lib_a-mprec.o)
                0x00123fa8                __mprec_bigtens
 .rodata.__mprec_tens
                0x00123fd0       0xc8 c:/devkitpro/devkitarm/bin/../lib/gcc/arm-none-eabi/6.3.0/../../../../arm-none-eabi/lib/armv6k/fpu\libg.a(lib_a-mprec.o)
                0x00123fd0                __mprec_tens
 .rodata.p05.7191
                0x00124098        0xc c:/devkitpro/devkitarm/bin/../lib/gcc/arm-none-eabi/6.3.0/../../../../arm-none-eabi/lib/armv6k/fpu\libg.a(lib_a-mprec.o)
 .rodata._strtod_l.str1.4
                0x001240a4        0xf c:/devkitpro/devkitarm/bin/../lib/gcc/arm-none-eabi/6.3.0/../../../../arm-none-eabi/lib/armv6k/fpu\libg.a(lib_a-strtod.o)
 *fill*         0x001240b3        0x1 
 .rodata.fpi.7277
                0x001240b4       0x14 c:/devkitpro/devkitarm/bin/../lib/gcc/arm-none-eabi/6.3.0/../../../../arm-none-eabi/lib/armv6k/fpu\libg.a(lib_a-strtod.o)
 .rodata.fpinan.7313
                0x001240c8       0x14 c:/devkitpro/devkitarm/bin/../lib/gcc/arm-none-eabi/6.3.0/../../../../arm-none-eabi/lib/armv6k/fpu\libg.a(lib_a-strtod.o)
 *fill*         0x001240dc        0x4 
 .rodata.tinytens
                0x001240e0       0x28 c:/devkitpro/devkitarm/bin/../lib/gcc/arm-none-eabi/6.3.0/../../../../arm-none-eabi/lib/armv6k/fpu\libg.a(lib_a-strtod.o)
 .rodata.__action_table
                0x00124108       0x6c c:/devkitpro/devkitarm/bin/../lib/gcc/arm-none-eabi/6.3.0/../../../../arm-none-eabi/lib/armv6k/fpu\libg.a(lib_a-svfiprintf.o)
                0x00124108                __action_table
 .rodata.__chclass
                0x00124174      0x100 c:/devkitpro/devkitarm/bin/../lib/gcc/arm-none-eabi/6.3.0/../../../../arm-none-eabi/lib/armv6k/fpu\libg.a(lib_a-svfiprintf.o)
                0x00124174                __chclass
 .rodata.__state_table
                0x00124274       0x6c c:/devkitpro/devkitarm/bin/../lib/gcc/arm-none-eabi/6.3.0/../../../../arm-none-eabi/lib/armv6k/fpu\libg.a(lib_a-svfiprintf.o)
                0x00124274                __state_table
 .rodata._svfprintf_r.str1.4
                0x001242e0       0x42 c:/devkitpro/devkitarm/bin/../lib/gcc/arm-none-eabi/6.3.0/../../../../arm-none-eabi/lib/armv6k/fpu\libg.a(lib_a-svfprintf.o)
 .rodata.blanks.8400
                0x001242e0       0x10 c:/devkitpro/devkitarm/bin/../lib/gcc/arm-none-eabi/6.3.0/../../../../arm-none-eabi/lib/armv6k/fpu\libg.a(lib_a-svfprintf.o)
 .rodata.zeroes.8401
                0x001242f0       0x10 c:/devkitpro/devkitarm/bin/../lib/gcc/arm-none-eabi/6.3.0/../../../../arm-none-eabi/lib/armv6k/fpu\libg.a(lib_a-svfprintf.o)
 .rodata._ctype_
                0x00124300      0x101 c:/devkitpro/devkitarm/bin/../lib/gcc/arm-none-eabi/6.3.0/../../../../arm-none-eabi/lib/armv6k/fpu\libg.a(lib_a-ctype_.o)
                0x00124300                _ctype_
 *fill*         0x00124401        0x3 
 .rodata.__hexdig
                0x00124404      0x100 c:/devkitpro/devkitarm/bin/../lib/gcc/arm-none-eabi/6.3.0/../../../../arm-none-eabi/lib/armv6k/fpu\libg.a(lib_a-gdtoa-gethex.o)
                0x00124404                __hexdig
 .rodata.AddDevice.str1.4
                0x00124504        0x8 c:/devkitpro/devkitarm/bin/../lib/gcc/arm-none-eabi/6.3.0/../../../../arm-none-eabi/lib/armv6k/fpu\libsysbase.a(iosupport.o)
 .rodata.dotab_stdnull
                0x0012450c       0x68 c:/devkitpro/devkitarm/bin/../lib/gcc/arm-none-eabi/6.3.0/../../../../arm-none-eabi/lib/armv6k/fpu\libsysbase.a(iosupport.o)
                0x0012450c                dotab_stdnull
 .rodata.DIRECTORY_PARENT
                0x00124574        0x3 c:/devkitpro/devkitarm/bin/../lib/gcc/arm-none-eabi/6.3.0/../../../../arm-none-eabi/lib/armv6k/fpu\libsysbase.a(chdir.o)
                0x00124574                DIRECTORY_PARENT
 *all.rodata*(*)
 *(.gnu.linkonce.r*)
                0x00124578                . = ALIGN (0x4)
 *fill*         0x00124577        0x1 

.eh_frame       0x00124578        0x0
 .eh_frame      0x00124578        0x0 c:/devkitpro/devkitarm/bin/../lib/gcc/arm-none-eabi/6.3.0/armv6k/fpu/crtbegin.o

.rel.dyn        0x00124578        0x0
 .rel.iplt      0x00124578        0x0 c:/devkitpro/devkitarm/bin/../lib/gcc/arm-none-eabi/6.3.0/../../../../arm-none-eabi/lib/armv6k/fpu/3dsx_crt0.o

.ARM.extab
 *(.ARM.extab* .gnu.linkonce.armextab.*)
                0x00124578                __exidx_start = .

ARM.exidx
 *(.ARM.exidx* .gnu.linkonce.armexidx.*)
                0x00124578                __exidx_end = .

.data           0x00125000     0x2f5c
 *(.data)
 .data          0x00125000        0xe main.o
 *fill*         0x0012500e        0x2 
 .data          0x00125010        0x4 c:/devkitPro/libctru/lib\libctru.a(stack_adjust.o)
                0x00125010                __stacksize__
 *(.data.*)
 .data.currentConsole
                0x00125014        0x4 c:/devkitPro/libctru/lib\libctru.a(console.o)
                0x00125014                currentConsole
 .data.defaultConsole
                0x00125018       0x4c c:/devkitPro/libctru/lib\libctru.a(console.o)
                0x00125018                defaultConsole
 .data.firstConsoleInit.7767
                0x00125064        0x1 c:/devkitPro/libctru/lib\libctru.a(console.o)
 .data.botFormat
                0x00125065        0x1 c:/devkitPro/libctru/lib\libctru.a(gfx.o)
 *fill*         0x00125066        0x2 
 .data.doubleBuf
                0x00125068        0x8 c:/devkitPro/libctru/lib\libctru.a(gfx.o)
 .data.topFormat
                0x00125070        0x1 c:/devkitPro/libctru/lib\libctru.a(gfx.o)
 *fill*         0x00125071        0x3 
 .data.aptFlags
                0x00125074        0x4 c:/devkitPro/libctru/lib\libctru.a(apt.o)
 .data.gspLastEvent
                0x00125078        0x4 c:/devkitPro/libctru/lib\libctru.a(gspgpu.o)
 .data.__ctru_linear_heap_size
                0x0012507c        0x4 c:/devkitPro/libctru/lib\libctru.a(allocateHeaps.o)
                0x0012507c                __ctru_linear_heap_size
 .data.__cwd    0x00125080      0x401 c:/devkitPro/libctru/lib\libctru.a(sdmc_dev.o)
 *fill*         0x00125481        0x3 
 .data.sdmc_devoptab
                0x00125484       0x68 c:/devkitPro/libctru/lib\libctru.a(sdmc_dev.o)
 .data._impure_ptr
                0x001254ec        0x4 c:/devkitpro/devkitarm/bin/../lib/gcc/arm-none-eabi/6.3.0/../../../../arm-none-eabi/lib/armv6k/fpu\libg.a(lib_a-impure.o)
                0x001254ec                _impure_ptr
 .data.impure_data
                0x001254f0      0x460 c:/devkitpro/devkitarm/bin/../lib/gcc/arm-none-eabi/6.3.0/../../../../arm-none-eabi/lib/armv6k/fpu\libg.a(lib_a-impure.o)
 .data.__malloc_av_
                0x00125950      0x408 c:/devkitpro/devkitarm/bin/../lib/gcc/arm-none-eabi/6.3.0/../../../../arm-none-eabi/lib/armv6k/fpu\libg.a(lib_a-mallocr.o)
                0x00125950                __malloc_av_
 .data.__malloc_sbrk_base
                0x00125d58        0x4 c:/devkitpro/devkitarm/bin/../lib/gcc/arm-none-eabi/6.3.0/../../../../arm-none-eabi/lib/armv6k/fpu\libg.a(lib_a-mallocr.o)
                0x00125d58                __malloc_sbrk_base
 .data.__malloc_trim_threshold
                0x00125d5c        0x4 c:/devkitpro/devkitarm/bin/../lib/gcc/arm-none-eabi/6.3.0/../../../../arm-none-eabi/lib/armv6k/fpu\libg.a(lib_a-mallocr.o)
                0x00125d5c                __malloc_trim_threshold
 .data.__malloc_lock_object
                0x00125d60        0xc c:/devkitpro/devkitarm/bin/../lib/gcc/arm-none-eabi/6.3.0/../../../../arm-none-eabi/lib/armv6k/fpu\libg.a(lib_a-mlock.o)
 .data.__sfp_lock
                0x00125d6c        0xc c:/devkitpro/devkitarm/bin/../lib/gcc/arm-none-eabi/6.3.0/../../../../arm-none-eabi/lib/armv6k/fpu\libg.a(lib_a-findfp.o)
 .data.__sinit_lock
                0x00125d78        0xc c:/devkitpro/devkitarm/bin/../lib/gcc/arm-none-eabi/6.3.0/../../../../arm-none-eabi/lib/armv6k/fpu\libg.a(lib_a-findfp.o)
 .data.__global_locale
                0x00125d84      0x16c c:/devkitpro/devkitarm/bin/../lib/gcc/arm-none-eabi/6.3.0/../../../../arm-none-eabi/lib/armv6k/fpu\libg.a(lib_a-locale.o)
                0x00125d84                __global_locale
 .data.defaultDevice
                0x00125ef0        0x4 c:/devkitpro/devkitarm/bin/../lib/gcc/arm-none-eabi/6.3.0/../../../../arm-none-eabi/lib/armv6k/fpu\libsysbase.a(iosupport.o)
 .data.devoptab_list
                0x00125ef4       0x40 c:/devkitpro/devkitarm/bin/../lib/gcc/arm-none-eabi/6.3.0/../../../../arm-none-eabi/lib/armv6k/fpu\libsysbase.a(iosupport.o)
                0x00125ef4                devoptab_list
 .data._current_working_directory
                0x00125f34     0x1000 c:/devkitpro/devkitarm/bin/../lib/gcc/arm-none-eabi/6.3.0/../../../../arm-none-eabi/lib/armv6k/fpu\libsysbase.a(chdir.o)
 .data.__hndl_lock
                0x00126f34        0x4 c:/devkitpro/devkitarm/bin/../lib/gcc/arm-none-eabi/6.3.0/../../../../arm-none-eabi/lib/armv6k/fpu\libsysbase.a(handle_manager.o)
 .data.__stderr_handle
                0x00126f38        0xc c:/devkitpro/devkitarm/bin/../lib/gcc/arm-none-eabi/6.3.0/../../../../arm-none-eabi/lib/armv6k/fpu\libsysbase.a(handle_manager.o)
 .data.__stdin_handle
                0x00126f44        0xc c:/devkitpro/devkitarm/bin/../lib/gcc/arm-none-eabi/6.3.0/../../../../arm-none-eabi/lib/armv6k/fpu\libsysbase.a(handle_manager.o)
 .data.__stdout_handle
                0x00126f50        0xc c:/devkitpro/devkitarm/bin/../lib/gcc/arm-none-eabi/6.3.0/../../../../arm-none-eabi/lib/armv6k/fpu\libsysbase.a(handle_manager.o)
 .data.handles  0x00126f5c     0x1000 c:/devkitpro/devkitarm/bin/../lib/gcc/arm-none-eabi/6.3.0/../../../../arm-none-eabi/lib/armv6k/fpu\libsysbase.a(handle_manager.o)
 *(.gnu.linkonce.d*)
                0x00127f5c                . = ALIGN (0x4)

.igot.plt       0x00127f5c        0x0
 .igot.plt      0x00127f5c        0x0 c:/devkitpro/devkitarm/bin/../lib/gcc/arm-none-eabi/6.3.0/../../../../arm-none-eabi/lib/armv6k/fpu/3dsx_crt0.o

.jcr            0x00127f5c        0x0
 .jcr           0x00127f5c        0x0 c:/devkitpro/devkitarm/bin/../lib/gcc/arm-none-eabi/6.3.0/armv6k/fpu/crtbegin.o

.tm_clone_table
                0x00127f5c        0x0
 .tm_clone_table
                0x00127f5c        0x0 c:/devkitpro/devkitarm/bin/../lib/gcc/arm-none-eabi/6.3.0/armv6k/fpu/crtbegin.o
 .tm_clone_table
                0x00127f5c        0x0 c:/devkitpro/devkitarm/bin/../lib/gcc/arm-none-eabi/6.3.0/armv6k/fpu/crtend.o
                0x00127f5c                __TMC_END__

.tdata          0x00127f5c        0x0
                0x00127f5c                __tdata_lma = .
 *(.tdata)
 *(.tdata.*)
 *(.gnu.linkonce.td.*)
                0x00127f5c                . = ALIGN (0x4)
                0x00127f5c                __tdata_lma_end = .

.tbss           0x00127f5c     0x140c
 *(.tbss)
 *(.tbss.*)
 .tbss.__fixedpath
                0x00127f5c      0x401 c:/devkitPro/libctru/lib\libctru.a(sdmc_dev.o)
 *fill*         0x0012835d        0x3 
 .tbss.__utf16path
                0x00128360      0x802 c:/devkitPro/libctru/lib\libctru.a(sdmc_dev.o)
 *fill*         0x00128b62        0x2 
 .tbss.__utf16path_old.7945
                0x00128b64      0x802 c:/devkitPro/libctru/lib\libctru.a(sdmc_dev.o)
 *(.gnu.linkonce.tb.*)
 *(.tcommon)
                0x00129368                . = ALIGN (0x4)
 *fill*         0x00129366        0x2 

.preinit_array  0x00127f5c        0x0
                0x00127f5c                PROVIDE (__preinit_array_start, .)
 *(.preinit_array)
                0x00127f5c                PROVIDE (__preinit_array_end, .)

.init_array     0x00127f5c        0x4
                0x00127f5c                PROVIDE (__init_array_start, .)
 *(SORT(.init_array.*))
 *(.init_array)
 .init_array    0x00127f5c        0x4 c:/devkitpro/devkitarm/bin/../lib/gcc/arm-none-eabi/6.3.0/armv6k/fpu/crtbegin.o
                0x00127f60                PROVIDE (__init_array_end, .)

.fini_array     0x00127f60        0x4
                0x00127f60                PROVIDE (__fini_array_start, .)
 *(.fini_array)
 .fini_array    0x00127f60        0x4 c:/devkitpro/devkitarm/bin/../lib/gcc/arm-none-eabi/6.3.0/armv6k/fpu/crtbegin.o
 *(SORT(.fini_array.*))
                0x00127f64                PROVIDE (__fini_array_end, .)

.ctors
 *crtbegin.o(.ctors)
 *(EXCLUDE_FILE(*crtend.o) .ctors)
 *(SORT(.ctors.*))
 *(.ctors)

.dtors
 *crtbegin.o(.dtors)
 *(EXCLUDE_FILE(*crtend.o) .dtors)
 *(SORT(.dtors.*))
 *(.dtors)
                0x00127f64                __bss_start__ = .

.bss            0x00127f64     0x37b4
 *(.dynbss)
 *(.bss)
 .bss           0x00127f64        0x8 c:/devkitPro/libctru/lib\libctru.a(stack_adjust.o)
 *(.bss.*)
 .bss.completed.7620
                0x00127f6c        0x1 c:/devkitpro/devkitarm/bin/../lib/gcc/arm-none-eabi/6.3.0/armv6k/fpu/crtbegin.o
 *fill*         0x00127f6d        0x3 
 .bss.object.7625
                0x00127f70       0x18 c:/devkitpro/devkitarm/bin/../lib/gcc/arm-none-eabi/6.3.0/armv6k/fpu/crtbegin.o
 .bss.currentBuffer
                0x00127f88        0x2 c:/devkitPro/libctru/lib\libctru.a(gfx.o)
 .bss.enable3d  0x00127f8a        0x1 c:/devkitPro/libctru/lib\libctru.a(gfx.o)
 *fill*         0x00127f8b        0x1 
 .bss.screenAlloc
                0x00127f8c        0x4 c:/devkitPro/libctru/lib\libctru.a(gfx.o)
 .bss.screenFree
                0x00127f90        0x4 c:/devkitPro/libctru/lib\libctru.a(gfx.o)
 .bss.aptChainloadMediatype
                0x00127f94        0x1 c:/devkitPro/libctru/lib\libctru.a(apt.o)
 *fill*         0x00127f95        0x3 
 .bss.aptChainloadTid
                0x00127f98        0x8 c:/devkitPro/libctru/lib\libctru.a(apt.o)
 .bss.aptEventHandlerThread
                0x00127fa0        0x4 c:/devkitPro/libctru/lib\libctru.a(apt.o)
 .bss.aptEvents
                0x00127fa4        0xc c:/devkitPro/libctru/lib\libctru.a(apt.o)
 .bss.aptFirstHook
                0x00127fb0        0xc c:/devkitPro/libctru/lib\libctru.a(apt.o)
 .bss.aptHomeButtonState
                0x00127fbc        0x1 c:/devkitPro/libctru/lib\libctru.a(apt.o)
 *fill*         0x00127fbd        0x3 
 .bss.aptLockHandle
                0x00127fc0        0x4 c:/devkitPro/libctru/lib\libctru.a(apt.o)
 .bss.aptMessageFunc
                0x00127fc4        0x4 c:/devkitPro/libctru/lib\libctru.a(apt.o)
 .bss.aptMessageFuncData
                0x00127fc8        0x4 c:/devkitPro/libctru/lib\libctru.a(apt.o)
 .bss.aptParameters
                0x00127fcc     0x1000 c:/devkitPro/libctru/lib\libctru.a(apt.o)
 .bss.aptRefCount
                0x00128fcc        0x4 c:/devkitPro/libctru/lib\libctru.a(apt.o)
 .bss.aptSleepEvent
                0x00128fd0        0x8 c:/devkitPro/libctru/lib\libctru.a(apt.o)
 .bss.flagInit.7819
                0x00128fd8        0x1 c:/devkitPro/libctru/lib\libctru.a(apt.o)
 .bss.flagValue.7820
                0x00128fd9        0x1 c:/devkitPro/libctru/lib\libctru.a(apt.o)
 *fill*         0x00128fda        0x2 
 .bss.serviceName.7458
                0x00128fdc        0x4 c:/devkitPro/libctru/lib\libctru.a(apt.o)
 .bss.gspEvent  0x00128fe0        0x4 c:/devkitPro/libctru/lib\libctru.a(gspgpu.o)
 .bss.gspEventCb
                0x00128fe4       0x1c c:/devkitPro/libctru/lib\libctru.a(gspgpu.o)
 .bss.gspEventCbData
                0x00129000       0x1c c:/devkitPro/libctru/lib\libctru.a(gspgpu.o)
 .bss.gspEventCbOneShot
                0x0012901c        0x7 c:/devkitPro/libctru/lib\libctru.a(gspgpu.o)
 *fill*         0x00129023        0x1 
 .bss.gspEventCounts
                0x00129024       0x1c c:/devkitPro/libctru/lib\libctru.a(gspgpu.o)
 .bss.gspEventData
                0x00129040        0x4 c:/devkitPro/libctru/lib\libctru.a(gspgpu.o)
 .bss.gspEventThread
                0x00129044        0x4 c:/devkitPro/libctru/lib\libctru.a(gspgpu.o)
 .bss.gspEvents
                0x00129048       0x38 c:/devkitPro/libctru/lib\libctru.a(gspgpu.o)
 .bss.gspRefCount
                0x00129080        0x4 c:/devkitPro/libctru/lib\libctru.a(gspgpu.o)
 .bss.gspRunEvents
                0x00129084        0x1 c:/devkitPro/libctru/lib\libctru.a(gspgpu.o)
 *fill*         0x00129085        0x3 
 .bss._ZL11sLinearPool
                0x00129088        0x8 c:/devkitPro/libctru/lib\libctru.a(linear.o)
 .bss._ZL8sAddrMap
                0x00129090        0xc c:/devkitPro/libctru/lib\libctru.a(linear.o)
 .bss._ZL13sMappablePool
                0x0012909c        0x8 c:/devkitPro/libctru/lib\libctru.a(mappable.o)
 .bss._ZL8sAddrMap
                0x001290a4        0xc c:/devkitPro/libctru/lib\libctru.a(mappable.o)
 .bss._ZL8sAddrMap
                0x001290b0        0xc c:/devkitPro/libctru/lib\libctru.a(vram.o)
 .bss._ZL9sVramPool
                0x001290bc        0x8 c:/devkitPro/libctru/lib\libctru.a(vram.o)
 .bss.__ctru_speedup
                0x001290c4        0x1 c:/devkitPro/libctru/lib\libctru.a(os.o)
                0x001290c4                __ctru_speedup
 *fill*         0x001290c5        0x3 
 .bss.srvHandle
                0x001290c8        0x4 c:/devkitPro/libctru/lib\libctru.a(srv.o)
 .bss.srvRefCount
                0x001290cc        0x4 c:/devkitPro/libctru/lib\libctru.a(srv.o)
 .bss.arbiter   0x001290d0        0x4 c:/devkitPro/libctru/lib\libctru.a(synchronization.o)
 .bss.ptmSysmHandle
                0x001290d4        0x4 c:/devkitPro/libctru/lib\libctru.a(ptmsysm.o)
 .bss.ptmSysmRefCount
                0x001290d8        0x4 c:/devkitPro/libctru/lib\libctru.a(ptmsysm.o)
 .bss.__ctru_heap_size
                0x001290dc        0x4 c:/devkitPro/libctru/lib\libctru.a(allocateHeaps.o)
                0x001290dc                __ctru_heap_size
 .bss.sdmcArchive
                0x001290e0        0x8 c:/devkitPro/libctru/lib\libctru.a(sdmc_dev.o)
 .bss.sdmcInitialised
                0x001290e8        0x1 c:/devkitPro/libctru/lib\libctru.a(sdmc_dev.o)
 *fill*         0x001290e9        0x7 
 .bss.fsExemptArchives
                0x001290f0       0x80 c:/devkitPro/libctru/lib\libctru.a(fs.o)
 .bss.fsuHandle
                0x00129170        0x4 c:/devkitPro/libctru/lib\libctru.a(fs.o)
 .bss.fsuRefCount
                0x00129174        0x4 c:/devkitPro/libctru/lib\libctru.a(fs.o)
 .bss.hidRefCount
                0x00129178        0x4 c:/devkitPro/libctru/lib\libctru.a(hid.o)
 .bss.kDown     0x0012917c        0x4 c:/devkitPro/libctru/lib\libctru.a(hid.o)
 .bss.kHeld     0x00129180        0x4 c:/devkitPro/libctru/lib\libctru.a(hid.o)
 .bss.kOld      0x00129184        0x4 c:/devkitPro/libctru/lib\libctru.a(hid.o)
 .bss.kUp       0x00129188        0x4 c:/devkitPro/libctru/lib\libctru.a(hid.o)
 .bss.irrstRefCount
                0x0012918c        0x4 c:/devkitPro/libctru/lib\libctru.a(irrst.o)
 .bss.kHeld     0x00129190        0x4 c:/devkitPro/libctru/lib\libctru.a(irrst.o)
 .bss.__malloc_current_mallinfo
                0x00129194       0x28 c:/devkitpro/devkitarm/bin/../lib/gcc/arm-none-eabi/6.3.0/../../../../arm-none-eabi/lib/armv6k/fpu\libg.a(lib_a-mallocr.o)
                0x00129194                __malloc_current_mallinfo
 .bss.__malloc_max_sbrked_mem
                0x001291bc        0x4 c:/devkitpro/devkitarm/bin/../lib/gcc/arm-none-eabi/6.3.0/../../../../arm-none-eabi/lib/armv6k/fpu\libg.a(lib_a-mallocr.o)
                0x001291bc                __malloc_max_sbrked_mem
 .bss.__malloc_max_total_mem